    er‰st‰
    er‰‰n

H

    heid‰n
    heid‰t
    hein‰
    heiss‰
    heit‰
    h‰neen
    h‰neksi
    h‰nelle
    h‰nell‰
    h‰nelt‰
    h‰nen‰
    h‰ness‰
    h‰nest‰
    h‰net
    h‰nt‰

I

    itsekseen

J

    johon
    johonkin
    johonkuhun
    joiden
    joidenkin
    joidenkuiden
    joihin
    joihinkin
    joihinkuihin
    joiksi
    joiksikin
    joiksikuiksi
    joilla
    joillain
    joillakin
    joillakuilla
    joille
    joillekin
    joillekuille
    joilta
    joiltain
    joiltakin
    joiltakuilta
    joina
    joinain
    joinakin
    joinakuina
    joissa
    joissain
    joissakin
    joissakuissa
    joista
    joistain
    joistakin
    joistakuista
    joita
    joitain
    joitakin
    joitakuita
    joittakin
    joitten
    joittenkin
    joittenkuitten
    joksi
    joksikin
    joksikuksi
    jolla
    jollain
    jollakin
    jollakulla
    jolle
    jollekin
    jollekulle
    jolta
    joltain
    joltakin
    joltakulta
    jona
    jonain
    jonakin
    jonakuna
    jonka
    jonkin
    jonkun
    jossa
    jossain
    jossakin
    jossakussa
    josta
    jostain
    jostakin
    jostakusta
    jota
    jotain
    jotakin
    jotakuta
    jotka
    jotkin
    jotkut

K

    kaikeksi
    kaikella
    kaikelle
    kaikelta
    kaiken
    kaikessa
    kaikesta
    kaiket
    kaikiksi
    kaikilla
    kaikille
    kaikilta
    kaikin
    kaikissa
    kaikista
    kaikkea
    kaikkeen
    kaikkein
    kaikkena
    kaikkia
    kaikkien
    kaikkiin
    kaikkina
    kaikkine
    kehen
    keiden
    keihin
    keiksi
    keille
    keill‰
    keilt‰
    kein‰
    keiss‰
    keist‰
    keitten
    keit‰
    kelle
    kell‰
    kelt‰
    keneen
    keneksi
    kenelle
    kenell‰
    kenelt‰
    kenen
    kenen‰
    keness‰
    kenest‰
    kenet
    ketk‰
    ket‰
    kuhun
    kuiden
    kuihin
    kuiksi
    kuilla
    kuille
    kuilta
    kuina
    kuissa
    kuista
    kuita
    kuitten
    kuksi
    kulla
    kulle
    kullekin
    kulta
    kummin
    kuna
    kunka
    kussa
    kusta
    kuta
    kutka

M

    meid‰n
    meid‰t
    meiss‰
    meit‰
    mihin
    mihink‰‰n
    miksi
    miksik‰‰n
    mille
    millek‰‰n
    mill‰
    mill‰‰n
    milt‰
    milt‰‰n
    mink‰
    mink‰‰n
    minua
    minuksi
    minulla
    minulle
    minulta
    minun
    minuna
    minussa
    minusta
    minut
    minuun
    min‰


    min‰‰n
    miss‰
    miss‰‰n
    mist‰
    mist‰‰n
    mitk‰
    mitk‰‰n
    mit‰
    mit‰‰n
    moneen
    moneksi
    monella
    monelle
    monelta
    monen
    monena
    monessa
    monesta
    monet
    monia
    monien
    moniin
    moniksi
    monilla
    monille
    monilta
    monin
    monina
    monine
    monissa
    monista
    monna
    monta
    muista
    muita
    musta
    muun
    muut
    muuta
    muutamia

N

    niiden
    niihin
    niille
    niill‰
    niilt‰
    niin
    niitten
    niit‰
    noiden
    noihin
    noilla
    noille
    noilta
    noin
    noita
    noitten
    n‰iden
    n‰ihin
    n‰ille
    n‰ill‰
    n‰ilt‰
    n‰in
    n‰itten
    n‰it‰

S

    samassa
    sen
    siihen
    siint‰
    siin‰
    siit‰
    siksi
    sille
    sill‰
    silt‰
    sinua
    sinuksi
    sinulla
    sinulle
    sinulta
    sinuna
    sinussa
    sinusta
    sinut
    sinuun
    sin‰
    sit‰
    siut

T

    teid‰n
    Teid‰n
    teid‰t
    Teid‰t
    teiss‰
    teitt‰
    teit‰
    toiseksi
    toiset
    toisiaan
    toisiamme
    toista
    toistamme
    ton
    tuohon
    tuolla
    tuolle
    tuolta
    tuon
    tuossa
    tuota
    t‰h‰n
    t‰ksi
    t‰lle
    t‰ll‰
    t‰lt‰
    t‰m‰n
    t‰n
    t‰n‰
    t‰ss‰
    t‰st‰
    t‰t‰

U

    useat
    usein
    useita
