itsesillesokkaa
allesumaa
itsesiamisaa
itsesilleettaa
itsesittuulosba
itsesitkartsba
itsitkartsba
itsidrusba
itsesiviitasrevda
itsesiviissergga
itseenutsidha
itsarekha
itsaanha
itseenha
allaatha
itsaatha
nimmeia
itsesilleehia
itsamotteehia
akia
nimmesiakia
naaniokia
ania
naatsaonia
tunia
itsaakkitsia
itsesillitsia
navia
naallaja
itsesillaja
assiskuteja
assioja
niattioja
itsesimeetaka
itsesiamakka
itsesiviitka
niakkala
naallala
sala
itsala
netsutala
niakkela
anapmela
itsesiavutnela
itsavutnela
netsutela
allaahla
ellaahla
atlaahla
itsesiahla
ila
anapmila
itsesiutila
itsesilleekla
naaukla
naajukla
nuukla
alla
ella
itsesirogella
niakkella
naalliola
neelliola
itsiittla
iskula
naallula
itsavatsula
asniiravla
itsesiamittamma
naallomma
neellomma
itsesigolana
itsesitsikrana
itsesimotana
itsesimeena
itsarakna
itsaekna
itsaakkoisna
itsaailetna
itsasiotna
itsesittaapa
itsaepa
itsara
itsesikra
itsaailemra
itsesillomra
itsamottamaavra
itsavelevra
itsavattulevra
itsesilleskutiovra
itsaakkovra
itsaveletsovra
atsamesa
itsesilleetnesa
itsesillaisa
itsavetnutnaisa
itsamottaisa
itsesitteeksa
niattietsa
ikua
itsesiviitatirotkua
itsiilua
itsesioknirua
itsesittaamotua
itsesiraatirotua
itsesiräätirotua
itsavattua
itsesillaautua
itsaautua
itsemiova
itsaailuva
itsilaanab
itsesiamiraabrab
itsesiraabrab
itsesigoloib
itsirrasib
itsesittaarkomed
itsesinomed
itsesitsinimreted
itsesilaatigid
itsesittaamgod
itsitnanimod
itsakrod
itsesittaamard
itsesitsard
neellede
ällede
ätlede
ässede
ätsede
itsesilleskytside
itsavatsude
itsesittee
itsesitsioge
itsesillodhe
itsamottodhe
itsäehe
itsäjhe
äkhe
nimmohe
nelie
itsesigoloke
itsesimonoke
itsitkaske
itsesittooske
itsesittiisilpske
itsesilaaitnenopske
itsesinortkele
itsesillemile
itsasiole
noole
assole
itsamottole
itsesillemiäle
itsesilleskymäle
ätläväle
itsäväle
itsesilaanoitome
itsesittaapme
itsesiriipme
nämmene
itsävenene
itsesigrene
neeskämmine
näätnine
netine
nookkanne
atlokanne
naallanne
neellanne
atlanne
nimmenne
nenne
näätsenne
itsesilleskytänne
itsesiämsytänne
iskisne
ätlämmisne
nisne
itsesiajisisne
itsesilleetne
neellesitne
näällesitne
näätsesitne
naatseduutne
ääne
ättämeliäpe
itsäveliäpe
itsävättyliäpe
itsesimonogre
itsesilleehre
itsesiokire
neeskire
neellire
näällire
itsesiamonire
itsesiarupire
netotire
niättire
itsesiytire
itsesittoore
assore
itsamottamattore
niise
ellise
ällise
itsesitteetse
neete
niknete
itsävete
itsesigolomyte
itsesiäte
ellääte
ällääte
ätlääte
iskämmääte
sämmääte
änäpmääte
ääpmääte
itsesitsimefue
itsesitkaf
itsikslaf
itsesittaanaf
itsesitsatnaf
itsilaataf
itsuskif
sinif
itsesittaamgelf
itsilaamrof
itsesilaatnemadnuf
itsesilaakisyf
itsesigoloisyf
itsesisyyf
itsesinaavlag
itsesitteeneg
itsesitteedoeg
itsilaabolg
naallaraah
avaah
itsaekiah
itsesillatiah
allajah
naallajah
ellajah
iklah
itsesillonnillah
atsullah
asnihioitlah
naassioitlah
itsaakkulah
itsavatnevlah
itsamappah
itsemappah
naallarah
neellarah
naahrah
naallirah
itsamottamestikrah
itsutikrah
itsaatrah
naavrah
naatleskavrah
nimmevrah
niovrah
itsussah
itsaratah
itsaksuah
itsesillonniavah
itsavattiavah
itsesillämledeh
itsokieh
elliettieh
älliettieh
itsesitkeh
itsäeleh
itsirakkleh
itsälleh
neoravälleh
itsopleh
itseenuttopleh
itsitevleh
itsavesiameh
itsäepmeh
itsävekneh
itsesikneh
itsesioppeh
elliereh
älliereh
itsäereh
ättämäekreh
itsesillukreh
itsäkreh
itsesitteemreh
itseenutsomreh
itsesiaksarreh
itsesiattreh
iteh
netimmiteh
itsesillekteh
niättikteh
älliveh
niveh
nameih
itsoneih
itseenutsoneih
itsävipiih
aajlih
itsesiajlih
neeskajlih
neellajlih
najlih
niattajlih
itsämöttillih
itsytillih
itsäeplih
itsäemmih
itsaakkomih
itsäevrih
itsävättivrih
itsaatih
itsotih
itsaakkodhoh
itsamottitloh
itsaekiuh
itsesiaveletnekiuh
itsaveletnekiuh
itsavaamiuh
itsamiuh
assakuh
naakkuh
niiskukuh
assiskukuh
itsulluh
itsesitsiromuh
itsesiajanuh
itsesiavithelouh
itsesillelouh
naassilouh
itsamottamaamouh
itsesiavaamouh
assamouh
itsavattamouh
annemouh
itsonouh
itsasiapuh
itsuspuh
itsajruh
itsavaamruh
itsaaksruh
neeskivuh
itsesiluardyh
itsesineeigyh
itsesireetsyh
itsesilleevyh
näällivyh
nivyh
itsävättyskävyh
itsesillydöyh
itsämöttydöyh
itsävääkköyh
itsyjiäh
itsävättyläh
näällimäh
itsärämäh
itsesilläepäh
itsiksräh
itsesiätäh
itsääileväh
itsällöh
itsömlöh
itsörepöh
näällöröh
itsilevöh
itsilyöh
nekiaknai
itsesikkiaknai
itsesittnedi
itsesiamittooidi
itsesillydi
itsaveliahi
itsavatliahi
itsanahi
itsesilleetnahi
itsavattutsahi
itsesilleemhi
itseemhi
näässiemhi
itsävätletemhi
itsesiämsimhi
itsisii
äniki
itsesiuki
änäki
itseenytsyväki
itsävättytsyväki
nääki
itsävättejli
itsäekli
itsesirukikli
naallisokli
allammelli
iskesiamli
namli
itsavamli
itsääkkiemli
itsesiemli
imli
itsesiämöimli
itsesioli
allesatli
itsälemi
itsesittiisilpmi
itsesillimihni
itsavattohni
otingokni
naassionni
itsaakkonni
itseenutsonni
itsesiviisnetni
itsimiitni
itsesiviitiutni
itsesinori
naallarri
neellarri
itsesilaanoitarri
itsaatsri
itri
itsaakkovri
itsäveksi
itsosi
naallautsi
neellautsi
naatlautsi
naallivutsi
itsesilläsi
itsarati
itsääkkesti
neeskesti
itsesiänesti
itsesiatnipesti
itsesiäpesti
näätsesti
itsesiatlavesti
itsesillavi
itäi
nalaj
allieklaj
itsavuktaj
oj
niknohoj
ennoj
nikennoj
apoj
suksoj
niassoj
nikassoj
nikatsoj
netoj
niknetoj
itsaehuoj
itsavatsuoj
netuoj
itsasiutuoj
itsesillalhuj
itsavalhuj
itsaekluj
ikluj
itsesikluj
itsamluj
itsutemluj
niimuj
assimuj
assaruttnuj
itsaehouj
itsavehouj
itsaveskouj
itsaakkinouj
assiskuvouj
itsesidiruj
itsoruj
iruuj
itsäekhyj
itsävekyj
itsählyj
itsäkryj
itsäemhäj
niäkkejläj
ellejläj
ällejläj
ässejläj
neelläj
itsäremäj
itsitpmäj
itsittmäj
itsäkämäj
itsävättinnäj
itsännäj
itsäksnäj
itsävetnäj
itsäeräj
itsesillejräj
itsesillämletsejräj
itsävekräj
nääikräj
itsävättykräj
itsähyäj
itsäkyäj
itsävätääj
itsaemaak
itsaveraak
itsesiamavaak
niiskodak
assiskodak
nisierahak
itsedhak
aithak
itsasiohiak
itekiak
allaikkiak
ellaikkiak
atlaikkiak
itsavukiak
itsoniak
itsesiatrekniskak
naallellak
naallisieraslak
itsaeslak
niotlak
itsavattommak
itsesiamanak
itsaeknak
itsesittooak
itsaepak
niattielappak
itsaehrak
itsaekrak
ällietukrak
nuukrak
itsaemrak
itsaasrak
itsiksrak
assurak
itsurak
itsaavrak
niakkovsak
netsutovsak
itsalatak
itsesirogetak
assietak
iktak
itsesianoktak
iskauak
nauak
sauak
iskammeuak
sammeuak
aapmeuak
anapmeuak
itsaehuak
naassiuhuak
aakuak
anakuak
netsutaluak
itsiinuak
itsonhek
itsavattuhek
itsääileskek
itsujlek
näällisietlek
itsesillovlek
naallonek
noonek
assonek
itsäepek
itsilupek
arek
allarek
itsäekrek
itsaanrek
allarrek
narrek
niorrek
niattiskorrek
naakaatrek
itsesieksek
älleksek
neksek
itsävätsek
itsysek
itsesiäsek
itsärettek
itsäevek
itseyvek
itsesiävek
nisiävek
itsavotheik
itsesilleleik
itsäveleik
itsesietleik
itsoreik
itsesietreik
iik
itsäekhiik
itsasiokhiik
inniik
itsavatsonniik
itsäetniik
itsasiotniik
itsesilleeriik
itseeriik
itsesieriik
itsävättetiik
itsaaviik
näällillik
itsakamik
itsäemik
itsasiommik
nuuppmik
assupmik
atsupmik
itsakapik
itsärepik
itsäepik
itsäerik
itsesillemiajrik
itsesillajrik
itsavajrik
estiejrik
itsaakkrik
itsäeprik
itsamottaktik
itsärektik
itsaastik
itsaailutik
itsesiukkuik
itsesillasuik
itsavik
itsärevik
itsaailuvik
itsesissalk
itsaakkidok
allohok
athok
naathok
itsaakkolathok
itsaailethok
ithok
itsesilluuthok
itsamottuuthok
itseenekok
okok
nookok
itsaelok
itsoklok
itsemlok
itsesiatreknimlok
itsaemok
itsesiamenok
itsesitteerknok
naasnok
itsaakkitsnok
naallatnok
neellatnok
naallitnok
allook
ellook
itsesimook
nimmook
assook
itsaepok
itsavappok
itsaerok
itsesilleetsirok
itsaekrok
naallimmiekrok
naatniekrok
itsesietsorok
itsitkerrok
itsaeksrok
itsamotturok
naaksok
itlosok
itsaetsok
aitok
niitok
aotok
itsesiotok
anotok
nuukkuok
assukuok
aavok
itsavok
itsesittiirk
akniuk
niknetiuk
itsaviuk
niiviuk
naatliviuk
itsesilleejuk
naallarukkuk
naalliorukkuk
itsaakkimluk
itsaemuk
itsesillammuk
itsammuk
naassimmuk
naallomuk
noomuk
assomuk
itsesillaakninuk
ennuk
itsaakkainnuk
itsesillainnuk
itsavattetioinnuk
itsavattioinnuk
allonnuk
itsesillonnuk
assonnuk
nootnuk
itsavattelouk
iskaailouk
anaailouk
naalliruk
itsajruk
itsesirosruk
assuk
atsuk
netuk
ituk
niimeluuk
itsesiailuuk
itsavatluuk
itsavuluuk
itsamuuk
itsesiemuuk
itsesillonnaavuk
näällejlyk
iskillyk
nillyk
ällyk
näällimlyk
näätlimlyk
itsämlyk
itsäspyk
esyk
itsävysyk
näällisykkyyk
itsesinyyk
itsäehäk
itsääkkejräk
itsävekräk
itsääkkräk
itsämöttämisräk
itsesillävisräk
itsäsiytträk
iskisäk
äkknykisäk
ällisäk
nisäk
itsesilleettisäk
itsävetäk
aaklajämyäk
itsesillönnätyäk
itsesietnääk
itsölepmök
itsähyök
itsaakkudaal
itlajaal
itsajaal
itsiliibal
itsaakkajhal
allial
itsesillial
nial
naaknial
itsaksial
itsamottial
attamaakkal
itsesinokal
itsesiamsammal
naalleeppal
itsaakkespal
itsesillespal
niattiesal
itsaettal
nisiatnaual
itsaekhual
itsavalual
niattiomual
itsaaipual
itsaeval
itsesillikiel
näällikiel
itsikiel
itsäsikkiel
itsääkkemmel
itsäepmel
itsaakkonnel
itsäeppel
itsasioppel
itsuspel
naallaprel
itsäektel
itsoduel
itsakhuel
itsavakuel
itsäevel
itsesillovel
itsamottovel
neellävel
itsilaarebil
itsaakkaheil
itsäveil
iskaiil
naiil
aakiil
elleekkiil
älleekkiil
ässeekkiil
itsavukkiil
itsavattukiil
nioiil
niäkkekil
ellekil
ällekil
ätlekil
nimmekil
iskämmekil
sämmekil
ikil
iskämmikil
sämmikil
änäpmikil
ääpmikil
itsaakkajnil
itsävepil
iskäsil
itsaakkuil
itsavatsiol
itsaailetsiol
allotiol
ellotiol
atlotiol
itsaviol
itsesilaajol
itsilaajol
itsasiokol
niakkamol
assamol
atsamol
netsutamol
niattimol
itsesigool
nuuppol
naalliupol
naallupol
itsesillupol
atlupol
assupol
itsuhiul
aajul
itsajul
nookkul
assokul
atsokul
itsasiukul
itsiknul
oul
anoul
itsaakkinnoul
itsesillonnoul
itsesiatnoul
itsavetnoul
atoul
itsävätnöytnaatoul
itsavattetoul
itsesilleskumattoul
itsavoul
itsavaapul
itsaakkaspul
itsesiamsujrul
itsavatluul
itsamottavul
itseyhyl
itsääkkitsyl
nyyttyl
ässytyl
itsesiryyl
itsesiehäl
niäkkehäl
ellehäl
ällehäl
ätlehäl
iskämmehäl
sämmehäl
sehäl
nooklutsehäl
ätlivyttehäl
iskämmihäl
sämmihäl
nihäl
itsämipmäl
itsesiöpmäl
ipäl
itsaveknutipäl
änsäl
itsörepöl
itsähyöl
itsäsyöl
itsesigaam
itsesiamsialaam
itsesilleskualaam
nisiatnanaam
etaam
itsaakkidham
itsesillodham
itsavatham
itsesitnopitham
itsaakkieniam
itsavattiniam
itsaeriam
assiam
atsiam
estiam
itsaekam
alluukam
elluukam
itsaakkillam
itsesillitlam
itsamottamattlam
itsesiamireenam
itsesiamrennam
itsesilaaunam
itseenutnesam
itsesitsikosam
itsesiviissam
itsaveletam
itsaakkuam
itsävehem
itsaakkuhem
itsesinaakem
itsesiloknalem
nieklem
itsesioklem
itsasiulem
ällienem
näällienem
itsääkkeskytsenem
itsesilleskytsenem
ässennem
estirem
itsesillikrem
itsävestikrem
itsävättikrem
itsesilliratsem
itsesirofatem
itsaktem
niättiertem
itsodeim
itsääkkeheim
itsäveheim
itsesilluuheim
neeleim
itsääkkeleim
näälleleim
itsesiotniikneleim
ätseleim
itsäveleim
neeskileim
iskileim
itsaakkeskutivukileim
itsävättylleim
nimmiuleim
itsasiuleim
itsesiuleim
netiuleim
nimmuuleim
itsuuleim
itsesiämseim
itsääiletteim
nihim
itsesippooksorkim
iskim
niollim
naakniollim
ietlim
ennim
ätsim
netim
nääknetim
ätim
itsinredom
itsavattitiom
itsesiloupnimmelom
itsenom
itsesinotonom
itsesilaatnemunom
itsesilaarom
orom
itsesiamakkuom
itsaekhum
itsaekium
nionium
naakum
itsavaapmetasnaakum
anakum
itsavakum
itsavatsillum
itsaakkidoum
itsesillodoum
itsavaahrum
itsesilleehrum
itsavaaksrum
itsesillikiisum
itsesilaakisum
itsaakkiktum
allauum
ellauum
atlauum
niotuum
itsäsiyksrym
itsesitsym
nimmehöym
ässähöym
näähöym
itsesietnöym
itsävytnöym
itsävätnöym
söym
nääksöym
itsesiätöym
naavrakätöym
nääviäpätöym
naakusätöym
itsäveliärääm
itsesillärääm
itsäväärääm
nääknöm
itsitfan
itsiviian
assisimian
itsesillesian
itsesiamsian
itsesitsisran
itsavesan
itsavatteruan
itsesillonnituan
itsavattituan
itsakavan
itsesiviitagen
itsäjlen
niäkkänen
itsääkkänen
netsytänen
itsaakkoren
itsilaartuen
itsaakkovuen
itsäekhin
niin
niättimin
itsosrin
itlakuin
itsakuin
nion
allajon
naallajon
niakkakon
netsutakon
niakkikon
netsutikon
itsavakkon
itsalekkon
itsolon
itsaepon
naaspon
itsaspon
itsilaamron
itsesiglatson
itsaekton
itsaviun
itsaakkeroun
nirun
itsesiruknirun
itsajrun
itsakuun
nääykyn
itsäeryn
itsäepryn
tyn
nimmettyn
nettyn
itsesiänneän
itsäväthän
niän
niimekän
niivykän
ellivykän
ässivykän
älläsökän
itsäräppän
itsäkäspän
itsäspän
itsäkäpän
itsitän
ällityän
elliettyän
älliettyän
itsäryön
itsesiviitkejbo
attamattodo
itsamottamattodo
alleho
asseho
atseho
iho
itsävenemiho
nennemiho
itsesillamlejho
allaekio
ellaekio
itsaekio
niekio
itsesilleduekio
itsamotteduekio
itsutetuekio
ätääpokio
itsaakkukio
itsesillukio
sitio
itsesillavio
itsesiannelo
itsavattetelo
naaknello
itsesimiotamo
naallimo
itsesiekatnimo
itsesiutimo
itsesillamlegno
itsaakkenno
itseenutsinno
itsotno
itsesiavattepo
itsavattepo
itseenippo
itsesitsimitpo
itsesiamilekkaaro
itsesillajro
itsesiamajro
iskaso
niso
niattiso
itsavuso
itsavattuskato
itsesilloto
itsoduo
itsalevo
itsesilleehap
ikhap
naalliohap
niohap
itseskuhap
itsesillakiap
nelletiokiap
niattiokiap
itsavaniap
itsaakkoniap
istiap
nookap
allasokap
itsuskap
itlojlap
nojlap
niattiolap
itsesilaaskodarap
atarap
nimmerap
itsesidorap
itsesiviissap
itsesitteetap
itsäemhep
itsaakkajiep
näätsäklep
itsaakkolep
itsavattolep
itsesiamakkinep
itsesiamsasnep
itsäesnep
itseeletnep
itsesiamutnep
itsanahrep
niättiehrep
iskirep
ellirep
ällirep
näätlämmirep
itsesiännirep
itsesiajhopnirep
itsesilleetnirep
itsesietnirep
nisiatnajrep
itseelekrep
itsesillanoosrep
itsesilleetsurep
itsamotteetsurep
itsamottamattuurep
niäkkärep
ätsärep
niättärep
itsesiättärep
netsytärep
näärep
itsamottamatnanäärep
itsesitsimissep
itsesillotep
niokkaip
naip
itsesiävyttädip
itsävyttädip
itsääkkikiip
itsesillaniip
itsamottamaattiip
itsesiakip
nimmekip
netimmikip
nesiukkip
itsesiamukkip
allalip
ellalip
itsesillaklip
naalliolip
itsäemip
itsesillannip
itsesillurip
itsurip
itsääiletsip
niättiktip
itsäktip
itsävättytsäktip
itsesieteväktip
nääktip
itsakuip
itsesiamakiop
niattikiop
itsavaekkiop
itsesilleskuekkiop
ikkiop
nioletikkiop
siop
assiop
itsesimeelop
itsesittiilop
itsaakkennop
itsavetnop
itsesilliravrop
itsesiviitisop
estitsop
itsaemarp
neellukirp
itsiraamirp
itsesiviitakovorp
itsesirotakovorp
itsesigolokysp
itsesikkyysp
alliehup
estimilehup
ikhup
itsaathup
itsavesiup
naallollup
neellollup
itsakslup
iskiloup
itsesilleeuloup
itsaverup
itsesitsirup
naallisioresup
itsaakkahuup
niattiksuup
itsesiattiksuup
itsesilleettuup
nisiähyp
itsähyp
naallisiamajyp
ässytsyp
nyytsyp
itsäeröyp
elläröyp
älläröyp
ässiskydhiäp
näässiäp
niättiäp
nisiviäp
niättiviäp
naakiasäviäp
nähääp
ellääp
ällääp
ätlääp
ässääp
ätsääp
itsesiävättääp
itsävättääp
itsämöttääp
itsäekhyöp
itsilaakidar
itsavaalfar
itsesillahar
itsesianhiar
itsaakkaliar
itsusiar
itsiittiar
itsasioviar
naassioviar
itsaakkoviar
itsesillajar
itsamottajar
itsutetiojar
itsujar
itsavattetsakar
allietnekar
ellietnekar
naallesokar
itsaknar
naalloar
neelloar
itsesitsisar
itsavattisar
itsaaksar
itsesilaanoitar
itsavesiaktar
iktar
niastar
itsasiottar
itsesillahuar
itsaekuar
itsesiamakkuar
itsakavar
itsesitsilaer
itsesilleher
itsäveher
itsaakkavher
itsulier
itsaappier
itsakamer
itsäespmer
itsonner
itsävesiäper
itsäeter
itsaakkaheir
itsasiumeir
itsaakkumeir
itsaatteir
itsavesiapiir
attamuppiir
itsamottamuppiir
assiskupiir
itsesiatiir
itsasiottiir
itsävättiir
itsutaviir
itsaakkir
ikkir
itsesillokir
niakkannir
allannir
nannir
netsutannir
itsäepir
niäkkitsir
itsesiäkkitsir
itsesilliratir
itsaksuir
itsakavir
itsaekhor
itsamior
itsesiamotsior
itsesiamsudhamor
itsesittnamor
itsiksnor
itsesiosor
itsesillaanithur
itsamur
itsesillonur
itsaasnur
itsesiaminiitur
itsaktur
itsotur
itsesilliimuur
itsääkkidhyr
itsääkkimtyr
itsäekiär
itsävyksiär
itsesiämsydhäjär
itsäemär
itsäkämär
itsäkävär
itsäemör
itsäekhyör
itsilekaas
itsirukaas
itsiramaas
itsanataas
allivataas
itsesitsidas
itsadias
itsesiollaarias
itsaarias
aalas
itsesialas
itsesiäkhymalas
assalas
aakhivalas
itsesiakhivalas
itsavillas
allamas
assamas
niomas
itsirepmas
negnas
itsesilliraknas
itsavattonas
itsaakkepas
niattiojras
itsesitsakras
niissas
atlamuttas
nisiomuttas
itsavuttas
itsesiannutas
sees
naallaasies
neellaasies
naatlaasies
naakes
itsavakes
itsääkkiskes
itsesilaauskes
itsiraadnukes
itsäekles
ellivles
ällivles
itsävles
näälläles
itsesiämätes
itsavaarues
assiskodis
itsävättedeis
attameliakeis
älleis
ätleis
itsaakkuleis
itsäveis
nehiis
siis
itsitsiis
ätiis
itsoviis
itsamottoviis
naatliojis
itsesiamakis
itsäekis
iskis
itsäelis
neellis
niollis
itsileppmis
itsesinaatlumis
itsinaatlumis
ennis
itsääkkinnis
itsesillerasis
sämmesis
itsaakkusis
elläsis
älläsis
ätläsis
ässäsis
ätsäsis
nääsis
netis
itsaaktis
itsäektis
nimmettis
nettis
itsesilleevis
itsäevis
itseenytsivis
alluvis
nennemuvis
atsuvis
nuuvis
itsesitpeks
itsesitsibons
itsaakkinnios
itsaakkunnios
itsaekos
itsesiraadilos
naaneklos
itsamos
apoos
itsamottamipos
itsavipos
itsasiupos
itsaeros
itsesilaaisos
itsasiatos
itsesiatos
ellisatos
itsesillaalitos
itsesiuktos
itsesitsinivos
itsesiannivos
itsesillonnivos
itsavelettivos
itsinaatnops
itsiliirets
itsesiviitkejbus
itsesilleethus
itsavujus
itsalekkus
itsavalus
itsesiolus
itsaakkolus
itsolus
attameliemus
assakitumammus
itsesiattimmus
nisiatnunnus
itsesialamous
niattisialamous
itsaepous
naarous
itsasiutous
itsaeppus
itsaekrus
itsesillurus
itsesilluus
itsamottannuus
neellinnuus
naatlinnuus
itsesillamletinnuus
itsamottamelettinnuus
itsesiatnuus
itseruus
itsamottamestiavus
itsesiavestiavus
itsavestiavus
itsineerevus
itsesilluvus
itsesillemädys
niäkkilys
niskytilys
netsytilys
itsesilobmys
itsesirtemmys
itsesittaapmys
itsäknys
itsesillinnys
itsesitnys
näälläjrys
ässäjrys
ätsäjrys
nääjrys
itsesillävys
itsävys
näävys
itsesiökhäs
itsäkähäs
neellitnäs
itsesillitnäs
itsääkkimräs
niättietäs
itsesiättietäs
itsesiyväs
itsäesyäs
itsesillydääs
itsesillönnääs
itsääiletsääs
itsesiävätsääs
itsöpös
aat
naajaat
itsajaat
itsesilleskumutnaat
itsutaat
naallahat
itsesillahat
asnahat
itsamottahat
itsaakkidhat
itsamottidhat
itsaemhat
iat
itsaakkodiat
niiskonniat
assiskonniat
atsiskonniat
itsasiupiat
itsavatiat
itsesilleetiat
netiat
itsesillirutiat
itsesiamirutiat
itsesillaaviat
aakat
anakat
aikat
allellat
itsesilleduolat
neetlat
nisivlat
itsakanat
itsesiamattnat
itsesiamrutapat
itsesilloippat
allojrat
neellakrat
itsakrat
itsesiavaakkrat
itsavaakkrat
niokrat
itsesilleskutiokrat
itsaakkomrat
iskeeprat
neeprat
itsamotteeprat
itsesiasat
atlasat
nasat
attamaokuat
itsesillavat
itsesilleettiovat
itsesilaartaet
itsesiänneet
itsesiamsadhet
itsaakkohet
ällieket
itsesippookselet
itsesilloet
itsesitteeroet
itsakahret
itsaakkahret
itsesilleevret
itseevret
näässeit
itsesilleeteit
nikneteit
itsesioteit
itsyteit
itsäväteit
itsäehit
nääehit
nisiatsiit
itsiiviit
itsavalit
niattiopit
neellamsit
alledot
itsaakkemiot
itsaailemiot
allaasiot
neesimatsiot
etsiot
itsaakkieviot
itsavattoviot
okkot
itsamottuklot
itsaremot
ennot
itsakapot
itsavujrot
nisiatsrot
itsesiamokkisot
naassisot
itsesitot
itsesiavelettot
itsaakkuhuot
itsesillirevot
itsesigaart
itsesilaanoitidart
itsääkkidnert
itsilaaivirt
itsennahut
itsamhut
itsasiohut
itsamottohut
itsesiurhut
itsaekiut
itsamiut
itsalakut
itsavekut
itsesiokkut
niattiukut
itsesilut
itsaakkeskolut
itsesilleskolut
itsavelettegnut
itsavelieknut
itsutennut
itsaakkonnut
itsesillonnut
itsesilleetnut
itsaakkietnut
itsavutnut
nohout
allout
atlout
ennout
ammennout
iskammennout
anapmennout
naatleerout
itseerout
assout
atsout
itsavattout
itsaailettout
itsasiottout
itsalput
naahrut
itsesiamahrut
itsesilloimrut
itsesillavrut
assiskovrut
niattionisut
itsasiaksut
itsesiaksut
itsesillaksut
itsaviktut
itsesillavattut
itsutut
itsävätnejhyt
itsämhyt
näänäkkyt
ökyt
äökyt
itsäplyt
itsylyt
itsäepmyt
itsärepyt
itsesiaminnaryt
itsesiämöttyt
itsävättydyyt
itsääkkilyyt
itsenyyt
itsesillipyyt
netyyt
itsäälöyt
nähät
neellät
niöllät
ennät
näänät
itsäräpät
itsäekrät
itsesillämsät
ässät
ätsät
itsesiämität
neelledyät
itsesilledyät
ännyät
ällisyät
nisyät
itsesiäletyät
älläät
ätläät
itsöreköt
näällisöppöt
itsäekröt
itsäekyöt
itsavaakhu
itsaekhu
itsaakkamhu
itsavutuarhu
neellisukupamiu
itsoju
itsaajlu
aoklu
itsesioklu
anoklu
allasoklu
ellasoklu
atlasoklu
solu
assemmu
neepmu
itsaailenu
itsesinu
itsaepu
niiskopu
atsiskopu
itsavatruuaaru
itsesinaabru
itsinaabru
itsaehru
itsesilloohru
itsaesu
netimmiesu
niesu
itsaailaksu
itsesilloksu
itsamottamoksu
itsavattoksu
itsaailetu
itsesitsipotu
neelleduu
naatseduu
itsarettuu
itsesillaraav
iraav
itsaailetaav
itsavitaav
itsesillognihav
itsavhav
niattiehiav
itsaekiav
itsavattukiav
alliav
elliav
itsesianilliav
niav
itsesiamotsiav
itsusiav
itsaailetiav
itiav
itsesianotiav
itsesiollaviav
aakhiviav
nioviav
itsesiavajav
itsaakav
itsavakav
naassivakav
itsavattuukav
itsesilleehlav
itsavattetilav
itsujlav
itsamottallav
itsavestillav
itsavattiollav
itsavatsimlav
allietsimlav
itsasiolav
itsaapplav
itsasiatlav
itsavatlav
allievlav
itsavathahnav
itsesilliohnav
itsaknav
itsaapav
itsaakkarav
ellarav
atlarav
niahrav
nimmehrav
allojrav
niakrav
itsamrav
iskiorav
itsamottamorav
itsesiavorav
itsavorav
naallisiaprav
allerrav
allammesav
netisav
atsav
naatsav
itsesiavattonaatsav
itsesialnavaatsav
itsavaatsav
niakkatsav
itsesiakkatsav
netsutatsav
itsesilleskutsav
itsesilluutsav
itsaakkidhuav
itsaaruav
itsäekiev
itsesiamakkitiev
ekev
skev
itsesillejlev
itsumlev
itsotlev
näätleskerev
itsasiakkrev
itsesiakkrev
narrev
niattarrev
estisev
itsäletev
itsävätev
itsäekheiv
itsokheiv
itsävättäheiv
itsaakkeiv
äleiv
itsoneiv
allisiareiv
assiareiv
neereiv
niäkkereiv
ellereiv
ätlereiv
ässereiv
ätsereiv
niättereiv
itsäveletteiv
itsäväteiv
itsesiahiv
itsesileimahiv
itsesiäilehiv
itsediiv
itsesilleethiiv
itsäsiythiiv
niattiokiiv
itsäeliiv
iskesiemiiv
näällisiemiiv
näätsiemiiv
iskemiiv
ättämypiiv
itsaasiiv
isiiv
itsotsiiv
itsääilestiiv
itsälekkiv
itlajliv
itsaakkliv
itsilliv
itsämöttipliv
itsasiopliv
itsesiammiv
itsutammiv
itsahniv
itsäekniv
assoniv
itsoniv
niattoniv
piv
itsesillariv
ellieriv
ällieriv
itsäeriv
itsesilleehriv
itsäekriv
niissiv
itsissiv
itsusiv
itsääkkistiv
itsesiamuttiv
naallarutiv
neellarutiv
itsaakkiethaviv
iov
itsaakkamiov
itsesillamiov
itsamottamiov
itsaakkotiov
itsesillotiov
itsasiottiov
iskouv
niattiorouv
naatsorouv
niattisouv
nämmehäv
näätnihäv
nelletihäv
nähäv
ässiskyjiäv
itsävytsiäv
ättämätsiäv
itsävekäv
itsesiänikäv
nisikäv
niiläv
itsesilliläv
älliläv
ätliläv
ässiläv
ätsiläv
itsämöttiläv
itsäjläv
ättämättläv
itsääkkiräv
ättämääjääv
nirääv
itsedhy
aakiathy
neethy
itsesiänethy
äthy
nääthy
ähy
itähy
niisky
itsesillölisky
itsesileimisky
itsesiatreknisky
itsesiloupisky
itsesiettilesisky
itsesiokkiotisky
itsesiamuutisky
itsesiytisky
äsneely
itsesiely
itsesillely
änäpmely
itsesilleestaknely
itsesittlapnely
itsämöttely
älläähly
ätläähly
ily
elly
älly
itsävättälly
itsesilleskytälly
itsäeply
ätly
itsäävly
söly
nisialasöly
näällämmy
itsävätterrämmy
itsesiäväträmmy
itsäväträmmy
iräpmy
äsniiräpmy
elliräpmy
älliräpmy
ätliräpmy
itsäesny
itsääilettiry
itsäemry
itsesillävätsy
itsääkkemity
neellisukupöy
itsesillidiä
itsäletiä
itsäekä
näätleskikä
itsesillikä
itsikä
attamaavraikkä
näätlesikkä
äikkä
itsyskä
itsesiäkä
itsesillylä
itsäerä
itsäkährä
itsäsiyträ
neksä
niätteksä
itsesiämöilää
neenää
itsääkkenää
itenää
itsämöttenää
ässerää
itsämötterää
nisiö
itsesiämiräkkyö
ää
aah
aaha
aahiij
aaj
aakat
aallarappieh
aallaratuksrep
aarruh
aenno
ah
ahuk
aj
ajulellah
akerueh
akhaj
akkiat
akkiav
akkiom
akko
aknetoj
aksoj
aksok
aksret
alla
alleho
alleloupala
alleloupäly
alleloupoklu
alleloupäsis
allerrav
alletaja
allotiol
anakat
anakia
anasorik
anataas
annaisooh
anoul
aolutevret
appieh
appret
apsoj
arko
arkuj
arukhip
arupmih
assaes
asseho
asserrav
assirap
assnak
assupmik
atleho
atleloupala
atleloupäly
atleloupoklu
atleloupäsis
atlotiol
atnemouh
atot
atoul
atout
atsaes
atseho
atseloup
atsemiot
atsodhoj
atsuanuis
atsupmik
attamuppiir
attoj
atton
attuak
attum
atuaknamuj
atualamuj
atuksrep
aupa
ööb
eej
eejappa
egros
ehe-ehe
elekrep
eleksrep
eleprek
ella
ellede
elleho
elleksek
elleloupala
elleloupäly
elleloupoklu
elleloupäsis
ellereiv
ellotiol
elly
emmelloj
epmuj
eskaat
eskoul
esrep
esret
est
estikiop
estily
estinen
estiväl
ettelloj
evret
fön
äh
hä
hää
ha
haa
hah
heh
häh
höh
hiia
histä
häälb
ho
hoo
hoork
houh
hpmh
hör
hsä
hyä
hyp
hyör
hyyp
ia
iat
iav
ie
ieh
iehe
ieh-ieh
ieksok
ielloj
iessoj
ihat
iihih
iiksup
ikkuast
ikkuodikkuo
ila
ilahuxaj
ile
ilekaas
ileveep
ilevhek
iläkim
innyyt
io
ioh
ioho
iom
iov
ipäl
irakkleh
irepmas
iros
iräpmy
iräpmy
iskeetna
iskouv
iskäsil
istiap
istih
istiv
isup
ithok
ithok
itiuharpmuj
itäkäj-itäkäj
itsa
itsesiakum
äitsiis
itsävyh
ittaksmih
ittaksrip
ittevleh
ittiik
ittukleh
ituharpmuj
iuh
iyh
äk-
äkes
kii
kääk
äkkile
KO
käy
köy
ökyt
äökyt
älle
ällede
älleksek
ällerää
ällereiv
älliläv
älliräpmy
ällis
äällälläl
ällääp
ällyk
looks
ääm
man
map
mmmh
naajis
naakes
naakiruuj
naakum
naathok
naatsav
naav
namli
narrev
näädhän
nedhän
nedhok
nedhät
neeho
neekläj
neereiv
neesimouh
neete
neethus
neithäl
neksek
nelloj
nemaa
nenialottih
nenikteh
nenne
nennemuvis
netoj
netrav
netsav
netuk
netuum
nähääp
nias
niimekän
niimeluuk
niin
niisimekän
niisimeluuk
niollim
niotsav
niäp
niäp
nirrumnirrä
niuk
nöökäle
änökyt
änny
nöpölnöpöh
näärep
nääsis
näätnes
nuk
nus
nuukrak
nuuppmik
ognib
oho
oimouh
okoj
om
on
oo
ookoo
oolah
ooporpa
oos
oossaj
opil
opmel
orom
osrom
otnesa
ottih
oul
ööp
peh
pej
piip
äpniin
rep
sak
sakajiep
sala
sappak
sapuuj
satsejnarreh
se
sej
sennuk
sies
siis
siiserp
sik
sikles
siksiol
sikslom
sippik
sispöh
sittat
situuh
skop
snejrom
soj
sotak
sotiik
sper
säpie
spieh
spuh
sram
ässede
ässennem
ässereiv
ässiläv
ässärep
stälp
stölp
stua
suh
sukkopsukkoh
sus
sutsirK
sydhevret
syh
ät
tajramnaksap
te
telloj
teskiivnassik
ätiö
tiarloo
titnoknitak
ätleksek
ätlereiv
ätlääp
ätne
tok
ätsede
ätsereiv
ätsiläv
ätsispöh
ätsääp
ätsärep
tööt
ätte
tum
tutiv
tuut
tävielloj
ätöym
ua
uah
uaim
uam
uast
uav
uk
ukkium
ukti
ukuj
uoj
uos
urip
uttavlah
uttiv
uub
uuhij
uuj
uukkuk
uum
uumma
uurtp
ääviäp
ävles
ävyh
