aaunnon  4
aikaan  5
aina  5
asunnon  146
edullisen  4
ensi  6
halvan  3
heti  66
hyvän  4
hyvää  3
hän  3
ilmaiseksi  3
ilman  4
joka  9
jäädä  3
kieltäytyä  5
kirjoittaa  3
klo  13
koko  8
kortteerin  8
käydä  15
laitti  3
lähempiä  3
lähettää  8
maila  3
markkaa  4
mennä  3
mitään  3
myös  5
myöskin  3
niin  5
niitä  4
nyt  7
näitä  3
ole  4
olisi  3
olla  18
ollut  4
onnettoman  4
oppilas  4
ostaja  4
ottaa  10
paa  3
paikan  145
palkan  14
panna  3
periä  25
pitempiaikaisen  3
puu  4
pysyväisen  7
pysäyttää  3
rauhallisesti  3
saa  3
sen  10
siistin  7
sopia  3
taa  3
tai  4
tehdä  6
televisioita  4
tietää  4
tilata  27
tulla  4
työt  3
työtä  28
tämän  3
täten  6
täysihoidon  3
vakinaisen  7
yhtenä  9
aaa  3
aaaa  96
aaaaa  6
aaai  5
asiapapereita  8
iaai  4
klo  4
sia  7
aaaa  5
aaaaa  11
bbbbb  7
kaikiaaa  3
kla  3
klo  4
perustettu  4
työväelle  3
bbbbbb  3
kalkkiin  3
pitoisuutensa  3
aaaam  3
aikaan  5
kerrassaan  4
nähdä  3
ostaa  3
selville  5
vanhat  3
aaman  3
ainoastaan  4
halvimmalla  6
hyviä  4
kaikissa  3
kaikista  5
noitaa  3
nostaa  8
ostaa  5
suuressa  3
suuresta  3
tilata  7
vieressä  11
aaaa  7
aaai  7
iaaa  3
iaai  5
korkoa  4
klo  3
avulla  3
tiist  5
klo  4
luona  3
kello  7
kello  5
oli  3
sekä  9
varhain  3
oli  5
asti  3
etta  3
että  3
heti  3
kaikitta  3
klo  3
minä  13
myös  5
myöskin  3
päin  3
sen  4
siellä  3
täten  7
työväelle  3
kirje  3
ayiomaa  4
kirje  17
laajan  4
laajan  12
joka  3
takailin  3
asunnon  15
edullisen  3
heti  15
kauttani  5
lehteä  3
meiltä  3
nyt  6
ostaa  3
paikan  23
pysyväisen  4
sopia  4
tilata  14
työtä  9
täysihoidon  3
koteihin  6
sinne  5
tänne  4
joka  5
lisalmeen  4
lisalmelle  3
päivittäin  4
takaisin  3
yöjunalla  3
maailmaan  3
klo  28
past  6
klo  5
kartanon  10
suorittamiseksi  3
joka  6
kaikissa  9
pienimpiinkin  5
kahden  3
kuljetuksiinne  3
melkein  7
olla  3
lehteä  11
asunnon  3
halulliset  3
heti  5
hyvää  3
kestää  6
kokouksessa  3
kysymykset  3
paikan  3
paikkoja  4
tyytyä  23
työtä  4
hyvät  7
teemme  3
aikaan  11
ailaan  3
aitaan  24
aitoon  3
enemmän  5
ensi  4
fitä  3
huomauttaa  4
hänet  5
itselleen  4
jotain  3
käyttää  3
lunastaa  3
mitään  5
myydä  3
nauttia  6
niin  9
niitä  10
nähbä  3
nähdä  3
olla  5
omistaa  4
ostaa  3
ottaa  4
perustaa  4
rahoja  4
runsaasti  3
sellainen  3
sitä  5
syntymään  4
takaisin  3
tieto  4
tietoa  9
tietää  10
toimeen  6
toimeenpanna  3
tähän  3
tämän  3
tänne  3
täyttä  3
uusi  3
ainoastaan  4
luulla  3
myös  4
niin  3
nähbä  3
oetaa  4
ostaa  10
ottaa  5
paljon  3
sairaan  5
tilata  6
toimeen  3
ostetuksi  4
for  5
sig  3
fra  3
mitään  4
tallettaja  3
tallettajan  39
etta  3
että  4
heti  5
myöskin  3
sen  3
takaus  3
työn  6
ajaja  3
lainaamaan  3
hakijoita  3
lausuntoa  3
selitys  3
selitystä  5
lausuntona  3
lausunnon  4
tiebot  4
liitto  13
lupaus  7
liiton  30
lupauksen  17
liittoa  8
liitto  7
lupaus  5
liittoon  6
liiton  11
lupauksen  11
liittoa  3
tallettajan  15
lun  3
mitään  3
tilata  5
aan  6
taan  4
aikaan  30
aina  3
ainakin  4
ainoastaan  3
aitaan  7
asia  3
asiansa  15
avustusta  3
edelleen  4
edes  4
ensi  7
heidän  3
heidät  4
hyvän  4
hänet  10
häntä  5
itselleen  4
joka  3
joko  5
jotakin  3
kaupungin  3
kokea  4
kokoon  3
kuulla  4
käyttää  3
lausua  4
lisää  4
mitään  5
muuttaa  3
nauttia  3
niin  5
nähdä  4
olla  5
ostaa  5
ottaa  6
paikan  4
pitää  4
selville  7
sen  7
sila  3
sinut  3
sitä  7
sulkeutua  4
tehdä  4
tietoja  3
tietää  10
toimeen  8
tuo  3
tutustua  3
tänne  3
uusi  5
varoistaan  6
yhä  3
aina  4
ainoastaan  5
erittäin  4
halvimmalla  10
halvimmasta  4
hra  6
ilmaiseksi  3
kaikissa  11
kaikista  3
klo  3
kuitenkin  3
kun  4
maamme  3
myös  3
myöskin  4
niin  3
niitä  3
ostaa  20
ovella  3
parhaiten  3
periä  3
pyynnöstä  4
sairaan  4
sekä  3
sitä  4
suuressa  5
suuresta  4
tilata  28
toimeen  3
tämän  3
valmiiksi  3
vapaasti  3
vielä  4
tilata  5
sen  3
tilaa  3
kuolema  3
kuoleman  3
kuolemasta  5
tuomiosta  5
kuolemaan  3
kuoleman  4
kuolemasta  7
synnistä  3
tuomiosta  3
kansakoululla  3
lähettiläs  3
kirkon  3
lain  3
yhtiön  3
korvassa  4
kivitalossa  11
aan  3
enempää  6
mitään  18
poikkeusta  4
sen  3
sitä  7
taan  8
tallettaja  5
tallettajan  101
talltttajan  4
vieressä  3
lausunnon  4
ainoastaan  4
sen  3
luin  4
mitään  4
semmoisia  3
ainoastaan  5
enemmän  4
ennen  6
eri  3
että  20
heiltä  5
heti  11
huolellisesti  4
huutajalta  4
hywälsyttäwät  3
kohta  3
lausuntoa  4
luotettama  4
luotettawat  7
mitä  3
myös  5
myöskin  5
niin  5
paljon  3
pätewä  4
sen  5
seuraamat  3
siihen  5
siis  6
siltä  4
sitä  5
säätyjen  4
takaus  3
talaus  6
todistus  4
työmiehille  3
työn  13
täydellinen  5
malsettawille  4
lunnille  3
häntä  4
myös  3
nyt  4
selitystä  3
lausunto  12
lausuntoa  9
selitys  5
säätyjen  6
hintaa  4
lausuntoa  4
selitystä  7
lausuntoja  3
lausunnoksi  3
alamaisen  5
lausunnon  13
määrän  3
selityksen  9
summan  6
lausunnossa  7
lausunnot  3
selitykset  3
niin  3
alde  3
halvalla  5
lastenvaatteita  5
hienoimmasta  4
ensiluokkaisuus  4
mukaan  6
riippuen  3
rahat  3
tiedot  4
maila  3
klo  3
huutokaupalla  24
avoinna  4
konttori  7
oikealta  3
näinä  11
pidetään  4
kehoitetaan  5
oleva  5
lähellä  4
vieressä  5
oikealta  9
vasemmalta  16
päässä  3
matkalla  4
aan  11
een  5
kaikista  3
kuuluvia  3
läänin  19
joka  4
ole  3
oli  4
ollut  6
omat  3
owat  5
rekisteriä  3
isäntänsä  3
joka  3
varasto  3
luo  3
päällä  3
aakuetu  3
aauambo  3
joje  3
mboka  4
ojendji  6
taa  3
aan  3
den  8
est  4
estä  9
joka  4
lot  3
oja  4
tion  4
tojen  4
via  3
joko  3
sen  4
tuoda  4
tuonnin  3
tuonti  10
kahvia  4
ttaj  4
sekä  4
alkeis  3
juna  5
kaupungin  8
kaupungissa  3
kirkossa  3
rata  6
seminaari  3
seminaarin  3
seminaarissa  3
seminaarista  3
salossa  6
von  6
aakuaevangeli  3
aasuomi  4
jamue  4
jotango  4
mboka  3
suussa  3
aai  3
hirmumyrsky  3
hän  7
iin  4
juuri  3
linan  3
lman  4
mlla  5
niin  4
osakseen  3
päivänaikaan  5
taa  3
teen  3
teitä  6
tulla  6
ulia  9
kuin  4
kuitenkin  3
miesten  3
oli  5
tavattavissa  5
toimitetaan  4
laaditaan  5
laatimista  5
laon  4
luona  6
ont  3
luon  4
luona  9
kaut  5
kautta  8
luona  8
luona  3
luon  3
luona  8
ajajia  3
läänin  5
alalle  3
kuuluvia  3
tehtäviä  4
kaikissa  3
kuuluvia  28
paikkaan  3
kartoitetut  5
tulee  8
tulevat  3
tant  3
tai  6
tai  17
lisalmen  5
sekä  9
setä  6
klo  3
oli  6
olisi  3
tulee  3
täten  5
kotiin  4
man  8
massa  6
kuvissa  3
oli  3
eniten  3
eri  3
lanssa  3
lehti  3
loppu  6
maat  4
mainion  3
maita  4
markkinoilla  3
parantajia  4
paras  3
seinäkartan  10
silmissä  3
suurin  13
ympäri  8
kilpailu  3
myyttä  3
saavuttaneet  3
jälkeen  4
ole  4
ollut  3
klo  3
peili  7
klo  4
klo  5
myös  6
klo  3
klo  10
kello  7
klo  9
oli  3
hän  3
klo  3
oli  5
iltaan  3
nuorisolle  3
täältä  5
kello  3
klo  3
maalari  3
yötä  4
yötä  3
oli  4
klo  3
klo  3
hän  3
oli  6
sekä  4
joka  3
jota  3
sunnuntaina  3
sunnuntaisin  3
tiistaina  4
kaikissa  7
kaikkialla  12
kalkin  3
oikeuksissa  3
muikk  8
tajattarien  6
luona  10
arkip  7
arkipäivinä  10
kello  6
klo  28
otetaan  5
vaataan  3
sijojen  16
tulee  3
arkipäivinä  4
lääkäri  5
klo  3
lääkäri  7
konttorissa  3
hiljaa  5
nukkui  11
rauhallisesti  13
vaipui  5
työkyvyttömyys  4
olla  3
monta  3
että  4
klo  3
jalkiaeita  3
kelloja  5
tant  4
tauteja  3
tiist  4
maksuista  3
vieläpä  11
sekä  5
tullut  3
merellä  7
tyytyä  4
että  3
kello  5
klo  8
oli  3
oli  3
meri  3
merta  3
merellä  12
merelle  6
meren  5
että  8
pahaa  3
pahaa  4
mitään  5
pahaa  3
siitä  9
siitä  13
siitä  5
siitä  3
aksi  5
akurssin  3
akurssit  3
alle  11
ana  6
oli  15
sanoi  3
sen  3
tai  3
liitto  3
nimet  4
sos  3
urheilumaailman  3
asiamies  4
konttori  5
kotiin  3
läänin  4
nimi  4
oli  3
mitassa  3
eiwät  3
ole  3
ovat  6
owat  5
uskonoppi  5
huomautetaan  3
pyydetään  11
pyydämme  3
kotiin  6
omat  3
muistutetaan  3
ojendji  3
kaikkina  7
son  3
ilkityö  4
teko  4
saa  3
täällä  3
täällä  3
täällä  3
täällä  26
alin  3
uusi  3
virka  15
tohtori  5
tietaa  5
virka  5
tarwittawia  7
aauambo  4
maata  4
aamupäivällä  3
arkipäirinä  3
arkipäivin  6
arkipäivinä  40
ilta  6
ioka  3
jeka  9
jok  8
joka  119
jokaisen  6
jota  3
kaikkina  7
kello  7
kio  6
kirkkoherran  3
klo  184
koko  3
loka  3
läpi  3
maanantain  4
maanantaina  13
sunnuntaina  13
virallisesti  4
asianosaisena  3
niin  3
olla  3
voi  3
klo  5
ereversaalej  11
soveliaasta  10
joka  3
kuin  3
ole  5
oli  14
ollut  4
owat  3
oli  5
järjestykseen  10
oppimaan  3
järjestelmä  3
järjestykseen  5
järjestyksessä  24
aineisto  42
asia  5
asiahakemisto  52
asiajärjestys  4
asialuettelo  112
asiarekisteri  5
että  17
hakemisto  372
haku  5
hakukirja  14
hakusanasto  3
hakuteos  91
henkilöluettelo  6
järjestelmä  3
järjestely  4
järjestys  10
jäsenluettelo  6
kiertokirjeiden  3
kortisto  12
korttiluettelo  4
käsikirja  15
lippuluettelo  3
luet  4
luetteleminen  6
luettelo  549
lääkärikirja  28
nimihakemisto  3
nimiluettelo  35
paikannimistö  3
palkittujen  27
pääluettelo  4
pääsanojen  5
registeri  9
rekisteri  90
sanaluettelo  16
sanasto  7
sekä  5
tai  7
tavaraluettelo  4
tavaraopin  3
tekijähakemisto  8
tekijäluettelo  9
teoksessa  8
tietohakemisto  10
tietokirja  18
tietosanakirja  4
tietoteos  11
jär  6
järjes  3
järjestykseen  400
järjestytseen  3
luetteloon  24
nimiluetteloon  4
osaan  3
rekisteriin  25
hakuteokseksi  3
luetteloksi  3
hakemistolla  8
luettelolla  12
nimiluettelolla  3
rekisterillä  6
asialuettelon  5
että  7
hakemiston  108
hakusanan  4
hakuteoksen  8
järjestyksen  36
jäsenluettelon  4
lippuhakemiston  5
luet  4
luettelo  3
luettelon  184
nimiluettelon  27
nimistön  7
perustuksen  3
rekisterin  15
sanaluettelon  24
sanaston  6
tavaraluettelon  3
tietoteoksen  7
jär  8
järjes  6
järjestjksessä  3
järjestyk  3
järjestyksessä  712
järjestyt  6
kylä  7
luettelossa  25
nimikirjassa  14
rekisterissä  4
jaksostansa  4
järjestyksestä  3
järjestämisestä  3
luettelosta  21
rekisteristä  7
hakusanoiksi  3
järjestetty  37
järjestettyinä  21
järjestettyjen  11
järjestettyjä  9
järjestettynä  47
järjestettyyn  6
järjestettyä  5
järjestetyissä  4
järjestetyn  8
järjestetystä  6
järjestetyt  11
kaikki  3
kirjoittajien  3
nimien  3
sekä  3
tai  5
tekijän  4
luettelot  17
rekisterit  5
luetteloja  3
rekistereitä  21
rekisteriä  3
tietoteoksia  5
rekistereistä  4
järjestystä  37
kirjoitusmuotoa  3
kyläjärjestystä  3
luetteloa  55
rekisteriä  60
tai  5
tietoteosta  42
hakusanain  20
hakusanojen  6
hakuteosten  3
hatusanain  5
tietokirjojen  6
kirjaimet  4
talossa  3
alkavat  8
antoi  3
eivät  9
eiwät  4
eli  13
ennen  3
että  7
europalaisen  4
hän  3
johtuisivat  3
kansalle  3
koulun  4
kuin  7
löytyy  6
niin  9
oikeassa  3
oikein  7
oli  5
olivat  5
omat  7
opetellaan  3
opetetaan  6
opettanut  4
opetti  8
opitaan  7
opittiin  4
opittuaan  6
oppi  4
oppilaille  5
oppineet  8
oppinut  14
ovat  44
owat  7
peräkkäin  3
pitäisi  3
päähän  5
päähänsä  4
päässään  3
romaanissa  6
saaneet  3
saanut  4
seksivalistusta  45
sekä  18
sellaisina  3
selvillä  4
sen  3
siinä  6
siitä  7
sisältyvät  3
siten  3
tai  4
tavailemaan  3
tulisi  14
tuntemaan  3
tunteva  4
tuttujen  4
tässä  3
ulkoa  3
yhteensä  3
yli  3
eli  5
italiankielellä  4
joista  3
joita  3
koskevia  3
kuin  3
käsittämän  4
lahjan  4
lapsille  7
lausumaan  4
minä  3
myöskin  3
myöten  4
naisille  6
niin  6
nuorille  6
ole  3
onkin  3
opetella  8
opetellaan  3
opetelleet  5
opetellen  5
opetellessa  9
opetellessani  4
opetellut  3
opetetaan  12
opetettaessa  8
opettaa  13
opettaessa  3
opettamaan  14
opettamassa  3
opettanut  3
opettelemaan  14
opettelemassa  16
opetteleva  4
opettelevalle  5
opettelevan  6
opettelevat  7
opetteli  3
opettelin  3
opettelitte  3
opettelivat  4
opetti  4
opittu  3
oppiessaan  3
oppimaan  34
oppimassa  26
oppineet  4
oppinut  4
osaa  3
pitemmälle  6
päähäni  3
päähänsä  3
raskauden  5
sekä  8
sen  3
siitä  11
silloin  3
siten  3
siv  4
tai  19
tamailemaan  3
tarjoaa  7
taululle  3
tavaamaan  3
tavaan  3
tavailemaan  4
tavaileva  3
tavaili  5
tavailla  3
tunne  8
tunneta  3
tuntemaan  8
tässä  3
usein  8
vaikka  4
vain  4
yhtä  4
tunne  3
tuskin  3
mukaan  5
opettaminen  4
opettelemista  3
oppiminen  4
oppimista  3
parissa  3
tuntemiseen  6
tuntemisessa  3
kuuluu  23
kuuluvana  3
sekä  4
varustetussa  3
etsitään  3
kerrataan  3
otetaan  3
sekä  3
täytetään  3
uudella  3
alkaa  5
alkaen  104
altain  3
asti  9
eikä  3
hautaan  5
lähtien  20
perille  5
saakka  3
selville  3
järjestettyjen  9
ärj  9
mukaan  3
varten  4
lisäksi  3
alkupään  4
alkupäässä  3
alusta  4
avulla  8
ensimmäinen  8
ensimmäisellä  3
ensimmäisillä  3
ensimmäisiä  4
jälkeen  9
järjestystä  3
kanssa  30
kehittymiseen  4
keksimisestä  3
kimpussa  9
kirjaimet  15
kirjaimia  7
kirjaimilla  4
laatijan  3
lisäksi  3
loppupäässä  3
loppupäästä  3
loppuun  3
lukeminen  3
lukemisen  3
lukijat  3
lukijoista  6
miimeistä  3
mukaan  48
mukaisessa  3
mukaiset  5
mukan  3
muodostuminen  4
oikea  3
oma  3
opettaja  3
opettaminen  24
opettamiseen  12
opettamisella  4
opettamisen  5
opettamisessa  7
opettamisesta  6
opettamista  9
opetteleminen  5
opettelemisesta  4
opettelemista  3
opetuksen  5
opetuksessa  8
opetus  5
opetusta  4
oppiminen  11
oppimiseen  5
oppimisen  5
oppimista  6
parissa  12
perusteellinen  3
päähän  3
tai  6
tekoon  5
tunteminen  14
tuntemiseen  3
tuntemisen  4
tuntemisessa  3
tuntemista  5
viimeinen  4
viimeiset  3
wiidessä  3
yhteydessä  4
arkipäivinä  3
joka  8
klo  8
äänenkannattaja  8
muotia  4
järjestyksessä  5
uhalla  8
joka  3
maata  6
ajehe  7
atuhe  3
jamue  3
ojendji  8
ojo  3
tua  3
korkoa  4
valtaa  4
laajan  3
tehnyt  5
tulette  3
tulla  4
tulleet  3
äänenkannattaja  16
kartanon  5
jauo  4
jaanona  3
jauo  8
jeni  8
jetu  3
ojendji  6
taa  4
viljaa  4
lasten  3
toimittaa  3
aal  6
iskuun  8
leiden  3
loilla  7
loissa  7
loista  4
lokossa  4
lon  7
lot  18
teitä  3
toili  5
toja  4
tojcn  3
tojen  14
töihin  11
klo  4
olla  3
tahi  3
kuuluvia  70
maanant  3
otetaan  4
viljaa  3
voita  10
väestön  4
ilmoitukset  5
rahasto  5
nähden  4
ran  3
setelirahaa  6
osuuskaupan  3
paloapu  3
paloapuyhtiössä  3
palo  3
rahasto  3
saa  6
liiton  8
liitto  3
luona  3
täällä  3
punnitse  4
punnitsemisen  11
täällä  37
kautta  3
luona  3
luona  6
luona  3
lautta  21
rata  4
rataa  3
juurta  3
invareja  8
ammattiin  4
työ  3
työntekijät  4
saavat  3
saavat  12
asentoon  3
kuusisyrjäinen  4
klo  7
oli  4
pyhä  6
tulla  3
harmaa  3
harmaata  3
punanm  3
ruskea  12
ruuni  3
sininen  4
siniset  3
tausta  3
tummempiin  10
kiharat  3
warten  3
mainituissa  3
nähden  10
oli  5
osaa  11
osanotto  4
tulee  5
oli  3
oli  6
olisi  7
sai  3
tulee  4
tuli  7
tulisi  3
pois  4
marten  3
varten  6
warten  27
sekä  8
selä  3
setä  4
jäsenenä  6
puolesta  4
sekä  4
säätyjen  9
klo  4
alkaa  5
alkoi  3
allaa  3
eilen  3
ensi  14
hän  3
hänen  3
joka  7
jätettiin  10
jätti  3
klo  6
kumottiin  3
kumottu  4
lokal  3
lumottaisiin  3
lumottiin  6
lykättiin  5
lytättiin  4
niiden  8
nopeasti  4
nyt  3
oli  36
olisi  9
piiri  6
piirin  7
piirissä  5
piiristä  4
pormarissäätyyn  3
päättyi  3
sattui  3
sitä  4
suoritettiin  3
taas  3
talon  3
tap  3
tapahluu  3
tapahtui  14
tapahtuu  104
tapahwu  3
toi  6
toimi  4
toimitetaan  85
toimitettama  3
toimitettiin  36
tulee  21
tulisi  5
tänään  3
tässä  3
täällä  9
marten  6
mitään  3
tai  3
toimittamaan  8
vastaan  3
war  4
warte  4
warten  21
wastaan  6
luona  4
työväen  3
asetetut  3
asetettu  6
asetetut  15
aikana  17
ailana  3
aitan  3
aitana  10
ajaksi  3
alla  3
edellä  52
johdolta  3
johdosta  15
jälkeen  14
jälleen  16
jälteen  4
kautta  9
lautta  10
lilttien  3
päätyttyä  4
suhteen  11
talia  5
toimittamisesta  6
toimittamista  3
tuloksen  3
tuloksesta  3
tulokset  11
tuloksia  3
tuloksista  5
tulos  13
olema  3
ollut  13
ollut  3
hänen  3
paljon  4
sitä  3
kelpaamaton  3
nähden  3
oli  31
omalla  3
osaa  22
otti  3
ryhdyttiin  5
äänestämään  3
alempana  6
pidetään  3
mukaan  5
mulaan  3
mutaan  3
puheenjohtaja  3
puolesta  4
jäsenten  3
puheenjohtaja  3
sisältää  12
merkitty  9
toisessa  3
tulee  11
jonkun  7
oikaisemista  6
pois  3
omat  3
rehtori  3
ensi  4
aikana  5
aitana  4
alkua  5
asia  3
edellisenä  6
edellä  9
hallitus  6
hänen  4
johdosta  41
jälleen  12
jälteen  4
kanslia  3
kautta  4
lai  3
lautta  8
mukaan  4
mutaan  3
perintötalo  3
perusteella  4
päätös  3
ratkaisuun  6
sodassa  3
suh  3
suhteen  16
suuruinen  5
suuruisen  3
tasa  3
tehtaalle  6
tehtaan  4
toi  4
toimit  3
toimitettua  3
toimitta  5
toimittaa  19
toimittajaksi  4
toimittamista  9
toimitus  3
tulee  3
tulo  5
tulokseen  13
tuloksen  8
tuloksesta  6
tulokset  3
tulos  52
tulosta  8
yhteydessä  4
kirjelaatikko  3
wastaawana  3
asukkaat  4
pohjalla  4
asullaat  3
hankkijana  3
iirin  6
iirissä  3
kartta  6
mukaan  3
fof  3
nuorsuomalaisen  3
sos  12
oli  3
owat  3
sos  3
asti  3
ennen  5
luun  3
menot  9
eilen  4
roiime  3
wiime  4
oloja  5
ollut  3
ollut  18
alussa  3
loppua  3
ajalla  3
loppua  3
eilen  14
miime  6
miten  3
noudatetaan  4
ole  3
oli  10
olisi  5
omat  3
owat  5
sai  30
saimat  3
saiwat  8
sunnuntaina  5
tulee  7
tuli  11
täällä  3
wiime  19
kirjoitetaan  3
oli  3
kauppalassa  3
eimät  4
ensi  5
jätettiin  4
niin  4
oli  5
oliwat  4
omat  16
ovat  9
owat  22
pidetään  3
sekä  4
selä  3
tapahtumat  11
toi  6
toimitetaan  32
toimitettaisiin  5
toimitettiin  9
tulemat  5
tulewat  3
tämän  3
täällä  3
mukaan  4
ollut  3
alkua  3
tehtaalta  3
ääreen  5
useamman  6
oli  3
tapahtuu  14
toimitetaan  7
alituinen  4
asu  9
asuville  3
eikä  3
että  8
joka  5
kauppapaikalla  3
lamalla  8
maksettavia  3
oikeus  3
ole  16
oli  9
ollut  4
omat  4
owat  3
sekä  8
taas  3
tahi  3
taivalla  3
tavalla  4
tawalla  8
tulee  3
tunnettuja  4
viime  3
eli  3
joka  4
kuuluvia  4
muuttaessa  3
muuttaville  6
oli  4
pojalle  8
päin  4
päästyään  3
sekä  5
ottaneen  3
edellä  4
johdosta  3
rauha  3
henkilöt  3
lauluja  7
klo  5
klo  18
klo  22
asiamiesten  3
klo  3
klo  4
kuuluisaa  7
suurimman  3
johdosta  3
toi  3
lpl  3
nep  3
ainakin  5
ajelee  11
ajelehdittuaan  3
ajelehtia  5
ajelehtii  4
ajelehtima  5
ajelehtiman  8
ajelehtimana  9
ajelehtimassa  17
ajelehtineita  4
ajelehtinut  16
ajelehtiva  5
ajelehtivan  4
ajelehtivia  3
ajelemassa  3
ajelu  6
alttiimpi  3
eikä  3
eivät  4
eri  5
esiintyy  6
eteenpäin  3
heiluessa  7
hyvin  5
hyvä  3
hyvän  3
häiriöalttiimpi  3
hän  5
hänen  4
ikäänkuin  3
ilman  8
ilmestyi  3
itseänsä  6
joka  3
jota  3
jotain  3
keikkuva  7
keinua  3
keinuen  5
keinui  10
keinumaan  3
keinumassa  6
keinuu  8
keinuva  9
keinuvaa  3
keinuvaan  6
keinuvan  7
keinuvassa  4
keinuvat  6
kellumaa  3
kelluman  21
kelluneet  4
kelluvan  5
kelluwan  3
keveästi  3
kiikkui  4
kiikkuma  3
kiikkuu  9
kiiti  3
kohden  3
kohti  5
kuin  44
kulkee  8
kulkien  3
kun  3
kuuluu  3
kuuluvat  3
kuun  3
kuunnella  3
kuunneltaessa  10
käy  9
laiman  3
laitatuulessa  7
liitää  3
liukumista  3
luin  3
lähetetään  6
maailman  3
maan  3
matkailija  3
matkalla  10
melko  3
meren  3
milloin  3
musertaa  5
myöskin  3
niin  11
noin  6
nyt  8
nähtiin  3
näin  5
ole  6
oli  26
olisi  4
ollen  3
ollut  9
ovat  10
paikkaaja  6
pois  3
purjehtija  3
purjehtijan  3
pursi  6
purteni  3
saa  3
saavutetut  4
saavuttaa  3
sai  4
sekä  8
selostuksia  3
sen  7
siksi  3
sinne  4
sousi  16
souti  5
surffaa  9
taas  3
tai  11
tapahtuvaa  3
tarkoitetaan  4
tiedonantoja  3
toimii  4
toimiva  3
toimivaa  6
toimivan  4
toimivat  10
toimivia  11
toimivien  6
toisinaan  3
tuntuu  7
tuulen  6
työskentelevien  3
työskentelevät  5
tämä  3
uiden  3
vaikuttaa  4
vielä  3
voi  5
voidaan  16
voitte  3
weneen  6
yhdestä  3
yhtä  3
yhä  4
yksikin  3
yli  3
tuo  4
altis  4
alttiina  3
aurinko  10
kaadettuna  8
kaikilta  3
keinumaan  8
kirkkaan  5
kuin  4
kuuluu  3
lirltaan  3
määrätyn  5
oli  3
ominainen  3
päin  3
sopivaksi  3
tieni  32
uskaltaa  3
oma  4
peitettiin  8
saadaan  3
sen  6
sinne  5
tai  3
alle  4
helmaan  3
helmoissa  5
joukossa  5
jäljitellään  3
kanssa  3
keskellä  3
kuin  5
kuohuvin  3
käy  3
käydessä  3
loiske  4
nyt  3
omaksi  4
pauhinassa  11
reubottaroana  3
sen  3
ulappa  3
ajeleman  3
ajeli  4
eikä  5
etsimään  3
furmanfa  3
hautansa  48
heitti  4
hiljakseen  11
hän  4
hänen  15
ihana  10
itseänsä  3
kaatui  6
kamppailee  4
kamppailemien  3
kappaleen  3
keinumista  4
keinuu  3
kuin  14
kuoleman  10
kuolemansa  11
lepäävää  4
lopun  8
luin  4
luoto  6
löysi  4
löytänyt  4
maailman  3
matalan  4
mettä  3
mun  3
niin  9
olemaa  3
oleman  3
olen  3
oli  33
olisi  9
oman  4
pauhaa  4
polskuttaa  4
pulikoi  3
puolet  3
päästä  4
päästäkseen  4
riistin  5
saaneet  4
saanut  11
sai  5
sekä  4
sen  7
sorsat  3
sousi  29
sur  3
surinansa  6
surman  3
surmansa  103
suuria  4
tahi  3
tai  19
taistelevaa  4
taistelevan  3
taistelevien  3
taisteli  3
taittuu  5
toisiansa  3
tuhoilta  4
vielä  4
voi  4
wiime  5
esiin  6
huolimatta  14
hän  6
kirkkaana  3
kohoaa  5
kohoavan  5
kohonnut  3
kohosi  6
kuin  15
kuului  3
laskettiin  5
mainingit  3
nousee  12
nouseman  3
nouseva  5
nousevaa  3
nousevan  4
nousi  19
noussut  5
näkymiin  3
oli  7
osan  3
osottaen  3
otettiin  4
pelastaa  4
pelastamaan  3
pelastetuksi  6
peljäten  5
puoliksi  3
riippuu  18
riippuvat  3
sen  3
toisenkin  4
yleni  12
ylennyt  4
ylös  3
tahi  5
tukka  6
virta  4
ajojäineen  4
alkoi  11
alla  3
aluksemme  3
ankara  4
asettuu  4
edeltäkäsin  3
esti  13
estää  3
haittasi  7
haittasivat  3
heitteli  8
heitti  6
hieman  5
huuhteli  4
huuhtonut  4
hyrskyineen  3
kaatoi  4
kasteli  11
keinutti  3
kello  3
korkea  4
kova  3
kuin  4
kun  3
kuohuaa  6
kutsuu  19
kävi  11
käy  20
käydä  4
laineillaan  4
laski  3
lauloi  8
liikuttaa  3
lisäksi  3
lyö  6
löi  21
murtanut  4
murtuu  11
niin  11
nousee  9
nousi  11
näin  12
ole  4
oli  96
olikin  8
olisi  11
olivat  5
ollut  4
otti  3
ovat  3
paiskeli  3
pauhasi  3
pääsi  3
repii  3
saa  3
sen  8
sille  3
sitten  4
sorti  3
suurenmoinen  4
taas  5
tahtoi  4
tai  4
teki  12
tempaa  3
tempasi  3
tyyntyy  4
täytti  4
uhkaa  4
uhkaavan  4
uhkasi  4
usein  3
vaikeutti  6
vei  7
vellokoon  35
vielä  3
voi  5
vyöryi  6
vyöryy  3
weneen  5
yhä  6
ärjyy  3
kohti  3
kuin  3
mastaan  7
ollut  3
vastaan  35
vasten  3
wastaan  5
tuolla  3
merellä  4
nähden  6
oli  4
suuntasi  3
uppoaa  3
suojattuun  5
aiheuttaman  8
alku  3
epätasaiseksi  5
halki  5
harjalla  6
heikentämiseksi  3
heitellessä  8
hänen  3
joessa  5
johdosta  18
kanssa  13
keskellä  6
keskeltä  4
kihisemässä  4
käsissä  4
käydessä  19
laidalla  3
lailla  4
lakia  3
laulu  4
läpi  23
lävitse  3
mukana  17
muoksi  12
muolsi  4
muotsi  3
noustessa  4
ollessa  4
pauhu  4
pohjassa  3
taa  4
tahdissa  4
tai  9
takana  3
takia  87
talia  25
tapaiseksi  3
tavoin  3
tempauksista  3
touoksi  6
tuon  3
tähben  5
tähden  67
täydessä  5
vaikutuksesta  16
vaimentamiseksi  3
vallitessa  11
voimasta  7
vuoksi  48
vyöryessä  4
wuoksi  19
wuolsi  6
wuotsi  6
yhteistä  5
yli  3
yläpuolelle  3
aivan  5
ajelehtaman  3
alkoi  6
aputoimiin  3
ehkä  6
emme  6
enemmän  3
eteenpäin  7
halkeaman  4
heilumasta  3
hukkui  5
hyvin  4
hän  7
hänen  3
ilman  3
jotain  4
joutunut  3
kaatui  9
kaatuili  3
kaatunut  6
kamppailevaa  3
kansamme  6
kappaleiksi  3
katkesi  3
keinumaan  5
kertomuksia  3
keskellä  3
kestää  18
kiri  13
kirj  30
kolme  3
kowasti  3
kuin  31
kulkea  5
kulkee  3
kumoon  5
kääntynyt  6
laivan  3
laiwan  3
liian  4
maata  4
maikka  4
matalikolle  4
medellä  4
mene  4
meni  3
menivät  4
mennyt  3
mereen  3
miehineen  4
moi  3
murskaantua  3
murtui  5
niin  4
noin  5
näytti  5
oli  40
olisi  6
olivat  5
oltaissa  3
pelastaa  5
pelastaneet  4
pelastettua  4
pelastikin  6
purjehtii  4
ruhjoutui  3
rupesi  3
saanut  9
sai  3
seisoo  6
sekä  6
sitä  3
sortumaan  3
souti  5
suurten  7
särkynyt  3
tai  7
taisteli  4
temmehtivän  3
toiminimi  3
tulee  3
tuli  4
tulisi  3
tulla  3
tämä  3
täyttyi  3
täyttyä  12
törmäsi  5
uimaan  3
useita  6
vaikka  7
vasten  3
vene  5
voi  3
warsin  3
wene  3
yksihyrräinen  6
hetkeksi  3
huolimatta  40
kellumaan  4
klo  3
kovin  3
kuin  12
lähettävän  4
lähettää  3
oleva  5
olisi  5
pysyttelemiseen  3
saamme  8
tai  4
toimiva  12
toimivan  6
toimivat  16
toimivia  4
tulisi  3
voi  3
yheksännellä  3
kuin  12
tuottane  3
vaan  3
vaikeuttaisi  3
viritetty  3
yhä  3
talia  3
toi  3
toiselle  40
aikana  16
ajama  3
ajamana  3
ajelemana  15
alku  3
alla  36
alle  50
aloitti  5
alta  19
ankaruutta  6
avulla  4
edessä  5
eli  3
elokuvan  3
eri  3
hakkoavi  3
har  7
harja  74
harjaa  36
harjaan  7
harjalla  271
harjallakin  3
harjalle  299
harjalta  134
harjan  46
harjanteella  9
harjanteelle  3
harjanteita  3
harjasta  12
harjat  24
harjoilla  3
harjoille  4
harjoina  5
harjoja  20
harjulle  3
heittämänä  9
helmaan  14
helmassa  3
hiljainen  3
huippu  7
huippuvuosia  3
huipulla  11
huipulle  6
huipulta  5
huipusta  3
hulvahtavan  3
huuhdellessa  3
huuhtoman  7
hyrsky  3
hyökkäystä  5
hyöky  4
iskemän  4
jaksoluku  6
jaksolukujen  3
jaksoluvun  4
joessa  10
johdosta  5
jouduttua  3
juuri  4
jälkeen  44
jälleen  3
jänteet  3
kaiken  3
kaltainen  120
kaltaiseksi  3
kaltaisen  3
kaltaisena  3
kaltaisia  5
kannattaja  4
kanssa  34
kantamana  4
kautta  6
kehtolaulu  3
kevähisen  3
kohdalla  3
kohina  3
kohinaa  3
kohoavan  4
kohotessa  4
kohottaa  3
kohottaessa  5
kohottamana  8
koko  6
korkeimmalle  3
korkeudeksi  4
korkeus  10
kuin  5
kulkevan  5
kulkua  6
kuohahtavan  3
kuohu  14
kuohuissa  6
kuohuma  7
kuohut  5
kuohuun  4
kylkeen  3
kynsistä  3
käyttö  3
käytäntöönotto  3
käytöstä  7
laakson  4
laaksoon  20
laaksossa  12
laaksosta  3
lailla  40
lamoin  11
laskussa  3
laskuvaiheessa  3
lastu  4
lautta  8
leikkihin  4
leikkiä  3
liarjalle  3
liplatus  3
lisäksi  4
loiske  13
loiskeessa  6
loisketta  6
loiskina  3
loiskinaa  3
loiskintaa  3
loiskutusta  4
luona  4
lyhetessä  3
lyödessä  5
lyövän  3
lähestymistä  4
läpi  8
lävitse  4
maalle  3
maan  3
mentyä  5
moiman  3
mukaan  12
mukana  59
muo  3
muodon  9
muodossa  5
muotoinen  8
muotoisia  7
muotoisiksi  4
muotoista  3
murta  3
murtaja  31
murtajaa  15
murtajalla  4
murtajan  23
murtajat  3
murtajia  5
murtajilla  3
mutana  5
muutoksen  4
muutosta  3
muuttamisen  3
myörymän  3
myötä  3
naapurina  3
niin  5
niskassa  4
nopeus  4
nostamana  3
nousevan  3
noustessa  4
nousu  8
nousua  12
nousun  6
noususta  3
olleen  3
ollessa  4
pauhu  4
pauhua  3
perästä  22
perään  14
pinnalla  3
pituinen  8
pituudelle  5
pituuden  12
pituudesta  11
pituus  38
pituussäde  6
pituutta  3
pohja  115
pohjaa  40
pohjaan  153
pohjalla  54
pohjalle  27
pohjalta  18
pohjan  51
pohjassa  194
pohjasta  69
pohjastakin  3
pohjat  3
pohjia  4
pohjista  3
poistuttua  3
pyyhkäistyä  4
pärske  3
päähän  3
päälle  9
päällä  13
päältä  3
päässä  4
päästä  3
raikkautta  3
rannalle  3
rantojamme  4
rinta  3
risteilyalus  6
ruiskut  4
räiskettä  4
selkää  3
selkään  3
selässä  12
sisässä  3
sisään  26
sitä  5
suhteen  3
suunnatonta  5
suwisen  3
syleilyyn  3
syli  7
syliin  10
sylissä  5
synkän  5
synty  3
särkijän  5
särkyessä  4
taakse  5
taas  3
tai  4
takia  4
talo  14
talossa  5
tamoin  7
tapaisena  6
tapaista  4
tavalla  5
tavoin  50
tawalla  5
tawoin  12
tehon  3
tempaaman  4
tie  10
tieltä  7
toinen  3
toisen  4
toisensa  14
tulevan  5
tullessa  8
tuloa  4
tulvahtavan  3
tyrsky  6
tällainen  3
ulpuina  4
vaahtoa  6
vaahtoisalla  3
vaellus  3
vaihtamisesta  3
vaihto  9
vaihtoa  3
vaikutuksesta  4
vakavuuteen  3
valkea  4
vastaeli  4
venhos  4
virtaavan  4
voima  7
voimakkuus  3
voimalla  3
voimasta  3
vuoksi  4
vyöryvän  4
väliin  4
välillä  6
väreet  3
wyörywän  5
yli  20
ylitse  3
ylpeys  3
tahi  3
kohti  6
huumorin  5
olleet  3
pelastettuaan  3
sen  3
toiselle  30
huipusta  3
yli  4
ovat  3
yli  3
keulan  3
maanjäristys  7
sysäystä  3
ikään  4
jota  3
keulassa  3
majakan  5
oli  5
olisi  6
pitennet  3
rakennettaisiin  3
sekä  5
suojaa  3
tai  4
tekee  3
tulee  3
tuli  3
tulisi  17
aljetaan  4
kohden  9
kohti  12
marten  12
pitkin  9
sekä  3
toarten  3
vastaan  14
vasten  8
warten  7
asti  6
ollessaan  3
sidotusta  4
eteläpäähän  4
eteläpäässä  5
hankkimista  7
johtoloisto  8
kohdalla  5
kohdalta  3
kohinan  4
korjaaminen  7
korjaamista  9
kupeelle  3
kupeessa  3
kylkeen  4
kärjessä  5
laittaminen  3
loisto  20
luo  15
luona  29
luota  17
läheisyyteen  6
lähellä  3
ohi  6
ohitse  7
pitentämiseksi  3
pohjoispäähän  3
pohjoispäässä  3
pää  3
päähän  18
pään  10
päässä  14
päästä  4
päätä  3
rakennukseen  5
rakennustyö  3
rakennustöiden  5
rakennustöitä  4
rakentaminen  28
rakentamiseen  34
rakentamiseksi  58
rakentamisen  9
rakentamisesta  31
rakentamista  26
rakentamistyöt  3
rauniot  5
sisäpuolella  13
sisäpuolelle  5
suojaama  10
suojaan  25
suojassa  13
taakse  10
tai  3
takaa  4
takana  19
tehtävää  4
toisella  3
ulkolaidalle  3
ulkopuolella  7
ulkopuolelle  13
uloimpaan  3
viereen  6
yli  3
äärimmäiseen  4
äärimmäisessä  3
kun  4
ovat  5
ohi  3
välissä  3
putosi  3
ovat  3
erittäin  3
ainakin  5
lienee  9
nyt  3
oli  8
olisi  12
saavutetaan  7
saavutettiin  5
saavutettu  12
sattui  3
sen  3
sivuutettiin  3
sivuutettu  12
tässä  3
kohden  5
aikana  6
jälkeen  26
olevan  3
sivuuttamiseen  4
sivuuttamisesta  5
oleva  3
nouseminen  4
ylöspäin  4
yli  3
huolimatta  3
maanjäristys  4
wawistus  3
siirtämällä  3
luo  5
luettelo  6
luettelon  5
järjestyksessä  3
ajaapi  3
kuin  4
lähteen  6
vuoroin  3
toiseen  3
yleni  10
ylenit  4
voi  3
aavat  6
aawalla  4
ahdingosta  3
ahdistamat  7
ahdistavat  5
ahdistimat  3
ahnaasti  3
aiheuttamat  6
aiheuttivat  3
aikaansaatiin  3
aikansa  3
aikoinaan  7
aikojen  8
ailakoi  4
aina  23
ainiaaksi  3
ainoastaan  3
aitojen  4
aivan  12
aivoa  4
ajaa  6
ajamat  19
ajan  7
ajaneet  10
ajautuivat  3
ajavat  11
ajawat  3
ajelemat  22
ajelevat  13
ajeli  5
ajelimat  6
ajelivat  11
ajeliwat  7
ajelleet  3
ajoimat  19
ajoivat  23
ajoiwat  12
alaspäin  4
alati  14
alenemaan  3
alhaalla  14
alinomaa  23
alituiseen  5
alituisessa  3
alituisesti  11
alkaa  3
alkamat  11
alkaneet  8
alkavat  24
alkoi  4
alkoimat  8
alkoivat  56
alkoiwat  9
alla  7
allani  3
alle  3
alloimat  6
alta  9
altoimat  3
aluksen  6
alusta  4
ankaraksi  4
ankarasti  149
ankarat  22
ankarina  5
antamat  6
antavat  6
antoivat  3
antoiwat  3
armaasti  3
armaat  6
armahat  4
armonani  3
arvoaisi  3
asettaa  36
asettaapi  3
asettamaan  3
asetti  3
asettuimat  7
asettuivat  33
asettuiwat  5
asettumaan  10
asettumat  31
asettuneet  8
asettuvat  23
astuit  3
astuivat  5
astumat  5
astuwat  7
auenneet  4
aukee  3
auringon  5
autorasti  4
auttamatonta  3
avaruuteen  4
barrieerin  4
cimät  6
ciwät  5
draama  14
edelleen  6
edelleenkin  3
edestä  3
edullisimmat  3
ehtimiseen  5
ehtineet  15
ehtivät  3
eikä  20
eimät  59
eiroät  12
eitoät  3
eivät  146
eiwät  41
eli  8
elon  5
elämän  9
enemmän  3
ennen  15
ennenkuin  6
ensi  4
ensiksi  3
ensin  6
ensinkään  3
entistä  3
enää  23
eri  6
erittäin  3
erottivat  5
erään  10
eräänä  3
esteettömästi  3
estimät  3
estivät  6
estiwät  4
eteen  8
eteenpäin  10
etene  5
etenevät  27
etenivät  4
että  5
fen  7
haahtees  3
hakkasivat  5
hanen  3
haudanneet  3
hautelivat  3
hehkumat  4
heidän  17
heidät  11
heijastuvat  6
heikkenevät  3
heikommallakin  5
heille  3
heiltä  4
heiluttelivat  3
heiluttiwat  3
heitelleet  3
heittcliwät  4
heittelemä  4
heittelemät  11
heittelevät  30
heittelewät  7
heitteli  3
heittelimät  12
heittelivät  54
heitteliwät  9
heittimät  13
heittiroät  3
heittivät  50
heittiwät  17
heittäisivät  3
heittäisiwät  3
heittämät  27
heittäneet  22
heittävät  30
heittäwät  3
heittää  4
heitä  13
heitänsä  5
helposti  3
heti  28
hiekkarantoja  3
hietaa  4
hiljaa  49
hiljaisesti  5
hiljalleen  23
hiljenivät  11
hirmeän  3
hitaasti  8
hiukan  3
hohtivat  3
horjuttavat  4
houkuttelemat  3
huimat  4
hukuttaa  4
hurjassa  5
hurjasti  14
hurjat  5
hurjina  8
huuh  5
huuhdelkoot  3
huuhdelleet  7
huuhtclewat  3
huuhtelee  6
huuhtelemasta  5
huuhtelemat  10
huuhtelevat  42
huuhtelewat  11
huuhteli  4
huuhtelimat  16
huuhtelisi  3
huuhtelivat  52
huuhteliwat  15
huuhtoilemat  3
huuhtoilimat  5
huuhtoimat  12
huuhtoiroat  5
huuhtoisi  5
huuhtoisivat  3
huuhtoivat  43
huuhtoiwat  15
huuhtomat  53
huuhtoneet  26
huuhtoo  3
huuhtoutuivat  3
huuhtovat  45
huuhtowat  7
hymyillen  4
hyppivät  3
hyrskyivät  7
hyrskyy  4
hyrskyävät  3
hyvin  6
hyväilevät  4
hyväilivät  3
hyökkäsimät  4
hyökkäsivät  3
hyökkäävät  4
hyökyimät  3
hyökyy  4
häiritse  3
hän  4
hänelle  3
hänen  52
hänet  24
häntä  18
häviävät  5
ihanan  8
ihmisten  3
ijäksi  3
ikäänkuin  13
ilmaan  3
ilman  8
iloisesti  3
iloisina  4
iltatuulessa  3
interferenssin  3
irti  3
iskevät  6
iskivät  15
itkee  3
itse  3
jakautuivat  3
jatkaa  3
johdetaan  4
johonkin  7
joka  10
joko  6
jos  10
joskus  11
jota  3
jotenkin  3
juoksemat  3
juuri  11
jyrkkäin  6
jyrkkää  3
jäivät  4
jälleen  11
järvien  3
jättäen  5
jäässä  3
kaataa  7
kaatoimat  3
kaatoivat  6
kahden  3
kaiken  4
kaikki  4
kaikkia  3
kaikkialla  13
kallioihin  3
kallioita  5
kallion  9
kallioon  5
kalliorantoja  3
kalliota  16
kamppailussa  3
kannattavat  6
kannella  4
kannelta  4
kannen  5
kantamat  7
kantaneet  3
kantavat  14
kantoimat  5
kantoivat  9
kantoiwat  3
karkeloi  6
karkeloipi  8
kasmoimat  3
kastelivat  4
kasvettuaan  3
kasvoivat  3
katoamat  5
katoavat  4
kauas  6
kaulaa  4
kautta  4
kehittää  3
keikuttawat  4
keikuttelivat  5
keikuttivat  3
keinuttavat  3
keinuttelevat  4
keinuttelivat  3
keinuttivat  7
kerran  11
kerrassaan  7
kertoivat  7
kertomat  3
kesän  4
kiehuu  6
kiilsivät  3
kilvan  5
kimaltelevat  10
kimaltelivat  7
kiviä  4
koettavat  4
kohden  3
kohisee  3
kohisemat  4
kohisevat  11
kohisivat  20
kohisiwat  6
kohisten  19
kohoamaan  4
kohoamat  19
kohoavat  26
kohoawat  3
kohoilevat  4
kohoilivat  6
kohonneet  3
kohosimat  5
kohosivat  25
kohosiwat  12
kohottamat  3
kohottavat  3
kohotti  5
kohottimat  3
kohottivat  6
kohta  4
kohtaamat  4
kohtaavat  13
kohti  12
koko  5
kokonaan  5
kolkuttamat  3
kolo  5
komin  3
kor  5
korkealla  6
korkealle  57
korkeiksi  7
korkeina  64
koskaan  3
koskettelemat  8
koskettelevat  4
kostuttavat  3
kovasti  4
kovin  11
kowasti  5
kuin  30
kuinka  32
kuinkakin  5
kuiskivat  3
kuitenkin  22
kukistaa  3
kukistuivat  4
kulettaneet  3
kulettavat  4
kulettivat  3
kuljettamat  11
kuljettaneet  5
kuljettavat  14
kuljettivat  22
kulkee  4
kulkemaan  7
kulkemat  19
kulkeneet  4
kulkevat  34
kulkivat  8
kultaa  13
kumeasti  3
kun  43
kuohu  4
kuohuen  12
kuohui  5
kuohuimat  9
kuohuin  5
kuohuisivat  7
kuohuivat  22
kuohuiwat  14
kuohumaan  4
kuohumat  26
kuohuneet  3
kuohupäät  4
kuohuttavat  7
kuohuu  13
kuohuvat  22
kuonuivat  3
kutsuvat  8
kuuluivat  3
kuuluvat  12
kuurin  4
kyllä  14
kymmenien  3
kämimät  11
kämisimät  3
kävisivät  3
kävivät  83
käwiwät  18
käy  34
käydä  24
käymät  78
käymään  5
käyneet  15
käyvät  96
käywät  12
laajenemaan  4
laidan  3
laiivaa  4
lailli  3
laimaa  8
laiman  5
lainehtimat  13
lainehtivat  14
laivaa  10
laivan  19
laiwaa  8
laiwan  16
lakaisseet  6
lakkaamatta  42
laskemat  3
laskeutuneet  9
laski  3
lauhat  4
laula  3
laulaa  9
laulamat  21
laulavat  27
laulawat  4
lauloi  3
lauloimat  7
lauloivat  18
lauloiwat  3
leikitellen  3
leikkaamat  5
leikkaavat  4
leikkimät  7
leikkivät  5
leikkiä  11
leiluttawat  3
leinuttelimat  3
lepoon  3
leppoisasti  3
lertoiwat  3
levisivät  3
leviävät  7
lewiäwät  5
lienemät  4
liian  8
liikkeelle  8
liikkumat  3
liikkuvat  10
liitteelle  3
linnan  3
liplattavat  3
liplattivat  6
lohisten  4
lohosiwat  5
loimät  3
loisfiroat  4
loiskaa  3
loiski  7
loiskien  12
loiskii  12
loiskilvat  3
loiskimat  19
loiskineet  4
loiskivat  76
loiskiwat  15
loiskuaa  13
loiskuavat  3
loiskui  3
loiskuimat  6
loiskuivat  16
loiskumaan  3
loiskuttelivat  3
loiskuu  5
loiskuvat  29
loislimat  4
loisliwat  8
loistimat  12
loistiwat  4
loivasti  3
loivat  4
loivatkin  5
loman  3
lopuksi  3
lopullisesti  3
luin  4
luiwät  4
lun  8
luohuiwat  6
luohuwat  3
luoksensa  7
luonnollisesti  3
lyhyessä  3
lyö  50
lyödä  7
lyömät  40
lyömään  5
lyöneet  13
lyöpi  3
lyövät  125
lyöwät  5
lähtevät  3
lähtimät  3
läikkyivät  8
läikkyvät  3
läikkyy  12
lämimät  3
lännen  3
läpi  5
läy  3
läydä  4
läymät  4
läywät  4
löi  14
löiioät  3
löiivät  3
löilvät  6
löimiit  4
löimät  74
löimöt  3
löiroät  17
löisi  4
löisivät  5
löitoät  3
löivät  158
löiwät  63
lölwät  3
maahtopäisinä  4
maailman  9
maalle  3
maan  11
maha  3
mahan  3
mahtavina  4
maihin  3
main  3
maininkejaan  3
majakan  4
mapaina  8
mastaani  3
masten  6
meidän  4
meidät  18
meille  4
meillä  4
meimät  19
meisimät  3
meitä  30
melkein  6
meneen  6
menettä  3
menettäisi  5
mennessään  11
mereen  29
merellä  15
meren  27
merenjäätä  7
merenrannalta  6
meressä  34
merien  9
merten  3
miehen  5
mielä  12
miemät  4
mieneet  5
mierimät  12
miestä  3
milloin  7
miltei  3
minua  16
minulle  3
minut  9
miskcllect  3
miskelleet  3
mislelleet  5
miten  5
moi  10
moimat  9
moisimat  3
monkuimat  3
monta  5
mukaansa  10
mukanaan  30
mun  13
muodostavat  6
mur  3
mursi  5
mursivat  3
murskasivat  4
murskautuivat  4
murslasiwat  5