ää
aah
aaha
aahiij
aaj
aakat
aallarappieh
aallaratuksrep
aarruh
aenno
ah
ahuk
aj
ajulellah
akerueh
akhaj
akkiat
akkiav
akkiom
akko
aknetoj
aksoj
aksok
aksret
alla
alleho
alleloupala
alleloupäly
alleloupoklu
alleloupäsis
allerrav
alletaja
allotiol
anakat
anakia
anasorik
anataas
annaisooh
anoul
aolutevret
appieh
appret
apsoj
arko
arkuj
arukhip
arupmih
assaes
asseho
asserrav
assirap
assnak
assupmik
atleho
atleloupala
atleloupäly
atleloupoklu
atleloupäsis
atlotiol
atnemouh
atot
atoul
atout
atsaes
atseho
atseloup
atsemiot
atsodhoj
atsuanuis
atsupmik
attamuppiir
attoj
atton
attuak
attum
atuaknamuj
atualamuj
atuksrep
aupa
ööb
eej
eejappa
egros
ehe-ehe
elekrep
eleksrep
eleprek
ella
ellede
elleho
elleksek
elleloupala
elleloupäly
elleloupoklu
elleloupäsis
ellereiv
ellotiol
elly
emmelloj
epmuj
eskaat
eskoul
esrep
esret
est
estikiop
estily
estinen
estiväl
ettelloj
evret
fön
äh
hä
hää
ha
haa
hah
heh
häh
höh
hiia
histä
häälb
ho
hoo
hoork
houh
hpmh
hör
hsä
hyä
hyp
hyör
hyyp
ia
iat
iav
ie
ieh
iehe
ieh-ieh
ieksok
ielloj
iessoj
ihat
iihih
iiksup
ikkuast
ikkuodikkuo
ila
ilahuxaj
ile
ilekaas
ileveep
ilevhek
iläkim
innyyt
io
ioh
ioho
iom
iov
ipäl
irakkleh
irepmas
iros
iräpmy
iräpmy
iskeetna
iskouv
iskäsil
istiap
istih
istiv
isup
ithok
ithok
itiuharpmuj
itäkäj-itäkäj
itsa
itsesiakum
äitsiis
itsävyh
ittaksmih
ittaksrip
ittevleh
ittiik
ittukleh
ituharpmuj
iuh
iyh
äk-
äkes
kii
kääk
äkkile
KO
käy
köy
ökyt
äökyt
älle
ällede
älleksek
ällerää
ällereiv
älliläv
älliräpmy
ällis
äällälläl
ällääp
ällyk
looks
ääm
man
map
mmmh
naajis
naakes
naakiruuj
naakum
naathok
naatsav
naav
namli
narrev
näädhän
nedhän
nedhok
nedhät
neeho
neekläj
neereiv
neesimouh
neete
neethus
neithäl
neksek
nelloj
nemaa
nenialottih
nenikteh
nenne
nennemuvis
netoj
netrav
netsav
netuk
netuum
nähääp
nias
niimekän
niimeluuk
niin
niisimekän
niisimeluuk
niollim
niotsav
niäp
niäp
nirrumnirrä
niuk
nöökäle
änökyt
änny
nöpölnöpöh
näärep
nääsis
näätnes
nuk
nus
nuukrak
nuuppmik
ognib
oho
oimouh
okoj
om
on
oo
ookoo
oolah
ooporpa
oos
oossaj
opil
opmel
orom
osrom
otnesa
ottih
oul
ööp
peh
pej
piip
äpniin
rep
sak
sakajiep
sala
sappak
sapuuj
satsejnarreh
se
sej
sennuk
sies
siis
siiserp
sik
sikles
siksiol
sikslom
sippik
sispöh
sittat
situuh
skop
snejrom
soj
sotak
sotiik
sper
säpie
spieh
spuh
sram
ässede
ässennem
ässereiv
ässiläv
ässärep
stälp
stölp
stua
suh
sukkopsukkoh
sus
sutsirK
sydhevret
syh
ät
tajramnaksap
te
telloj
teskiivnassik
ätiö
tiarloo
titnoknitak
ätleksek
ätlereiv
ätlääp
ätne
tok
ätsede
ätsereiv
ätsiläv
ätsispöh
ätsääp
ätsärep
tööt
ätte
tum
tutiv
tutih
tuut
tävielloj
ätöym
ua
uah
uaim
uam
uast
uav
uk
ukkium
ukti
ukuj
uoj
uos
urip
uttavlah
uttiv
uub
uuhij
uuj
uukkuk
uum
uumma
uurtp
ääviäp
ävles
ävyh

