  17652 A                               ANNIKKI /    
   6277 A      A                         Alakuloisen /    näköisenä
     12 A      ADP                         Omasta /    puolestani
      1 A      AUX                         VALTANEN /    voi
      1 A      EI_V_Fin_Imp                         joutavia /    Älkää
     17 A      EI_V_Fin_xxx                         Neuvottomana /    Et
      3 A      EI_V_xxx_xxx                         MINULLA. /    EI
      4 A      INTJ                         Hirveätä /    Voi
  75538 A      N                         ABDALLAH. /    BABA
     90 A      NUM                         Ensimmäiset /    kaksi
    542 A      P                         Alhaisilla /    teillä
      2 A      SYM                         Tuollaisena /    juur
   1556 A      V_1|N_xxx                         Ajalliset /    sovittaa
    170 A      V_2|N_xxx                         Britannialaista /    katsellen
      2 A      V_2|V_xxx                         araksi /    keskusteltaessa
    407 A      V_3|N_xxx                         Innokkaana /    sotimaan
     30 A      V_Agt_xxx                         OLAI /    parantamasi
    445 A      V_Fin_Cnd                         Ahneita /    onkisi
    515 A      V_Fin_Imp                         Gabrielista /    ks.
  11668 A      V_Fin_Ind                         Aamiaiseksi /    tulivat
     58 A      V_Fin_Pot                         ILMARINEN /    juone
      6 A      V_Fin_xxx                         armeliaampi /    ellei
      2 A      V_Neg_xxx                         hyvästä /    syömättömästä
   2424 A      V_Pas_xxx                         Alkuperäisestä /    Suomentanut
    388 A      V_Pre_xxx                         Ensimmäiseksi /    kiitettävä
      3 A      V_xxx_xxx                         aseetonta /    iskemäisillään
     26 A      X                         Hva /    drummel?
   1116 A      a                         Ensimmäisen /    kerran
     28 ADP                               ISÄNTÄ /    
    242 ADP      A                         Ennen /    kuulemattomia
      1 ADP      EI_V_Fin_xxx                         ympäri /    eikä
      1 ADP      INTJ                         KYYPPÄRI /    No
  22388 ADP      N                         AINA /    puuhaa
    129 ADP      NUM                         Kesken /    kahden
   6492 ADP      P                         Ennen /    häntä
     26 ADP      V_1|N_xxx                         Ilman /    hoitaa
      8 ADP      V_2|N_xxx                         Ohi /    kulkiessaan
     19 ADP      V_3|N_xxx                         Ilman /    käskemättä
      9 ADP      V_Fin_Cnd                         Ilman /    kimmeltäisivät
      9 ADP      V_Fin_Imp                         Paitsi /    lisää
    158 ADP      V_Fin_Ind                         Ilman /    pysyy
      1 ADP      V_Fin_Pot                         lähellä /    lienee
     57 ADP      V_Pas_xxx                         Ennen /    kuluttua
      9 ADP      V_Pre_xxx                         Ilman /    valloitettavissa
    102 ADP      a                         Ilman /    takaisin
    402 AUX                               Pitäisihän /    
   1059 AUX      A                         Liekö /    arvoisia
     14 AUX      ADP                         On /    asti
     32 AUX      AUX                         ole /    voinut
     20 AUX      EI_V_Fin_xxx                         Pitää /    Ei
    885 AUX      N                         Itähän /    tyvi
      8 AUX      NUM                         Taitaa /    tuhansia
    239 AUX      P                         Kutsututhan /    muutkin
      2 AUX      SCONJ                         vois /    jos
  10542 AUX      V_1|N_xxx                         Alette /    tehdä
     27 AUX      V_2|N_xxx                         Pitäiskö /    voihkaten
    155 AUX      V_3|N_xxx                         Olisi /    ulkokultailematta
    101 AUX      V_Agt_xxx                         Onko /    nämät
     18 AUX      V_Fin_Cnd                         Onhan /    Kuusniemesikin
     61 AUX      V_Fin_Imp                         Elähän /    suutu
    993 AUX      V_Fin_Ind                         Akkimukseksihan /    ristivätkin
     10 AUX      V_Fin_Pot                         Pitäähän /    vieraille
      1 AUX      V_Fin_xxx                         pitää /    etten
     12 AUX      V_Neg_xxx                         Olemme /    tyytymättömiäkin
  21902 AUX      V_Pas_xxx                         Annette /    katsonut
   1367 AUX      V_Pre_xxx                         Haavoillenko /    polttaville
     17 AUX      V_xxx_xxx                         Olen /    kirjoittamaisillani
      1 AUX      X                         saattoi /    Löfving
    383 AUX      a                         Lieneekö /    täyteen
      1 CONJ                               JA /    
   7053 CONJ      A                         CORDELIA /    köyhä
     23 CONJ      ADP                         Ja /    asti
     80 CONJ      AUX                         Ja /    aikoo
     10 CONJ      CONJ                         Eli /    ja
      8 CONJ      EI_V_Fin_Imp                         Mutta /    älä
    161 CONJ      EI_V_Fin_xxx                         BALDUIN /    ette
      5 CONJ      EI_V_xxx_xxx                         mutta /    Ei
     46 CONJ      INTJ                         Ja /    Ah
  21618 CONJ      N                         Alas /    kapteenin
    173 CONJ      NUM                         Ja /    kahden
   1692 CONJ      P                         BERENICE /    Kuka
      1 CONJ      SCONJ                         Mutta /    jos
      3 CONJ      SYM                         Mutta /    DOMITIANUS
   2671 CONJ      V_1|N_xxx                         DAGNY /    kärsiä
    356 CONJ      V_2|N_xxx                         DAGNY /    hämmästyen
    557 CONJ      V_3|N_xxx                         DAGNY /    huomaamatta
     43 CONJ      V_Agt_xxx                         JA /    ELÄMÄ
   1079 CONJ      V_Fin_Cnd                         Eli /    saisi
   1633 CONJ      V_Fin_Imp                         DOMITIANUS /    Antakaa
  41010 CONJ      V_Fin_Ind                         AINA /    heräsi
    103 CONJ      V_Fin_Pot                         Ja /    aikonekin
     18 CONJ      V_Fin_xxx                         Ja /    ehkei
      4 CONJ      V_Neg_xxx                         Ja /    saavuttamattomissa
   6485 CONJ      V_Pas_xxx                         BALDUIN /    kastettu
    587 CONJ      V_Pre_xxx                         Ja /    ajatteleva
      7 CONJ      V_xxx_xxx                         Ja /    PANU
     14 CONJ      X                         Ja /    aut
   2384 CONJ      a                         Eli /    isoisännekin
     82 EI_V_Fin_Imp                               Älkää /    
     55 EI_V_Fin_Imp      A                         Älkää /    hullu
      1 EI_V_Fin_Imp      EI_V_Fin_Imp                         Älä /    älä
     54 EI_V_Fin_Imp      N                         Älkää /    huolissanne
      1 EI_V_Fin_Imp      NUM                         Älkää /    kymmenen
      5 EI_V_Fin_Imp      P                         Älä /    häntä
    916 EI_V_Fin_Imp      V_1|N_xxx                         Älä /    erota
     12 EI_V_Fin_Imp      a                         Älkää /    enää
      1 EI_V_Fin_Ind      A                         Enhän /    mieletön
      1 EI_V_Fin_Ind      AUX                         Enhän /    voinut
     11 EI_V_Fin_Ind      V_1|N_xxx                         Enhän /    seurata
   1131 EI_V_Fin_xxx                               Ei /    
   2404 EI_V_Fin_xxx      A                         Ei /    Farisealainen
    218 EI_V_Fin_xxx      AUX                         Ei /    ole
     64 EI_V_Fin_xxx      EI_V_Fin_xxx                         Ei /    Ei
   2999 EI_V_Fin_xxx      N                         EIKÖ /    USKONTO
     30 EI_V_Fin_xxx      NUM                         Ei /    kolme
    679 EI_V_Fin_xxx      P                         Ei /    Kaikkivaltaa
  34349 EI_V_Fin_xxx      V_1|N_xxx                         Ei /    Hakea
      5 EI_V_Fin_xxx      X                         eikö /    tervett
    990 EI_V_Fin_xxx      a                         Ei /    aika
      2 EI_V_Fin_xxx      p                         En /    !
      4 EI_V_xxx_xxx                               EI /    
     22 EI_V_xxx_xxx      A                         EI /    VALOISTA.
      6 EI_V_xxx_xxx      AUX                         Ei /    voi
      2 EI_V_xxx_xxx      EI_V_Fin_xxx                         ei /    Ei
      4 EI_V_xxx_xxx      INTJ                         EI /    HÄN
     52 EI_V_xxx_xxx      N                         EI /    ELÄNYTTÄ
      1 EI_V_xxx_xxx      NUM                         Ei /    viisi
     10 EI_V_xxx_xxx      P                         Ei /    niitä
    362 EI_V_xxx_xxx      V_1|N_xxx                         Eiköhän /    hankkia
     21 EI_V_xxx_xxx      X                         en /    av
     23 EI_V_xxx_xxx      a                         Ei /    erittäin
     63 INTJ                               Ah /    
    200 INTJ      A                         Ach /    arvokas
     10 INTJ      AUX                         Ah /    piti
      2 INTJ      CONJ                         JÄÄ /    JA
     10 INTJ      EI_V_Fin_Imp                         Alkantor /    Älkää
     56 INTJ      EI_V_Fin_xxx                         Ah /    eihän
      1 INTJ      EI_V_xxx_xxx                         heic /    et
    399 INTJ      INTJ                         Aa /    Hs
    779 INTJ      N                         AH /    ANNA.
     13 INTJ      NUM                         Ha /    tuhansia
    143 INTJ      P                         Ah /    tekö
     88 INTJ      V_1|N_xxx                         Ah /    aukaista
      9 INTJ      V_2|N_xxx                         Ah /    Lyöden
      6 INTJ      V_3|N_xxx                         No /    kirjoittamalla
      2 INTJ      V_Agt_xxx                         Kas /    naima
     64 INTJ      V_Fin_Cnd                         Ah /    löytäisin
    182 INTJ      V_Fin_Imp                         Ah /    ANNA
   1052 INTJ      V_Fin_Ind                         Aa /    kestä
     15 INTJ      V_Fin_Pot                         No /    Rukoillen
      2 INTJ      V_Fin_xxx                         No /    miksei
      1 INTJ      V_Neg_xxx                         No /    pääsemättömissä
    140 INTJ      V_Pas_xxx                         Abdallah /    hätäillyt
      5 INTJ      V_Pre_xxx                         Ai /    hämmästyvinäni
      2 INTJ      X                         Oi /    omnipotens!
    168 INTJ      a                         Ah /    Hyvästi
  32752 N                               AABEL /    
  16192 N      A                         AIKAAN /    MINKÄLAISTA
     43 N      ADP                         Anteroa /    vastaan
    152 N      AUX                         Ajatuksessa /    täytyy
     16 N      CONJ                         Baard /    Eli
     84 N      EI_V_Fin_Imp                         Herran /    Älkää
    866 N      EI_V_Fin_xxx                         ALLI /    Ei
     12 N      EI_V_xxx_xxx                         Arkkitehti /    Emmekö
     10 N      INTJ                         Erdmann /    vie
 138636 N      N                         AADOLFIN /    NÄKY
    352 N      NUM                         ANNA /    yksi
   5382 N      P                         AINO /    minua
     20 N      SCONJ                         aika /    kunnes
     46 N      SYM                         AARNI /    KOUDAN
  26763 N      V_1|N_xxx                         ALLI /    säikähtää
   6522 N      V_2|N_xxx                         AINA /    palaten
     55 N      V_2|V_xxx                         Aamiaista /    syötäessä
  11523 N      V_3|N_xxx                         Aapelia /    hakemaan
   1007 N      V_Agt_xxx                         AURINKO /    ELÄMÄ
   6115 N      V_Fin_Cnd                         AATELISMIES /    Heittäisin
   9597 N      V_Fin_Imp                         AGNES /    Jättäkää
 246480 N      V_Fin_Ind                         AATAMI /    LUOPUI
    875 N      V_Fin_Pot                         ARMI /    mahtanee
     91 N      V_Fin_xxx                         ALLI /    Ellei
     38 N      V_Neg_xxx                         Chicagoon /    loppumattomissa
  48933 N      V_Pas_xxx                         AINO /    tyrmistyneenä
   8040 N      V_Pre_xxx                         ANNA /    värähtävällä
     98 N      V_xxx_xxx                         Acten /    menemäisillään
    257 N      X                         Aamuun /    ast
   6619 N      a                         AAPELI /    erikseen
     70 N      p                         ANNA /    !
    276 NUM                               Kahden /    
    173 NUM      A                         Kahdeksantoista /    onnellisin
      1 NUM      ADP                         kahden /    kesken
      1 NUM      AUX                         yksi /    joutuis
      1 NUM      EI_V_Fin_xxx                         kymmenen /    eipä
   6916 NUM      N                         DAGNY /    kammolla
    473 NUM      NUM                         KOLME /    yhdessä
    110 NUM      P                         Kaksi /    minä
     74 NUM      V_1|N_xxx                         Kaksi /    kasvaa
      4 NUM      V_2|N_xxx                         kahdeksannellatoista /    ollessaan
     14 NUM      V_3|N_xxx                         Yhdestä /    huomauttamaan
      1 NUM      V_Agt_xxx                         puoli /    täyttämiin
     21 NUM      V_Fin_Cnd                         kahden /    Puhuttelisin
     20 NUM      V_Fin_Imp                         Kaksi /    ratsastakoon
    471 NUM      V_Fin_Ind                         Kahdeksan /    riitä
      2 NUM      V_Fin_Pot                         puoli /    mahtanee
     86 NUM      V_Pas_xxx                         Kahdeksaanviidettä /    pysähtyneet
     23 NUM      V_Pre_xxx                         Viisitoista /    lypsäväähän
      1 NUM      V_xxx_xxx                         pari /    PANU
     81 NUM      a                         Kahta /    hullummin
      1 NUM      p                         kaksi /    !
   5023 P                               Eräs /    
  11742 P      A                         Ainoa /    ehjä
     13 P      ADP                         Heidän /    tähden
    454 P      AUX                         He /    saattaneet
     17 P      EI_V_Fin_Imp                         Mua /    älkää
    472 P      EI_V_Fin_xxx                         He /    eivät
      1 P      EI_V_xxx_xxx                         minä /    Ei
  79466 P      N                         Ainoa /    Elämänvesi
    318 P      NUM                         Heitä /    kaksi
   6825 P      P                         Eräitä /    muitakin
      3 P      SCONJ                         Minullakin /    kun
      2 P      SYM                         Minä /    GRANSKOG
  15922 P      V_1|N_xxx                         Eräässä /    mennä
   1170 P      V_2|N_xxx                         He /    kulkein
     11 P      V_2|V_xxx                         Niitä /    taivuttaessa
   4466 P      V_3|N_xxx                         He /    levittämään
    340 P      V_Agt_xxx                         He /    lähestymät
   5251 P      V_Fin_Cnd                         Eräs /    venäläis
   3690 P      V_Fin_Imp                         He /    jätä
 112019 P      V_Fin_Ind                         Ainoa /    kuuluu
    595 P      V_Fin_Pot                         He /    viihtynevät
     26 P      V_Fin_xxx                         He /    etsei
     13 P      V_Neg_xxx                         Hän /    sanomattoman
  25284 P      V_Pas_xxx                         Eräs /    sysännyt
   3106 P      V_Pre_xxx                         He /    kauvan
     29 P      V_xxx_xxx                         Heille /    PANU
     23 P      X                         Me /    facies
   3916 P      a                         Erään /    kerran
     29 SCONJ                               Jos /    
    766 SCONJ      A                         CLEOPATRA /    erilainen
     63 SCONJ      AUX                         Että /    saatatte
      1 SCONJ      CONJ                         Koska /    ja
     63 SCONJ      EI_V_Fin_Imp                         Jottako /    älä
      4 SCONJ      INTJ                         ku /    kuule
   5408 SCONJ      N                         ELI /    APILA
     63 SCONJ      NUM                         Kun /    kahden
   1082 SCONJ      P                         Eik /    mun
      4 SCONJ      SCONJ                         että /    jos
      2 SCONJ      SYM                         kuin /    delicatesse
    651 SCONJ      V_1|N_xxx                         Että /    ajatella
    162 SCONJ      V_2|N_xxx                         Että /    tullen
      3 SCONJ      V_2|V_xxx                         Niinkuin /    tehtäessä
     80 SCONJ      V_3|N_xxx                         Että /    kuolemalla
     41 SCONJ      V_Agt_xxx                         Että /    oleman
   1513 SCONJ      V_Fin_Cnd                         Ettei /    vaatisi
    110 SCONJ      V_Fin_Imp                         Ennenkuin /    kalua
   6788 SCONJ      V_Fin_Ind                         Annas /    koetan
     48 SCONJ      V_Fin_Pot                         Joko /    pyrkinee
      5 SCONJ      V_Fin_xxx                         Tuot /    etten
      1 SCONJ      V_Neg_xxx                         kuin /    odottamatontakin
   1959 SCONJ      V_Pas_xxx                         Ehk /    kutsuttu
    108 SCONJ      V_Pre_xxx                         Että /    herättävä
      2 SCONJ      V_xxx_xxx                         ennenkuin /    Panu
      2 SCONJ      X                         kuin /    schnalzer
   1430 SCONJ      a                         Että /    kauheasti
      5 SYM                               DOMITIANUS /    
      5 SYM      A                         DOMITIANUS /    kaltainen
      2 SYM      EI_V_Fin_xxx                         RAIMUND /    en
      2 SYM      INTJ                         ah! /    Jaa
     97 SYM      N                         AUFIDIUS. /    sotapäällikkö
      5 SYM      P                         DOMITIANUS /    sinä
      1 SYM      SYM                         hil /    var
      3 SYM      V_1|N_xxx                         DOMITIANUS /    tehdä
      1 SYM      V_2|N_xxx                         hilj. /    kauhistuen
      2 SYM      V_Fin_Cnd                         mitämaks? /    Tahtoisit
      3 SYM      V_Fin_Imp                         DOMITIA /    Puhu
     61 SYM      V_Fin_Ind                         AJATELLA. /    ON
      6 SYM      V_Pas_xxx                         Kirj. /    säilynyt
      2 SYM      a                         MARCIUS. /    aina
  11163 V_1|N_xxx                               Ajatella /    
   2424 V_1|N_xxx      A                         Auttaa /    rautainen
      1 V_1|N_xxx      ADP                         lyödä /    vastaan
      7 V_1|N_xxx      AUX                         Taistella /    täytyy
     20 V_1|N_xxx      EI_V_Fin_Imp                         ajatella /    älä
   3168 V_1|N_xxx      N                         Asettaa /    aika
     17 V_1|N_xxx      NUM                         Puhutella /    kahden
    312 V_1|N_xxx      P                         Ollapa /    hän
   1921 V_1|N_xxx      V_1|N_xxx                         Jumalata /    kiittää
    161 V_1|N_xxx      V_2|N_xxx                         Kylpeäksesikö /    siristäen
      1 V_1|N_xxx      V_2|V_xxx                         hajoittaa /    jaettaessa
    154 V_1|N_xxx      V_3|N_xxx                         Koskenhaltijata /    soittamaan
     22 V_1|N_xxx      V_Agt_xxx                         Rangaistakseni /    ampuma
  17253 V_1|N_xxx      V_Fin_Cnd                         Antaakseni /    matkustaisi
      1 V_1|N_xxx      V_Neg_xxx                         tehdä /    tekemättömäksi
   2670 V_1|N_xxx      V_Pas_xxx                         Arvatakseni /    kärsinyt
    236 V_1|N_xxx      V_Pre_xxx                         Toivoakseni /    puhuttavaa
      5 V_1|N_xxx      V_xxx_xxx                         laittaa /    PANU
      4 V_1|N_xxx      X                         jättää /    Strong
    310 V_1|N_xxx      a                         Olla /    yksin
      3 V_1|N_xxx      p                         kohdata /    !
    675 V_2|N_xxx                               Alkaen /    
    232 V_2|N_xxx      A                         Astuessaan /    vaikea
      2 V_2|N_xxx      ADP                         huutaen /    päästä
      2 V_2|N_xxx      AUX                         kohottaen /    täytyy
     16 V_2|N_xxx      EI_V_Fin_xxx                         Huitoen /    ei
    447 V_2|N_xxx      N                         Huutaen /    OTHELLO
      3 V_2|N_xxx      NUM                         huomaten /    kaksi
     26 V_2|N_xxx      P                         Palatessaan /    toi
    256 V_2|N_xxx      V_1|N_xxx                         Kammoksuen /    katsella
    202 V_2|N_xxx      V_2|N_xxx                         aavistaen /    hymyillen
     48 V_2|N_xxx      V_3|N_xxx                         Mennessään /    kyselemään
      7 V_2|N_xxx      V_Agt_xxx                         kaihoten /    näkemäänsä
   7331 V_2|N_xxx      V_Fin_Cnd                         autellen /    elettäisiin
      1 V_2|N_xxx      V_Neg_xxx                         rallatellen /    naimattomat
    522 V_2|N_xxx      V_Pas_xxx                         Astuessani /    ilmoitetuksi
     47 V_2|N_xxx      V_Pre_xxx                         Kuullessaan /    mainittavan
      2 V_2|N_xxx      V_xxx_xxx                         syntyessä /    tulemaisillaan
     93 V_2|N_xxx      a                         Kuollessaan /    tosi
      3 V_2|N_xxx      p                         kuullessasi /    ,
      7 V_2|V_xxx                               avattaessa /    
      4 V_2|V_xxx      A                         otettaessa /    tarpeellinen
      9 V_2|V_xxx      N                         ilmottaessa /    työnsä
      1 V_2|V_xxx      V_1|N_xxx                         palattaessa /    olla
      1 V_2|V_xxx      V_2|N_xxx                         käytäessä /    odottaessa
      1 V_2|V_xxx      V_3|N_xxx                         vaadittaessa /    tunnustamaan
     48 V_2|V_xxx      V_Fin_Cnd                         kuljettaessa /    olisi
      8 V_2|V_xxx      V_Pas_xxx                         Tanssittaessa /    tullut
      2 V_2|V_xxx      V_Pre_xxx                         mentäessä /    olevan
    460 V_3|N_xxx                               Antamalla /    
    513 V_3|N_xxx      A                         Syleilemään /    valmis
      2 V_3|N_xxx      AUX                         puhumaan /    pitäisi
     18 V_3|N_xxx      EI_V_Fin_xxx                         auttamaan /    Ettekö
    362 V_3|N_xxx      N                         Haamaan /    jumaus
      3 V_3|N_xxx      NUM                         nauttimaan /    Kolmenkymmenen
     35 V_3|N_xxx      P                         Tietämättä /    kaikista
   1820 V_3|N_xxx      V_1|N_xxx                         Asioimalla /    tulla
    164 V_3|N_xxx      V_2|N_xxx                         Saattamasta /    palatessa
      1 V_3|N_xxx      V_2|V_xxx                         lausumatta /    palattaessa
    520 V_3|N_xxx      V_3|N_xxx                         ahnehtimaan /    gulashaamaan
     13 V_3|N_xxx      V_Agt_xxx                         ajamaan /    lähettämät
  11553 V_3|N_xxx      V_Fin_Cnd                         Naimatta /    oisin
   1773 V_3|N_xxx      V_Pas_xxx                         Juoksemaan /    harjanneelta
    188 V_3|N_xxx      V_Pre_xxx                         Löytämättä /    syötäväkseni
     69 V_3|N_xxx      a                         aavistamalla /    muuten
    217 V_Agt_xxx                               Asumaan /    
     24 V_Agt_xxx      A                         Lähettämä /    köyhä
      1 V_Agt_xxx      EI_V_Fin_xxx                         oleman /    ei
    646 V_Agt_xxx      N                         ELÄMÄNI /    PÄIVÄ.
     11 V_Agt_xxx      P                         ahdistamana /    Meidän
     18 V_Agt_xxx      V_1|N_xxx                         Näkemähän /    kruunata
      3 V_Agt_xxx      V_2|N_xxx                         löytämänsä /    unehuttaen
      4 V_Agt_xxx      V_3|N_xxx                         lukemistasi /    järjestämään
      8 V_Agt_xxx      V_Agt_xxx                         hankkiman /    lepäämän
    287 V_Agt_xxx      V_Fin_Cnd                         eroaman /    pitäisi
     44 V_Agt_xxx      V_Pas_xxx                         Sattumako /    ohjannut
      5 V_Agt_xxx      V_Pre_xxx                         ajamana /    menevän
      1 V_Agt_xxx      X                         harventamani /    ber
     13 V_Agt_xxx      a                         erottaman /    pitipähän
   6540 V_Fin_Cnd                               Aikoisitko /    
    751 V_Fin_Cnd      A                         Olis /    hauskaa
      1 V_Fin_Cnd      AUX                         tahtoisi /    voisi
     12 V_Fin_Cnd      EI_V_Fin_xxx                         auttaisi /    Ei
    627 V_Fin_Cnd      N                         Heittäisikö /    selkäpiitä
      4 V_Fin_Cnd      NUM                         Olisi /    yksi
    217 V_Fin_Cnd      P                         Olisi /    niitä
      1 V_Fin_Cnd      SCONJ                         kävisikö /    jotta
    143 V_Fin_Cnd      V_1|N_xxx                         Olisi /    ajatella
     17 V_Fin_Cnd      V_2|N_xxx                         auttaisi /    hymyillen
     26 V_Fin_Cnd      V_3|N_xxx                         heräisi /    odottamaan
   1076 V_Fin_Cnd      V_Fin_Cnd                         Eläisi /    muistuttaisi
    454 V_Fin_Cnd      V_Pas_xxx                         Haukuttaisitko /    kysynyt
     26 V_Fin_Cnd      V_Pre_xxx                         Olisi /    mentävä
    201 V_Fin_Cnd      a                         Olisi /    kotona
  10774 V_Fin_Imp                               ANNA /    
    409 V_Fin_Imp      A                         ANNA /    ARMAANI
      3 V_Fin_Imp      AUX                         Paetkoon /    voi
      7 V_Fin_Imp      EI_V_Fin_Imp                         kiittäkäämme /    Älkää
    350 V_Fin_Imp      N                         Ajatelkaa /    joulua
      1 V_Fin_Imp      NUM                         Olkoon /    neljä
     35 V_Fin_Imp      P                         Ole /    minun
     56 V_Fin_Imp      V_1|N_xxx                         Eläköön /    huutaa
      6 V_Fin_Imp      V_2|N_xxx                         Katsokaa /    sanoessaan
      7 V_Fin_Imp      V_3|N_xxx                         Katsoppas /    katsomaan
   1582 V_Fin_Imp      V_Fin_Cnd                         Katsokaa /    huutaisin
      1 V_Fin_Imp      V_Neg_xxx                         käykää /    naimattomat
     99 V_Fin_Imp      V_Pas_xxx                         Anna /    tuntenut
      8 V_Fin_Imp      V_Pre_xxx                         Hurratkaa /    huutavan
      2 V_Fin_Imp      V_xxx_xxx                         Mene /    PANU
      6 V_Fin_Imp      X                         Olkaas /    rauhass
     89 V_Fin_Imp      a                         Anna /    arasti
 186101 V_Fin_Ind                               AJATTELI /    
  15636 V_Fin_Ind      A                         Annan /    enempi
     10 V_Fin_Ind      ADP                         Onko /    mukana
      5 V_Fin_Ind      AUX                         haluaa /    voi
     87 V_Fin_Ind      EI_V_Fin_Imp                         juoko /    Älköön
      6 V_Fin_Ind      INTJ                         saa /    Kas
  16793 V_Fin_Ind      N                         Alkoi /    pehkutukko
    200 V_Fin_Ind      NUM                         Olemme /    kahden
   3503 V_Fin_Ind      P                         Arveletko /    Mitä
      3 V_Fin_Ind      SYM                         On /    loppu;
   1571 V_Fin_Ind      V_1|N_xxx                         Aijotko /    suvaita
    136 V_Fin_Ind      V_2|N_xxx                         Onko /    huutaen
    209 V_Fin_Ind      V_3|N_xxx                         Kiirehtii /    purjehtimaan
     70 V_Fin_Ind      V_Agt_xxx                         On /    Vangitsemahan
  35909 V_Fin_Ind      V_Fin_Cnd                         Asettuu /    rohkenisi
      5 V_Fin_Ind      V_Neg_xxx                         koetin /    voittamattomalta
   6241 V_Fin_Ind      V_Pas_xxx                         Annette /    lähettänyt
    480 V_Fin_Ind      V_Pre_xxx                         Klitsin /    tekevän
     18 V_Fin_Ind      V_xxx_xxx                         ajoin /    PANU
     12 V_Fin_Ind      X                         huusi /    puoliwälissäkään
   3727 V_Fin_Ind      a                         Koputtaa /    niin
      1 V_Fin_Ind      p                         lupaan /    !
    955 V_Fin_Pot                               Aikoneeko /    
    143 V_Fin_Pot      A                         Lie /    aistillinen
      1 V_Fin_Pot      EI_V_Fin_xxx                         lieneekö /    en
    169 V_Fin_Pot      N                         Lie /    aikomus
      4 V_Fin_Pot      NUM                         Lienee /    neljä
     89 V_Fin_Pot      P                         Liekö /    kaikki
      9 V_Fin_Pot      V_1|N_xxx                         halunne /    toivoakseni
      1 V_Fin_Pot      V_2|N_xxx                         mennen /    Kääntyen
      4 V_Fin_Pot      V_3|N_xxx                         kestänee /    kiinnittämässä
    121 V_Fin_Pot      V_Fin_Cnd                         Tarkoittanee /    matkisin
    157 V_Fin_Pot      V_Pas_xxx                         Liekö /    jättänyt
      6 V_Fin_Pot      V_Pre_xxx                         Lienevätkö /    tällähaavaa
      1 V_Fin_Pot      V_xxx_xxx                         saanee /    PANU
     34 V_Fin_Pot      a                         Lienee /    totta
     85 V_Fin_xxx                               Eei /    
     28 V_Fin_xxx      A                         Ehkei /    vaarallista
      9 V_Fin_xxx      AUX                         Ehkei /    voikaan
     21 V_Fin_xxx      N                         Ehkei /    syytä
      8 V_Fin_xxx      P                         Miksei /    sitä
     53 V_Fin_xxx      V_1|N_xxx                         Ettei /    erota
      1 V_Fin_xxx      V_2|N_xxx                         ellei /    katsoen
      2 V_Fin_xxx      V_Agt_xxx                         ettei /    ajattelemistakaan
    380 V_Fin_xxx      V_Fin_Cnd                         Ehkei /    suuttuisikaan
    168 V_Fin_xxx      V_Pas_xxx                         Ehkei /    huomannut
      2 V_Fin_xxx      V_Pre_xxx                         Miksei /    järjestettävissä
      7 V_Fin_xxx      a                         Miksei /    väärin
     15 V_Neg_xxx                               TUNTEMATON /    
      3 V_Neg_xxx      A                         kuulumatontakin /    outoa
     46 V_Neg_xxx      N                         Lukemattomat /    mailmat
      2 V_Neg_xxx      V_1|N_xxx                         sopimattomina /    heittää
     14 V_Neg_xxx      V_Fin_Cnd                         kehittymättömimmissäkin /    olisiko
      6 V_Neg_xxx      V_Pas_xxx                         sanomattoman /    oppinut
      1 V_Neg_xxx      V_Pre_xxx                         saavuttamattomissa /    otettavissa
  35377 V_Pas_xxx                               Aauttanut /    
   2057 V_Pas_xxx      A                         Erinnyt /    hirveämpi
      2 V_Pas_xxx      ADP                         kaatunut /    mukana
      7 V_Pas_xxx      EI_V_Fin_xxx                         Sortuneena /    Ette
   6720 V_Pas_xxx      N                         Aijottu /    pakomatkamme
     28 V_Pas_xxx      NUM                         ilmoitettu /    yksi
    635 V_Pas_xxx      P                         Eksyneet /    me
      1 V_Pas_xxx      SCONJ                         käyneet /    Kun
    400 V_Pas_xxx      V_1|N_xxx                         Humaltuneena /    huomata
    110 V_Pas_xxx      V_2|N_xxx                         Latun /    ajatellessa
      1 V_Pas_xxx      V_2|V_xxx                         vangittuna /    supistettaessa
     70 V_Pas_xxx      V_3|N_xxx                         eroitettuna /    elämään
     13 V_Pas_xxx      V_Agt_xxx                         kadonnut /    osoittamanne
   8598 V_Pas_xxx      V_Fin_Cnd                         Käännettyinä /    kuuluisivat
      1 V_Pas_xxx      V_Neg_xxx                         olleet /    tyytymättömiäkin
   2564 V_Pas_xxx      V_Pas_xxx                         Herättyäni /    saanut
    126 V_Pas_xxx      V_Pre_xxx                         Huomattuaan /    viipyvän
      5 V_Pas_xxx      V_xxx_xxx                         hankkineet /    Panut
      2 V_Pas_xxx      X                         huomannut /    caesar.
    554 V_Pas_xxx      a                         Punnitulle /    yhtäkkiä
   1762 V_Pre_xxx                               ALKAVA /    
    469 V_Pre_xxx      A                         Häikäisevän /    kaunis
      1 V_Pre_xxx      ADP                         koskevia /    mukana
      2 V_Pre_xxx      AUX                         luultavana /    pidä
      4 V_Pre_xxx      EI_V_Fin_Imp                         joutavan /    älä
   3879 V_Pre_xxx      N                         Alkavan /    päivän
      9 V_Pre_xxx      NUM                         Juovaa /    seitsemän
     77 V_Pre_xxx      P                         Kuvaavaa /    se
    225 V_Pre_xxx      V_1|N_xxx                         Kiittävän /    nähdä
     72 V_Pre_xxx      V_2|N_xxx                         Elävän /    tavoitellen
     28 V_Pre_xxx      V_3|N_xxx                         ammuttavaksi /    viemään
      5 V_Pre_xxx      V_Agt_xxx                         huomaavan /    mainitsemani
   4688 V_Pre_xxx      V_Fin_Cnd                         Katsovani /    soisin
    888 V_Pre_xxx      V_Pas_xxx                         Kohisevan /    saapunut
    303 V_Pre_xxx      V_Pre_xxx                         ajavan /    kääntyvän
      2 V_Pre_xxx      V_xxx_xxx                         olevan /    kuolemaisillaan
      1 V_Pre_xxx      X                         vän /    där
    161 V_Pre_xxx      a                         ajavan /    edellään
     78 V_xxx_xxx                               Nääntymäisillään /    
      2 V_xxx_xxx      A                         oleminen /    semmoinen
     10 V_xxx_xxx      N                         Olemisen /    suloisuuttako
      1 V_xxx_xxx      P                         olijat /    ne
      2 V_xxx_xxx      V_1|N_xxx                         olemisestaan /    kuulla
     76 V_xxx_xxx      V_Fin_Cnd                         kuulua /    olisi
      7 V_xxx_xxx      V_Pas_xxx                         haihtumaisillaan /    ollut
      3 V_xxx_xxx      V_Pre_xxx                         kaatumaisillaan /    olevaa
    209 X                               Apraxie /    
     17 X      A                         Kuink /    ihanaa
      1 X      AUX                         tok /    pitäisi
      1 X      EI_V_Fin_Imp                         taannoist /    älä
      4 X      EI_V_Fin_xxx                         dig /    En
      1 X      EI_V_xxx_xxx                         surkeutt /    en
    578 X      N                         Barr /    auttakoot
      1 X      NUM                         ajast /    neljättäkymmentä
      3 X      P                         Rosmer /    Meidän
      1 X      SCONJ                         suap /    jotta
      8 X      V_1|N_xxx                         Löfving /    katsoa
      1 X      V_2|N_xxx                         deo /    riemuiten
      1 X      V_3|N_xxx                         ral /    haikailematta
      2 X      V_Agt_xxx                         On /    näkemäni
      9 X      V_Fin_Cnd                         coup /    sais
     18 X      V_Fin_Imp                         Fromont /    Verrattakoon
     89 X      V_Fin_Ind                         Basset /    tiuskasi
     16 X      V_Pas_xxx                         aatel /    valinnut
      1 X      V_Pre_xxx                         yhdess /    ruokailtava
   1352 X      X                         Adjutant /    ral
     35 X      p                         Eachin /    !
   4486 a                               Aina /    
  19197 a      A                         AIKA /    nykyinen
     26 a      ADP                         Hyvin /    lähellä
    178 a      AUX                         Aina /    pitänyt
     20 a      CONJ                         NÄKEMIIN /    JA
     46 a      EI_V_Fin_Imp                         Noin /    älkää
    842 a      EI_V_Fin_xxx                         Aina /    Ei
     31 a      EI_V_xxx_xxx                         Miks /    et
     19 a      INTJ                         Itse /    No
  25089 a      N                         AIVAN /    HEIKKO.
    926 a      NUM                         Aina /    viisi
   4993 a      P                         Agnes /    sitä
    857 a      SCONJ                         Aina /    kun
      2 a      SYM                         Nyt /    var
  12554 a      V_1|N_xxx                         Ai /    julistaa
   2273 a      V_2|N_xxx                         Aamen /    siunaten
     13 a      V_2|V_xxx                         Kotiin /    tultaessa
   2548 a      V_3|N_xxx                         ANNIKKI /    karkelemaan
    237 a      V_Agt_xxx                         Aikaan /    saamansa
   4962 a      V_Fin_Cnd                         Aina /    Olisko
   5951 a      V_Fin_Imp                         Aina /    Kuulkaapas
 110689 a      V_Fin_Ind                         ALLI /    puhut
    722 a      V_Fin_Pot                         Ehkä /    tietänee
     50 a      V_Fin_xxx                         Melkeinpä /    ettei
     35 a      V_Neg_xxx                         Ikäänkuin /    saamattomassa
  24758 a      V_Pas_xxx                         ALLE /    kirjoittanut
   3365 a      V_Pre_xxx                         Aina /    antavia
     67 a      V_xxx_xxx                         Aika /    PANU
     34 a      X                         Handläggningen /    October
  18618 a      a                         AIKA /    SEN
      2 a      p                         halveksivasti /    !
      1 p                               ! /    
  17272 p      A                         ! /    ANNIKKI
     27 p      ADP                         ! /    puolestani
    383 p      AUX                         ! /    Voi
     80 p      EI_V_Fin_Imp                         ! /    Älkää
   1107 p      EI_V_Fin_xxx                         ! /    Ei
     41 p      EI_V_xxx_xxx                         , /    Ei
    245 p      INTJ                         ! /    Ah
  30171 p      N                         ! /    AATELISMIES
    261 p      NUM                         ! /    Kahden
   4915 p      P                         ! /    He
    111 p      SCONJ                         ! /    jotta
      5 p      SYM                         , /    kah!
  10789 p      V_1|N_xxx                         ! /    Eksyä
    867 p      V_2|N_xxx                         ! /    Istuen
      7 p      V_2|V_xxx                         . /    avattaessa
    457 p      V_3|N_xxx                         ! /    Arvostelemaanko
    212 p      V_Agt_xxx                         ! /    antakamme
   6397 p      V_Fin_Cnd                         ! /    Annettaisiinko
  10296 p      V_Fin_Imp                         ! /    ANNA
 176438 p      V_Fin_Ind                         ! /    Ahdistetaan
    923 p      V_Fin_Pot                         ! /    Jaksaneehan
     74 p      V_Fin_xxx                         ! /    Ett
     16 p      V_Neg_xxx                         ! /    naimattomat
  34852 p      V_Pas_xxx                         ! /    Ahdistettu
   1729 p      V_Pre_xxx                         ! /    Kauhistava
     72 p      V_xxx_xxx                         ! /    PANU
    193 p      X                         ! /    Eachin
   4703 p      a                         ! /    Aha
