Agneta
Ainehita
Alakaa
Alaskallistaa
Alkää
Alota
Alotatpa
Amorinpa
Amynttaa
Andronicusta
Annaliisa
Annappa
Annareeta
Annushka
Annushkaa
Antoniota
Antta
Anttola
Armoittelenpa
Aspelaa
Aufidiota
Awatkaa
Cottaa
Cressida
Elkää
Eläkä
Emma
Empä
Epä
Eroita
Eroittaa
Esmeralda
Euroopa
Farinata
Haamoittaapa
Hajoittaa
Haleta
Halutonna
Hangavitta
Hauskutelkaa
Hedelmätä
Heisaa
Heittäitkää
Heliätä
Helpoita
Hengäiskää
Heretkää
Herhiläitä
Herkiä
Herrasiunaa
Herttuata
Hervotonna
Heta
Hiuskata
Huomaamatonna
Häristää
Häväiskää
Häämöittää
Ihanata
Ilmota
Imartaa
Imatrata
Irroita
Irroittaa
Irtauta
Istautukaa
Isämeitää
Jaaa
Jauhotkaa
Jertta
Juanita
Juliata
Ka
Kainata
Kaipuutonna
Kanonada
Karkoita
Karkoittaa
Karkoittakaa
Katalata
Katsoppa
Kauvempata
Kehenkä
Kehoita
Kehoittakaa
Kenraalinna
Kerroppa
Kihelöitsipä
Kimauta
Kirjavata
Kivottakaa
Kohoita
Kokoelkaa
Kolkiista
Koroittaa
Kowaa
Kreta
Kumpa
Kunniata
Kuohuvata
Kuorippa
Kuta
Kuulkaappa
Kuullunna
Kuultelisitpa
Kysyppä
Kämälä
Käwipä
Käyppä
La
Laitappa
Laskeukaa
Lauaiskaa
Laura
Lemustaa
Lepaa
Letta
Levotonna
Lewätkää
Liena
Linnota
Lisbeta
Loitompata
Lueppa
Lygiaa
Lähtäänpä
Läklättää
Maa
Magda
Malttukaa
Marketa
Meneppä
Mistää
Mulauttaa
Murinata
Nalliaista
Nihkaisenpa
Noudappa
Nouseppa
Nukunta
Nukusta
Nuorna
Nuoskeata
Nykäseepä
Nyya
Nyykäyttää
Näimpä
Näytäppä
Oihonna
Oihonnaa
Oikameonna
Oleppa
Olettehaa
Olimpa
Oliwatpa
Ollappa
Ompa
Onkiippa
Oottaa
Osanna
Osota
Osottaa
Otappa
Otappaa
Otta
PARAMS:test   
Paiskaasta
Pakoittaa
Paneppa
Parempata
Pelkäämpä
Peloittaa
Petrea
Petrushaa
Pha
Piattaa
Pidämpä
Piennä
Pihauttaa
Piiloittaa
Piiloittakaa
Piiloittautukaa
Pippingä
Piruusissaanpa
Pistäännyppä
Pittää
Porstuata
Priita
Ptolemea
Puhaltakaappa
Puhta
Puistaltaa
Puistauttaa
Puistelkaa
Pukeukaa
Puurnunleukaa
Pynnölä
Pyörähyttää
Pöksähtää
Raa
Rehoittaa
Romeota
Rosalieta
Rynkää
Saadanpa
Saara
Sancta
Sanoppa
Seelaa
Seisattakaa
Sentähdenpä
Seoittakaa
Seuraavata
Shuokaa
Sicyonista
Siirtäjätä
Siroittakaa
Sittepä
Sortajata
Sukostaa
Suomuloitkaa
Suoppa
Syhytä
Syldä
Synnyntä
Syvällenpä
Söökä
Taappaa
Tamoraa
Tarjotuita
Tarkottaa
Tavottaa
Teeppä
Tekasenpa
Telefoonatkaa
Teodoreta
Tervennä
Terveppä
Tikottaa
Tintta
Toisentaa
Toitauta
Toivotonna
Toiwota
Tukehuttaa
Tukeuttaa
Tuleppa
Tulewa
Tuliloimona
Turinata
Tuuvittaa
Töyttää
Unohuttaa
Uskollisna
Vaa
Valoittaa
Valostaa
Vammustakaa
Vanloota
Varjakkaa
Varotkaa
Varvastelkaa
Vetäykää
Vikistää
Virkahtaa
Vunukoita
Yhtämittaa
Yövartijata
aa
aallota
aaltoilla
aatelisna
aatella
aateloida
aatteluttaa
aava
aavistaa
aavistella
abbedissa
ahdata
ahdistaa
ahdistella
ahdistua
ahertaa
ahkera
ahkeroida
ahmaista
ahmia
ahnehtia
ahtaa
ahtautua
aidata
aiheuttaa
aijota
aika
aikaansaada
aikailla
aikoa
ailahduttaa
ailahtaa
ainoa
aistia
aivastaa
aivastella
aivastuttaa
ajaa
ajaantua
ajastaa
ajatella
ajattaa
ajatteluttaa
ajautua
ajelehtaa
ajelehtia
ajella
akaa
akka
ala
alentaa
alentua
aleta
alistaa
alistua
alkaa
allekirjoittaa
alleviivata
aloitella
aloittaa
alota
aloteta
alottaa
altistaa
alustaa
ammahda
ammentaa
ammoittaa
ammottaa
ammua
ammuskella
ammuttaa
ampua
ampuaa
ampuilla
ampumamiestä
analysoida
anastaa
anda
andaa
anella
ankkuroida
annella
anniskella
anoa
ansaita
anta
antaa
antaja
antaukaa
antautua
antta
apinoida
appaa
aprikoida
arastaa
arastella
aristella
aristua
arkailla
armahtaa
armastaa
armastella
arpoa
arvailla
arvata
arvella
arvelluta
arveluttaa
arvettua
arvioida
arvoaa
arvostaa
arvostella
asestaa
asetella
asettaa
asettautua
asettua
asia
asiata
asioida
askaroida
askarrella
askarruttaa
askartaa
astahtaa
astella
astua
asua
asustaa
asustella
asuttaa
aterioida
aueta
aukaa
aukaista
aukea
aukoa
aumata
aurata
autella
autinpa
autioittaa
autodafeeta
auttaa
auttaja
autuoittaa
avajaa
avartaa
avartua
avata
avautua
avittaa
avustaa
awatkaa
deklamoida
diskonteeraa
edellyttää
edeltää
edeskäypä
edetä
edistyä
edistää
edustaa
ehdoita
ehdoittaa
ehdotella
ehdottaa
ehjentää
ehkäistyä
ehkäistä
ehtiä
ehtyä
ehättää
eittää
ekseeraa
eksyneildä
eksyttää
eksyä
elehtiä
elellä
eliminoitua
elkää
elköönkä
elmää
elostua
elpyä
elvyttää
elähdyttää
elähyttää
eläkä
elämätä
elämöidä
elänynnä
elätellä
elättää
elävöittää
eläytyä
elää
empiä
emännöidä
emäntä
enempätä
enentyä
enentää
enetä
engelskaa
ennustaa
ennustella
ennättää
entää
epilimmaa
epuuttaa
epä
epäillä
epäilyttää
epäonnistua
epäröidä
erehdyttää
erehtyä
erhettyä
eristyä
eristää
eritellä
erittyä
erittää
eritä
erkaantua
eroita
eroittaa
eroittakaa
erota
erotella
erottaa
erottamatonna
erottautua
erottua
erä
erästää
esiintyä
esitellä
esitelmöidä
esittäytyä
esittää
esityttää
esiytyä
estellä
estyä
estää
etoa
etsintä
etsiskellä
etsiä
etsoaikaa
etuilla
etä
etähällä
etääntyä
evästellä
evästää
evätä
falskata
filosofoida
formuloida
fundeerata
haalata
haalia
haalistua
haamoittaa
haamottaa
haaraantua
haarautua
haarikka
haaroaa
haaskata
haastaa
haastatella
haastattaa
haastella
haava
haaveilla
haaveksia
haavoittaa
haavoittua
haeskella
haettaa
haihatella
haihduttaa
haihtua
haikailla
haipua
hairahtaa
hairahtua
haisahtaa
haiskahtaa
haista
haistaa
haistattaa
haistella
haitata
hajaantua
hajahtaa
hajauttaa
hajoittaa
hajoittakaa
hajota
hajotella
hajottaa
hajustaa
haka
hakata
hakea
hakkailla
hakkauttaa
hakkuuttaa
halailla
halaista
halaja
halajaa
halata
haleta
haljeta
halkaista
halkasenpa
halkeilla
halkoa
hallelujaa
hallita
haltija
haltioitua
haluta
haluttaa
halvata
halvautua
halveksia
halveksua
halventaa
halventua
halveta
halwentaa
hammastaa
hampsia
hamuilla
hamuta
hangata
hangoitella
hankkia
hankkiutua
haparoida
hapata
hapattaa
hapertua
hapuilla
harakka
harata
harava
haravoida
harhaantua
harhailla
harhauttaa
harittaa
harjaantua
harjata
harjoitella
harjoittaa
harjota
harjottaa
harkita
harmaantua
harmaapää
harmahtaa
harmentaa
harmentua
harmeta
harmistua
harmitella
harmittaa
haroa
harpata
harppailla
harppoa
harrastaa
harrastella
harrastua
harrittaa
harrottaa
harsia
hartia
hartsata
harventaa
harveta
hassutella
haudata
haudella
haukahtaa
haukata
haukkoa
haukkua
haukotella
haukottaa
haukotuttaa
haukunta
haukuskella
hauskuttaa
hauta
hautaantua
hautautua
hautoa
hautua
havahduttaa
havahtaa
havahtua
havaita
havista
havitella
hedelmöidä
hedelmöittää
hehkua
hehkuttaa
heihuttaa
heijastaa
heijastella
heijastua
heijata
heikentyä
heikentää
heiketä
heikontaa
heikontua
heikota
heilahdella
heilahduttaa
heilahtaa
heilahuttaa
heilautella
heilauttaa
heilimöidä
heilua
heilutella
heiluttaa
heiskahtaa
heitellä
heittelehtiä
heittyä
heittäykää
heittäytyä
heittäytä
heittää
heitänmä
heitättää
hekkumoida
hekotella
hekumoida
helistellä
helistä
helistää
helisyttää
helkkyä
helkytellä
helkyttää
helkähtää
helkätä
hella
hellitellä
hellittää
hellitä
helliä
hellyttää
hellätä
helma
helmeillä
heloittaa
helottaa
helpoittaa
helpoittakaa
helpontua
helpota
helpottaa
helpottua
helskytellä
helskyttää
helskyä
helskähtää
heltyä
helähdellä
helähtää
helähyttää
heläjää
heläyttää
hemmotella
hempukka
hengittää
hengähtää
hengästyttää
hengästyä
henkiä
henkäillä
henkäistä
hennoa
hera
herahdella
herahtaa
herauttaa
heristellä
heristyä
heristää
herittää
herjata
herjetä
herkistyä
herkiää
herkutella
hermostua
hermostuttaa
herpaista
herpautua
herra
herrastella
hersyä
herua
heruttaa
hervahtaa
hervota
hervotonna
heräillä
heräjä
heräjää
herätellä
herättää
herätä
heräyypä
hetikohta
hetkahtaa
hetkutella
hidastaa
hidastella
hidastua
hidastuttaa
hiekoittaa
hiekotuta
hienontaa
hienontua
hienostaa
hienostella
hienostua
hieraista
hieroa
hieroskella
hierottaa
hieroutua
hiestyä
hieta
hievahtaa
hihitellä
hihittää
hihkaista
hihkua
hiihdellä
hiihtää
hiiltyä
hiiltää
hiipiä
hiipua
hiiskahtaa
hiiskua
hiivata
hiiviskellä
hiivittää
hikoilla
hikoiluttaa
hikottaa
hilata
hiljempää
hiljentyä
hiljentää
hiljetä
hillitä
hima
himartaa
himmentyä
himmentää
himmetä
himoita
himota
hinata
hinautua
hioa
hiostua
hiota
hiottaa
hipaista
hipoa
hipsiä
hipsutella
hirmustua
hirnahdella
hirnahtaa
hirnua
hirttäytyä
hirttää
hirtättää
hirvetä
hirvittää
hirvitä
hirweämpää
hisahtaa
hissata
historjaa
hiukaista
hiukoa
hiutua
hivellä
hiveltää
hivuttaa
hivuttautua
hohdella
hohkaa
hohkua
hohottaa
hohtaa
hoidella
hoiketa
hoilahuttaa
hoilata
hoilottaa
hoiperrella
hoippua
hoippuroida
hoitaa
hoitaja
hoiva
hoivailla
hoivata
hokea
hoksata
holhoojata
holhota
holvata
homehtua
hommailla
hommata
honottaa
hopea
hopeoida
hopeoitua
hoppuilla
hoputtaa
horista
horjahdella
horjahduttaa
horjahtaa
horjua
horjuttaa
hortoilla
hosiannaa
hosua
hotaista
hotkia
houkutella
houkuttaa
houkuttua
houraa
hourailla
houria
houriota
huhkia
huhtoa
huhuilla
huhuta
huidella
huijata
huikaista
huikaistua
huikata
huikennella
huilata
huimata
huimia
huipata
huipeta
huiputtaa
huiska
huiskaa
huiskahtaa
huiskauttaa
huiskia
huiskuttaa
huitaista
huitoa
hujahtaa
hujauttaa
hukata
hukkua
hukuttaa
hukuttautua
hulahtaa
huljahtaa
huljua
huljutella
hullaa
hullaantua
hullutella
hulmahtaa
hulmuta
humahdella
humahtaa
humaltua
humina
huminoida
humista
hummata
humpata
hunnuttaa
huoahdella
huoahtaa
huoata
huohoaa
huohottaa
huojahdella
huojahtaa
huojentaa
huojentua
huojeta
huojistua
huojua
huojutella
huojuttaa
huokailla
huokaista
huokua
huolehtia
huolestaa
huolestua
huolestuttaa
huoletonna
huolettaa
huolia
huolita
huolitella
huoltaa
huomata
huomautella
huomauttaa
huomia
huonontua
huonota
huora
huorata
huovata
hupailla
huppuroida
hupsahtaa
hupsia
hupsutella
hurahdella
hurahtaa
hurauttaa
hurista
huristaa
hurjastella
hurjempata
hurjeta
hurjistua
hurmaantua
hurmata
hurmautua
hurmeuttaa
hurrata
hurskastella
hutiloida
hutkia
huudahdella
huudahtaa
huudattaa
huudella
huuhdella
huuhta
huuhtoa
huuhtoutua
huumaantua
huumata
huumautua
huurtua
huuruta
huuruvaa
huutaa
huventaa
huveta
huvitella
huvittaa
huwittaa
hykerrellä
hykertää
hyljätä
hyljää
hylkiä
hylkyttää
hylkäjää
hyllyä
hylätä
hymistä
hymyillä
hymyilyttää
hymytä
hymähdellä
hymähtää
hypellä
hypistellä
hypistää
hypittää
hyppiä
hyppyyttää
hypähdellä
hypähtää
hypätä
hyristä
hyrrätä
hyrskiä
hyrskytä
hyrskähtää
hyrähtää
hyräillä
hyräjää
hyssytellä
hytistä
hytkytellä
hytkyttää
hytkyä
hytkähdellä
hytkähtää
hytkähyttää
hytkäyttää
hyvitellä
hyvittää
hyvä
hyväillä
hyväksyttää
hyväksyä
hyvästellä
hywä
hywää
hyysätä
hyytyä
hyytää
hyödyttää
hyökkäillä
hyökyä
hyökätä
hyökää
hyöriä
hyötyä
hyötää
häijjyyvestää
häikähtää
häikäillä
häikäistyä
häikäistä
häikää
häilyä
häilyää
häilähdellä
häilähtää
häipyä
häiriintyä
häiritsewää
häiritä
häiriytyä
häirää
häivähtää
häkeltyä
hälistä
hällä
hältä
hälventyä
hälventää
hälvetä
hälyttää
hälyyttää
hämmennyttää
hämmentyä
hämmentää
hämmästellä
hämmästyttää
hämmästyä
hämärtyä
hämärtää
hämätä
händä
hännystellä
häntä
häpeillä
häpäistä
härnäillä
härnätä
härsyttää
hätiköidä
hätistellä
hätistää
hätkähdellä
hätkähtää
hätyytellä
hätyyttää
hätä
hätäillä
hätäännyttää
hätääntyä
hävettää
hävetä
hävittää
hävitä
häväistä
häyrypää
hää
häädellä
häälyä
häämöittää
häämöttää
hääriä
hääräillä
häärätä
häätyytä
häätää
hökäistä
hölkytellä
höllentää
höllittää
höllätä
höllöttää
hölmistellä
hölmistyä
hölmöillä
hölpöttää
höltyä
hölöttää
hömähtää
hönkä
hönkäistä
höpistä
höpsiä
höpöttää
hörhähtää
hörhättää
hörhöttää
höristellä
höristä
höristää
hörkistää
hörppiä
hörpätä
hörähtää
höröttää
höyhentää
höylätä
höyryttää
höyrytä
höystyä
höystää
höösätä
idättää
ihailla
ihannoida
ihastella
ihastua
ihastuttaa
ihmetellä
ihmetyttää
ihmeyttääpä
ihmistyä
ikipäiwänä
ikuistaa
ikä
ikävystyttää
ikävystyä
ikävöidä
ilahduttaa
ilahtua
ilahuttaa
ilakoida
ilauta
ilauttaa
ilettää
iljettää
iljetä
ilkamoida
ilkkua
illastaa
ilmaantua
ilmaista
ilmata
ilmentää
ilmestyä
ilmetä
ilmiantaa
ilmituoda
ilmoisna
ilmoitella
ilmoitettawa
ilmoittaa
ilmoittautua
ilmoittua
ilmottaa
iloisna
iloita
iloittaa
ilostua
ilostuttaa
ilottaa
ilvahtaa
ilvehtiä
ilveillä
ilvottaa
imarrella
imeksiä
imeskellä
imettää
imeytyä
imeä
inhoita
inhoittaa
inhokaa
inhota
inhottaa
inistä
innoittaa
innostaa
innostua
innostuttaa
innota
intellä
intoilla
intoutua
inttää
irroita
irroiteta
irroittaa
irrota
irrottaa
irrottautua
irrottua
irtaantua
irtauta
irtautua
irvata
irvistellä
irvistää
irviä
iskettää
iskeytyä
iskeä
isontaa
isota
isotella
istahtaa
istua
istuksia
istuppa
istuskella
istuttaa
istuutua
isä
isämeitää
isännöidä
isäntä
itkeskellä
itkettää
itkeä
itsenäistyttää
itsenäistyä
itä
itää
iva
ivailla
ivata
iätä
jaaritella
jaella
jahdata
jahkailla
jakaa
jakaantua
jakautua
jaksaa
jaksanunna
jaksella
jaloitella
jalostaa
jalostua
jama
jankata
jankuttaa
janota
janottaa
jaottaa
jarruttaa
jatkaa
jatkua
jauhaa
jauhattaa
jauhottaa
johdatella
johdattaa
johtaa
johtaja
johtua
joikua
jokellella
jolkuttaa
jollottaa
jomottaa
jonottaa
jorista
jorrittaa
jouduttaa
joustaa
joutaa
joutua
juhla
juhlallisna
juhlia
juhlistaa
julaista
julistaa
julistautua
juljeta
julkaista
julkilausua
julkistaa
julmentaa
julmistua
jumala
jumaloida
jumuaa
junnata
juntata
juoda
juohtua
juoksennella
juoksettaa
juoksuttaa
juolahtaa
juonia
juonitella
juontaa
juontua
juopotella
juopua
juoruilla
juoruta
juosta
juottaa
juovittaa
juovuttaa
jupista
jurnittaa
jurnuttaa
juroa
jurottaa
jurrittaa
jutella
jutkahtaa
jutuaa
jutustaa
juurittaa
juurruttaa
juurtaa
juurtua
juuttua
jykertää
jylhistyä
jylistä
jymistä
jymähdellä
jymähtää
jymäytellä
jymäyttää
jyristellä
jyristä
jyrisyttää
jyrketä
jyrsiä
jyrytä
jyryyttää
jyrähdellä
jyrähtää
jyräkkää
jyräyttää
jyskiä
jyskytellä
jyskyttää
jyskyä
jyskähtää
jyskää
jysähdellä
jysähtää
jysäyttää
jytistä
jytkyttää
jytyyttää
jyvä
jähdyttää
jähmettyä
jähmettää
jäljentää
jäljestää
jäljitellä
jämähtää
jänistää
jännittyä
jännittää
järistä
järisyttää
järjestellä
järjestyä
järjestäytyä
järjestää
järkeillä
järkkyä
järkyttää
järkähtää
järkähyttää
järsiä
järähtää
järähyttää
järäyttää
jättäytyä
jättää
jätättää
jäyketä
jäykistyä
jäykistää
jäytää
jää
jäädyttää
jäädä
jäähdytellä
jäähdyttää
jäähtyä
jäätyä
jäätää
jököttää
jöröttää
kaa
kaadella
kaahata
kaakattaa
kaamoittaa
kaapaista
kaapata
kaapia
kaaputtaa
kaarestaa
kaareutua
kaarrella
kaartaa
kaartua
kaataa
kaatua
kaatuilla
kaavailla
kadehtia
kadota
kadottaa
kaduttaa
kahahtaa
kahakoida
kahista
kahlata
kahlehtia
kahlita
kahmaista
kahnata
kahvitella
kaidenna
kaihota
kaihtaa
kaikaa
kaikota
kaikottaa
kaikua
kainostella
kainostuttaa
kaipaella
kaipailla
kairata
kaita
kaitsea
kaiutella
kaiuttaa
kaivaa
kaivata
kaivattaa
kaivautua
kaivella
kaivertaa
kajahdella
kajahtaa
kajahuttaa
kajastaa
kajastella
kajastua
kajautella
kajauttaa
kajota
kajottaa
kakistaa
kakistella
kakoa
kaksinkertaistua
kalahdella
kalahtaa
kalastaa
kalastella
kalauttaa
kalista
kalistaa
kalistella
kalkattaa
kalketa
kalkita
kalkkaa
kalkutella
kalkuttaa
kallistaa
kallistella
kallistua
kalma
kalskahtaa
kaltata
kaluta
kalvaa
kalventaa
kalveta
kalwaa
kamala
kammata
kammeta
kammitsaa
kammitsoida
kammoa
kammoksua
kammoksuttaa
kammota
kammottaa
kamoittaa
kampata
kamppailla
kamppailtuaa
kangastaa
kangastella
kangastua
kangerrella
kangertaa
kangeta
kangistaa
kangistua
kangistuttaa
kannatella
kannattaa
kannella
kanniskella
kannustaa
kansa
kansoittaa
kansoittua
kantaa
kantautua
kapaista
kapinoida
kapsaa
kapsahdella
kapsahtaa
kapsuttakaa
kara
karahdella
karahtaa
karahteerata
karaista
karaistua
karata
karautella
karauttaa
karehtia
kareilla
karhata
karhita
karhuta
karista
karistaa
karistella
karja
karjahdella
karjahtaa
karjaista
karjeta
karjua
karkailla
karkaista
karkaistua
karkeloida
karkoita
karkoittaa
karkoittakaa
karkota
karkottaa
karkuuttaa
karma
karmaista
karmia
karsia
karskistaa
karstata
kartella
kartoittaa
kartta
karttaa
karttua
kartuttaa
karvastella
karvata
kasaantua
kasailla
kasata
kasautua
kasketa
kastaa
kastattaa
kastella
kastua
kasvaa
kasvattaa
kasvettua
kaswa
kaswaa
kaswattaa
katala
katastanna
katka
katkaista
katkeilla
katkeroittaa
katkeroitua
katketa
katkiaa
katkoa
katoowa
katsahtaa
katsastaa
katsella
katsoa
katsoppa
kattaa
katua
kauheampata
kauhistaa
kauhistua
kauhistuttaa
kaulailla
kaulata
kaulia
kaunistaa
kaunistella
kaunistua
kaupata
kaupita
kaupitella
kaupustella
kauvempata
kavahtaa
kavahuttaa
kavaltaa
kaventaa
kaveta
kavota
kavuta
kehaista
kehdata
kehitellä
kehittyä
kehittää
kehiä
kehkeytyä
kehoita
kehoittaa
kehotella
kehottaa
kehrätä
kehua
kehuskella
kehystää
kehä
keihä
keihästää
keijottaa
keikahtaa
keikahuttaa
keikailla
keikauttaa
keikistellä
keikistää
keikka
keikkua
keikutella
keikuttaa
keiluaa
keimailla
keinahdella
keinahtaa
keinotella
keinua
keinuskella
keinutella
keinuttaa
keitellä
keittää
keitättää
kekata
kekkaloida
kekkuloida
kekottaa
keksaista
keksiä
kellahdella
kellahtaa
kellastaa
kellastua
kellehtää
kellertää
kellistyä
kellistää
kelliä
kellottaa
kellua
kellätä
kelmentyä
kelmetä
kelvata
kenellekää
kengittää
keppelehtää
kepsutella
kera
keralla
keretä
keritä
keriä
kerjetä
kerjätä
kermoa
kerrata
kerroppa
kerrostua
kerskailla
kerskata
kerskua
kertautua
kertoa
kertoelkaa
kertoilla
kertyä
keräillä
kerätä
keräytyä
kerääntyä
kesiä
keskeyttää
keskeytyä
keskittyä
keskittää
keskustella
kestittää
kestitä
kestää
kesyttyä
kesyttää
keventyä
keventää
kevetä
kewentää
kiduttaa
kiehahtaa
kiehauttaa
kiehtoa
kiehtää
kiehua
kiehuttaa
kiekahtaa
kiekua
kieliä
kiellellä
kieltäytyä
kieltää
kiemurrella
kiemurtaa
kiepahtaa
kiepauttaa
kieppua
kiepsahtaa
kiepsauttaa
kieputtaa
kieriskellä
kieritellä
kierittää
kieriä
kieriää
kieroilla
kierrellä
kierrättää
kiertyä
kiertää
kierähtää
kietaista
kietoa
kietoontua
kietoutua
kihahtaa
kihelmöidä
kiherrellä
kihistä
kihlata
kihnutella
kihnuttaa
kihota
kiidähtää
kiidättää
kiihdyttää
kiihkoilla
kiihkota
kiihoittaa
kiihottaa
kiihottua
kiihtyä
kiihtää
kiikaroida
kiikkua
kiikutella
kiikuttaa
kiilata
kiillellä
kiilloittaa
kiillottaa
kiiltää
kiilua
kiinniriippua
kiinnitelkää
kiinnittyä
kiinnittää
kiinnostaa
kiintyä
kiintää
kiipeillä
kiipiä
kiirahtaa
kiirahtipa
kiirehtiä
kiirehtää
kiiriä
kiiruhtaa
kiista
kiistellä
kiistää
kiitellä
kiittää
kiitää
kiivailla
kiivastella
kiivastua
kiivastuttaa
kiivetä
kikatella
kikattaa
kilahdella
kilahtaa
kilauttaa
kilistellä
kilistä
kilistää
kiljahdella
kiljahtaa
kiljaista
kiljua
kilkattaa
kilkkaa
kilkuttaa
killistellä
killua
kilpa
kilpailla
kilpistyä
kilvoitella
kimallella
kimaltaa
kimeltää
kimittää
kimmahtaa
kimmastua
kimmellellä
kimmeltää
kimmota
kimpaantua
kimpoaa
kimpustaa
kinailla
kinastella
kinata
kinostua
kipata
kipenöidä
kipeytyä
kipinöidä
kipittää
kipoittaa
kipristellä
kipristyä
kipristää
kirahtaa
kiristellä
kiristyä
kiristä
kiristää
kirja
kirjailla
kirjata
kirjava
kirjoa
kirjoaa
kirjoitella
kirjoittaa
kirjoittautua
kirjoituttaa
kirjuttaa
kirkaista
kirkastaa
kirkastua
kirkastuttaa
kirkua
kirmailla
kirmaista
kirmata
kirnuta
kiroilla
kiroiluttaa
kirota
kirskahtaa
kirskua
kirskuttaa
kirvellyttää
kirvellä
kirveltää
kirvoittaa
kirvota
kirvottaa
kisailla
kisata
kiska
kiskaista
kiskoa
kiskottaa
kismittää
kitata
kiteyttää
kiteytyä
kitistä
kitka
kitkeä
kitkutella
kitkuttaa
kitua
kituuttaa
kiukkuilla
kiukustua
kiukutella
kiukuttaa
kiusaantua
kiusata
kiusoitella
kivahtaa
kivertää
kivettyä
kivettää
kivistää
kivittää
kivuta
klinkuttaa
koetella
koettaa
koettellaanpa
kohahdella
kohahtaa
kohautella
kohauttaa
kohdata
kohdella
kohdistaa
kohdistua
kohennella
kohentaa
kohentua
koheta
kohista
kohmettua
kohoilla
kohoittaa
kohota
kohottaa
kohottautua
koikkelehtia
koira
koitella
koittaa
koitua
kokea
kokeilla
koketeerata
kokoilla
kokoontua
kokottaa
kokoutua
kolahdella
kolahtaa
kolata
kolauttaa
kolhia
kolista
kolistaa
kolistella
kolisuttaa
kolkata
kolkkia
kolkutella
kolkuttaa
kollottaa
koloa
kolottaa
koluta
kombinoida
komeilla
komennella
komentaa
komistaa
kompastella
kompastua
kompuroida
konstailla
kontata
kontia
konttailla
konttoristaa
koota
kopahtaa
kopahuttaa
kopata
kopauttaa
kopeilla
kopeloida
kopioida
kopista
kopistaa
kopistella
kopisuttaa
kopristaa
kopsahtaa
kopsata
koputella
koputtaa
korahdella
korahtaa
koreilla
korista
koristaa
koristautua
koristella
korjaantua
korjailla
korjata
korjauttaa
korjautua
koroittaa
korostaa
korottaa
korskahdella
korskahtaa
korskua
korva
korvata
korvautua
korventaa
korventua
korveta
kosia
kosiskella
koskea
kosketella
koskettaa
kostaa
kostua
kostuttaa
kota
kotjottaa
kotkottaa
koukata
koukerrella
koukistaa
koukistua
koulia
kouluttaa
koura
kouraista
kouria
kouristaa
kouristella
kouristua
koventaa
kovertaa
koveta
kovettaa
kovettua
kovistaa
kovistella
kowaa
kronkottaa
krullaa
kruunata
kruutisavusta
kränätä
kuherrella
kuhertaa
kuhista
kuhjottaa
kuhnailla
kuhnia
kuhnustella
kuhottaa
kuihduttaa
kuihtua
kuiskailla
kuiskata
kuiskia
kuiskutella
kuiskuttaa
kuitata
kuivaa
kuivailla
kuivata
kuivattaa
kuivettua
kuivua
kujeilla
kujertaa
kukahtaa
kukertaa
kukistaa
kukistua
kukittaa
kukka
kukkia
kukkua
kukkuaa
kukoistaa
kulautella
kulauttaa
kuleksia
kulettaa
kuljeksia
kuljentaa
kuljeskella
kuljetella
kuljettaa
kuljettawa
kulkea
kulkeutua
kulkiaimena
kullansädestävillä
kullata
kulua
kuluttaa
kumahdella
kumahtaa
kumajaa
kumarrella
kumartaa
kumartua
kumauttaa
kumista
kummaksua
kummastella
kummastua
kummastuttaa
kummata
kummeksia
kummeksua
kummitella
kummuta
kumoittaa
kumota
kumottaa
kumpuilla
kunniata
kunnioittaa
kunnostaa
kunnostautua
kuohahdella
kuohahtaa
kuohua
kuohuta
kuohuttaa
kuokkia
kuoleentua
kuolettaa
kuoleutua
kuolla
kuoma
kuontua
kuopaista
kuopata
kuopia
kuoputtaa
kuorettua
kuoria
kuormata
kuormittaa
kuorsahtaa
kuorsata
kuorskahtaa
kuortua
kupertua
kuplia
kupristua
kupsahtaa
kurahtaa
kurista
kuristaa
kuristua
kurittaa
kurja
kurjistua
kurkata
kurkistaa
kurkistella
kurkkia
kurkoittaa
kurkotella
kurkottaa
kurkottautua
kurnia
kurnuttaa
kuroa
kuroittaa
kurotella
kurottaa
kurottautua
kurottua
kurra
kursailla
kursastella
kursia
kurtistaa
kurtistua
kusta
kustantaa
kuta
kutahduttaa
kutea
kutista
kutistua
kutitella
kutittaa
kutkuta
kutkutella
kutkuttaa
kutoa
kutoutua
kutsua
kutsuppa
kutsuttaa
kuuhottaa
kuukkia
kuula
kuulla
kuullustelkaa
kuulostaa
kuulostella
kuultaa
kuultamatonna
kuultawaa
kuulua
kuulusa
kuulustaa
kuulustella
kuuluttaa
kuumentaa
kuumentua
kuumeta
kuumoittaa
kuumottaa
kuumua
kuunnella
kuurata
kuurnita
kuurnittaa
kuva
kuvailla
kuvastaa
kuvastella
kuvastua
kuvata
kuvautua
kuvitella
kuvittaa
kuvottaa
kyetä
kyhjöttää
kyhniä
kyhnytellä
kyhnähtää
kyhäillä
kyhätä
kykkiä
kyldrää
kyllämä
kyllästyttää
kyllästyä
kyllääntyä
kylmentää
kylmettyä
kylmetyttää
kylmetä
kylmätä
kylpeä
kyltyä
kylvettää
kylvää
kyläillä
kyniä
kynsiä
kynsäistä
kyntää
kynäillä
kypsentää
kypsytellä
kypsyttää
kypsyä
kyräillä
kysellä
kysyppä
kysyä
kysäistä
kyteä
kytkeä
kytröttää
kytätä
kyydittää
kyyditä
kyyhöttää
kyykistyä
kyykkiä
kyyköttää
kyynelehtiä
kyyneltyä
kyynelöidä
kyyristellä
kyyristyä
kyyristää
kyyröttää
kyytiä
kyörätä
kähertyä
kähertää
kähistä
kähmiä
kämä
käpertyä
käpristää
käristä
kärjistyä
kärkkyä
kärsimätöinnä
kärsimätönnä
kärsintää
kärsiä
kärttää
kärventyä
kärventää
kärytä
kärähtää
käräjöidä
käsitellä
käsittää
käskettää
käskeä
kätellä
kätkeytyä
kätkeä
kävelijä
käveliöitä
kävellä
kävelyttää
käväistä
käydä
käyristyä
käyskellä
käyskennellä
käytellä
käyttäitä
käyttäytyä
käyttää
käämiä
käännellä
käännyttää
käännähdellä
käännähtää
käännättää
kääntelehtiä
kääntyillä
kääntynynnä
kääntyä
kääntää
kääriytyä
kääriä
kääräistä
köijätä
kököittää
kököttää
köllähtää
köllötellä
köllöttää
kömpiä
kömähtää
könsikkä
könytä
könöittää
könöttää
köpitellä
köpittää
körötellä
köröttää
köyhtyä
köyhä
köyristyä
köyristää
köyttää
laa
laahata
laahautua
laahustaa
laajentaa
laajentua
laajeta
laantua
laasta
laata
laatia
laatikoida
laatta
ladata
ladella
lahja
lahjoa
lahjoittaa
lahota
laiha
laihduttaa
laihtua
laikahtaa
laillistuttaa
laimentaa
laimentua
laimeta
laimistua
lainailla
lainata
lainehtia
laiskistaa
laiskistua
laiskotella
laiskottaa
laistaa
laitattaa
laitella
laittaa
laittautua
laiva
laivata
lajitella
lakaista
lakastua
lakata
lakkauttaa
lakuta
lalaa
lallatella
lallattaa
lamaantua
lamata
lamauttaa
lamautua
langeta
langettaa
lannistaa
lannistua
lannoittaa
laota
lapioida
lappaa
lapsettaa
laputtaa
lasittaa
laskea
lasketella
laskettaa
laskeukaa
laskeuta
laskeutua
lasta
lastata
lastuta
latautua
latkia
latoa
latva
laueta
lauhduttaa
lauhtua
laukaista
laukata
laukkoa
laukoa
laulaa
laulahtaa
laulattaa
laulella
lauleskella
lauma
lausahtaa
lausua
lautata
laventaa
laverrella
lavertaa
lehahdella
lehahtaa
lehottaa
lehtiä
lehvä
leijailla
leijata
leijona
leijua
leikata
leikellä
leikitellä
leikitteliää
leikittää
leikitä
leikkaantua
leikkiä
leikkuuttaa
leimahdella
leimahtaa
leimata
leimauttaa
leimuta
leipoa
leipä
leiskahtaa
leiskua
leivoittaa
lekkoaa
lekotella
lekottaa
lellitellä
lellua
lemahdella
lemahtaa
lempiä
lemuta
lennellä
lennähdellä
lennähtää
lennähyttää
lennätellä
lennättää
lentää
lepattaa
leperrellä
lepertää
leppyä
lepuuttaa
lepytellä
lepyttää
lepäillä
lerpahtaa
lerpattaa
lerppua
letittää
letkauttaa
leuhahtaa
leuhauttaa
leuhottaa
leuka
leveillä
levennellä
levetä
levitellä
levittäytyä
levittää
levitä
levotonna
levähtää
levähyttää
levätä
lewoittaa
lewähtää
leyhytellä
leyhyttää
leyhyä
leyhähdellä
leyhähtää
liata
liehahtaa
liehakoida
liehauttaa
liehitellä
liehtoa
liehua
liehutella
liehuttaa
liekehtiä
liekutella
liekuttaa
lientyä
lientää
liepeämpää
liepoittaa
lieskahtaa
liestyä
lietsoa
lieventyä
lieventää
lievetä
lievittyä
lievittää
liewittää
liewää
liha
lihava
lihoa
lihoita
lihota
lihottaa
liidellä
liiduta
liidättää
liietä
liihotella
liijostaa
liika
liikahdella
liikahtaa
liikata
liikauttaa
liikehtiä
liikkua
liikkumatoinna
liikkumatonna
liikuskella
liikutella
liikuttaa
liikuttua
liimata
liioitella
liipaista
liipata
liipottaa
liisata
liitostaa
liittoutua
liittyä
liittää
liitää
likentyä
likentää
likistellä
likistyä
likistäytyä
likistää
lilliä
lillua
limata
limittää
lingota
lingottaa
linnoittaa
lioittaa
liota
liotella
liottaa
lipaista
lipittää
lipoa
lippa
lipsahtaa
lipua
liputtaa
lirahdella
liristä
lirittää
liriä
lirpauttaa
lirputella
lirputtaa
listata
listiä
lisäillä
lisätä
lisääntyä
litistyä
litistä
litistää
litkiä
liueta
liukastella
liukastuttaa
liukua
livahtaa
livauttaa
liverrellä
livertää
livettää
livetä
livistää
llä
loata
lohdutaitkaa
lohdutella
lohduttaa
lohduttautua
lohjeta
lohkaista
lohkeilla
lohkoa
loihdoista
loihtia
loikahtaa
loikata
loikertaa
loikkia
loikoa
loikoilla
loilottaa
loimahtaa
loimentaa
loimottaa
loimuta
loisia
loiskaa
loiskahdella
loiskahtaa
loiskauttaa
loiskia
loiskua
loiskuta
loiskutella
loiskuttaa
loistaa
loistawaa
loitontaa
loitota
loitsia
lojahtaa
lojua
lokattaa
loksaa
loksahdella
loksahtaa
longottaa
lonksahtaa
lopetella
lopettaa
loppua
lorista
loruilla
loruta
lotista
louhia
loukata
loukkaantua
loukkautua
loukuttaa
lta
lucida
lueksia
lueskella
luetella
luettaa
luhistua
luihkaa
luikahtaa
luikahuttaa
luikata
luikerrella
luikertaa
luikkia
luimistaa
luimistella
luiskahtaa
luistaa
luistattaa
luistella
luisua
lujentaa
lujeta
lujittaa
lujittua
lukea
lukeutua
lukita
lukkoaa
lumota
lunastaa
luoda
luodata
luoja
luokitella
luokka
luona
luonnehtia
luonnistaa
luonnistua
luonnostaa
luonnostella
luontua
luopua
luotella
luottaa
luovia
luovuttaa
lupa
lupailla
lupautua
luperehtaa
lupsahdella
lupsahtaa
lupsauttaa
lusahtaa
lusikka
lutka
luuhottaa
luulla
luulotella
luuta
luutia
luutua
luututa
luvata
lyhentyä
lyhentää
lyhetä
lyhytläntää
lyijytä
lykkiä
lykkäytyä
lykkääntyä
lykästää
lykätä
lymyillä
lymytä
lypsää
lystätä
lysähtää
lytistää
lyyhistyä
lyyhistää
lyyhähtää
lyykistyä
lyykistää
lyykähtää
lyödä
lyöttyä
lyöttäytyä
lyöttää
lyötää
lyöwä
lyöä
lähdettää
lähennellä
lähentaä
lähentyä
lähentää
lähestywää
lähestyä
lähetellä
lähettää
lähetä
lähteä
lähtä
lähtäänpä
läikehtiä
läikkyä
läikyttää
läikähdellä
läikähtää
läikäyttää
läimähtää
läimähyttää
läimäytellä
läimäyttää
läiskiä
läiskytellä
läiskyttää
läiskyä
läiskähtää
läiskäytellä
läiskäyttää
läjähtää
läjätä
läjäyttää
läklättää
läksyttää
läkähtyä
lämmetä
lämmitellä
lämmittää
lämmityttää
lämmitä
lämähyttää
läntätä
läpikäydä
läppä
läpsähdellä
läpäistä
läpättää
läsiä
läsähtää
lätkähtää
lätkäyttää
lättä
lävistää
lävähtää
läähättää
lääkitä
läätää
låta
löllyä
lönkytellä
löpistä
lörpötellä
lörpöttää
lötkötellä
lötköttää
löyhentää
löyhkätä
löyhtyä
löyhytellä
löyhyttää
löyhähtää
löylyttää
löylytyttää
löysinkipä
löysätä
löytynynnä
löytyä
löytää
ma
maa
maalailla
maanitella
maata
maattaa
maatua
madaltaa
madella
mahdollistaa
mahduttaa
mahtaa
mahtailla
mahtua
mainita
mairitella
maiskahtaa
maiskauttaa
maiskutella
maiskuttaa
maistaa
maistella
maistua
maittaa
majailla
majoittaa
majoittua
makailla
makea
makeeta
maksaa
maksattaa
makustella
makuuttaa
maleksia
mallata
malttaa
manailla
manata
mankua
mantteeta
manuuttaa
marista
marmattaa
marssia
marssittaa
masentaa
masentua
mataa
mataloittaa
mataloitua
matka
matkaansaattaa
matkailla
matkata
matkia
matkustaa
matkustaja
matkustella
maukua
mehustaa
meildä
meinata
meistää
mekastaa
melkeenpä
mellakoida
mellastaa
meloa
meloskella
melskata
meluta
menehtyä
meneppä
menestyä
menetellä
menettää
mennä
menostaa
menota
merkata
merkittää
merkitä
messuta
mestata
mestauttaa
metelöidä
metsästellä
metsästää
meuraa
miehistyä
miehistää
miehittää
miekka
miekkailla
mielistellä
mielistyä
mielitellä
mieliä
miellyttää
mieltyä
mieltää
mietintä
mietiskellä
mietityttää
miettiä
mitata
mitellä
mittailla
moitiskella
moittaa
moittia
mojahtaa
mojauttaa
mojottaa
mollottaa
molottaa
molskahdella
molskahtaa
mongertaa
moninkertaistua
monipuolistua
monistaa
monistua
morjestaa
morkata
motkottaa
moukaroida
moukua
mouruta
muhia
muhoilla
muikistaa
muikistella
muistaa
muistella
muistua
muistutella
muistuttaa
mujottaa
mukaantua
mukailla
mukauttaa
mukautua
mukista
mukota
muksahtaa
muksauttaa
mulahtaa
mulauttaa
muljahtaa
muljautella
muljauttaa
muljottaa
mulkoilla
mullata
mullistaa
mullistua
mumista
munata
munia
muodostaa
muodostella
muodostua
muodota
muokata
muovailla
muovata
murahdella
murahtaa
murehista
murehtia
murentaa
mureta
murha
murhata
murhauttaa
murista
murjoa
murjottaa
murkinoida
murskaantua
murskata
murskautua
murtaa
murtautua
murtua
murustaa
musertaa
musertua
mustata
mustentaa
musteta
mustua
muta
mutista
mutkistaa
mutkistua
mutkitella
mutristella
mutruilla
mutustella
muunnella
muuntaa
muuntua
muurata
muurauttakaa
muutattaa
muutella
muuttaa
muuttua
myhähdellä
myhähtää
myhäillä
mykistyä
mykistää
myllertää
myllätä
mylviä
mylvähtää
mynttää
myrkyttää
myrskytä
myrtyä
myttää
myydä
myödenantaa
myödä
myödätä
myöhästyttää
myöhästyä
myönnellä
myönnytellä
myönnyttää
myöntyä
myöntää
myöstää
myötenanna
myötävaikuttaa
mädättää
mädätä
mäikyä
mäiskähtää
mäiskäyttää
mäjähtää
mällähtää
mällätä
märehtiä
mässäillä
mässätä
mätkiä
mätkäyttää
mättää
määkiä
määkyä
määritellä
määräillä
määrätä
määrääjä
mökeltää
mököttää
mölistä
möllöttää
mölähtää
mönkiä
möristä
mörähtää
möykätä
möyriä
möyrytä
naamioida
nahistua
nahjustella
nahka
naida
naittaa
nakata
nakella
nakerrella
nakertaa
naksaa
naksahdella
naksahtaa
naksutella
naksuttaa
nakutella
nakuttaa
naljailla
nalkuttaa
napata
napauttaa
napista
napittaa
napostella
nappailla
napsaa
napsahdella
napsahtaa
napsauttaa
napsia
napsua
napsutella
napsuttaa
naputella
naputtaa
narahdella
narahtaa
narista
narrailla
narrata
narskahdella
narskahtaa
narskua
nastata
natista
natustaa
nauha
naukaista
naukata
naukua
naulata
naulita
nauraa
naurahdella
naurahtaa
naurattaa
naureskella
nauttia
nelistää
neulata
neuloa
neutraalistaa
neuvoa
neuvotella
nielaista
nieleksiä
nieleskellä
niellä
nietostaa
niiata
niisiä
niiskauttaa
niiskuttaa
niistää
niitata
niittää
nikkaroida
nikotella
nikottaa
nilkuttaa
nimetä
nimitellä
nimittää
nipistellä
nipistää
niska
niskoitella
niskuroida
nitistää
nitoa
niuhottaa
niuketa
niveltyä
noeta
noikkaa
noita
noitua
nojailla
nojata
nokittaa
nokka
nokkia
nolata
nollottakaa
nolostua
nolottaa
noputtaa
norahtaa
norua
nostaa
nostattaa
nostella
notkahdella
notkahtaa
notkauttaa
notketa
notkistaa
notkistua
notkua
noudatella
noudattaa
noukkia
nousta
noutaa
nuhdella
nuhjata
nuhjottaa
nuhrata
nuija
nuijia
nuijottaa
nujertaa
nujuuttaa
nukahdella
nukahtaa
nukata
nukittaa
nukkua
nukkuwaa
nukuttaa
nuljahdella
nunna
nuohota
nuokahdella
nuokahtaa
nuokkua
nuolaista
nuoleksia
nuoleskella
nuolla
nuorentaa
nuorentua
nuorittaa
nuorna
nuorra
nuortua
nuotata
nuotta
nupista
nurista
nurja
nurkata
nurkua
nutistaa
nuuhkaista
nuuskata
nuuskia
nuutua
nyhertää
nyhjäistä
nyhjätä
nyhtäistä
nyhtää
nykistää
nykiä
nykyttää
nykäistä
nylkeä
nypelöidä
nyplätä
nyppiä
nypätä
nyrpistellä
nyrpistyä
nyrpistää
nysä
nytkiä
nytkyä
nytkähdellä
nytkähtää
nytkäyttää
nyyhkiä
nyyhkyttää
nyykkää
nyykyttää
nyykähtää
nyykähyttää
nyykäyttää
nyökkiä
nyökkäillä
nyökytellä
nyökyttää
nyökähdellä
nyökähtää
nyökähyttää
nyökätä
nyökäyttää
nä
näannyttää
näetsä
nähdä
nähnynnä
näivettyä
näkyä
näpelöidä
näpistellä
näpistää
näppäillä
näpräillä
näpsäyttää
näpähyttää
näpätä
näpäyttää
närkästyttää
närkästyä
nävertää
näykkiä
näykätä
näytellä
näytelmätä
näyttelehtää
näyttäytyä
näyttäytä
näyttää
näytäppä
nääköttää
näännyttää
nääntyä
nököttää
nössöttää
nöyristää
nöyrtyä
nöyryyttää
odotella
odottaa
odotuttaa
oheta
ohikulkea
ohimennä
ohjailla
ohjaltaa
ohjata
ohjatonna
ohjeistaa
oiaiskaa
oieta
oikaista
oikeuttaa
oikoa
oikoilla
oikutella
oisipa
oisitpa
oiva
oivaltaa
oja
ojennella
ojentaa
ojentautua
ojentua
ojittaa
oksentaa
oksettaa
oksia
oleilla
oleksia
olempa
oleskella
olettaa
olewa
olewaa
oliwatpa
olka
olla
ollappa
ollunna
oltta
olvesta
oma
omaksua
omata
omia
omistaa
omistautua
ommella
ompa
onkia
onkivapa
onkosta
onnahdella
onnahtaa
onnela
onnellisna
onnellistuttaa
onnestaa
onnistaa
onnistua
onnitella
onteloida
ontua
oota
ootta
oottaa
opastaa
opetella
opettaa
opiskella
oppia
orastaa
orava
organisoida
orja
orjuuttaa
orpana
osata
ositella
osoitella
osoittaa
osoittautua
osota
osottaa
osottakaa
ossaa
ostaa
ostaja
ostattaa
ostella
osua
otaksua
otamma
otanta
otappa
otattaa
otella
otettaa
otkaa
otsa
otta
ottaa
ottajata
ottiatuota
oudoksua
oudoksuttaa
oudostella
oudostuttaa
ouruaa
pa
paa
paaduttaa
paahtaa
paahtua
paaluttaa
paasata
paastota
paatua
paeta
paha
pahaksua
pahastua
pahastuttaa
paheksia
paheksua
pahendaa
pahentaa
pahentua
paheta
pahoitella
pahoittaa
pahottaa
paikata
paikkailla
paimentaa
painaa
painaltaa
painattaa
painautua
painella
painia
painiskella
painostaa
painua
paipattaa
paiskata
paiskautua
paiskella
paiskoa
paistaa
paistatella
paistattaa
paistua
paisua
paisuttaa
paita
pajattaa
pakahduttaa
pakahtua
pakastaa
pakata
pakinoida
pakista
pakkaantua
pakkautua
pakoilla
pakoita
pakoiteta
pakoittaa
pakoittipa
pakottaa
pakottautua
paksuta
palaa
palailla
palata
palausmatkaa
palauttaa
palella
palelluttaa
paleltaa
paleltua
paleluttaa
paljastaa
paljastua
paljoksua
palkata
palkita
palkka
palkkarehtaa
pallottaa
palmikoida
paloa
paloitella
palvelija
palvella
palvoa
pamahdella
pamahtaa
pamauttaa
pampattaa
pamppailla
pamputtaa
panetella
panettaa
paneutua
panna
pantata
papattaa
pappa
para
parahtaa
paranda
parannella
parantaa
parantua
parata
parempata
parittaa
parjata
parka
parkaista
parkita
parkua
parroittua
parsia
parta
parveilla
parveutua
passata
passauttaa
passittaa
pasteerailla
pata
pauhata
pauhoaa
paukahdella
paukahtaa
paukauttaa
paukkaa
paukkua
paukutella
paukuttaa
paula
pauloittaa
pehmentyä
pehmentää
pehmetä
pehmittää
pehmitä
peijaa
peilailla
peilata
peitellä
peitota
peittyä
peittää
pelailla
pelastaa
pelastaja
pelastautua
pelastua
pelata
pelehtiä
peljittää
peljästyttää
peljästyä
peljättää
peljätä
pellava
pelmahdella
pelmuta
peloita
peloittaa
pelotella
pelottaa
pelästyttää
pelästyä
pelättää
pelätä
penkoa
pensastaa
pensoa
penätä
perata
perehdyttää
perehtyä
periytyä
periä
personoitua
perua
perustaa
perustella
perustua
peruuttaa
perätä
peräyttää
peräytyä
peräänkuuluttaa
perääntyä
peseetyypä
pesettää
peseytyä
pesiä
pestata
pestautua
pestä
pesä
petkuttaa
pettyä
pettää
peuhata
peukaloida
pidellä
pidentää
pidetä
pidäppä
pidätellä
pidättyä
pidättäytyä
pidättää
piehtaroida
pieksää
pienentyä
pienentää
pienetä
pieniä
pierrä
piestä
pietä
pihahtaa
pihistä
pihiä
pihka
piika
piikitellä
piileksiä
piilekää
piillä
piiloita
piilotella
piilottaa
piilottautua
piiloutua
piiluta
piinata
piintyä
piipahtaa
piipata
piipattaa
piipertää
piipikoittaa
piipittää
piipottaa
piirittää
piirrellä
piirtyä
piirtää
piirustaa
piirustella
piisata
piiskata
piispa
piitata
pikiintyä
pilaantua
pilailla
pilata
pilkahdella
pilkahtaa
pilkata
pilkistellä
pilkistää
pilkka
pilkkiä
pilkkoa
pilkoittaa
pilkottaa
pilkotuita
pilkuttaa
pillahtaa
pillastua
pillittää
pilveillä
pimentyä
pimentää
pimetä
pimittää
pimputtaa
pingoittaa
pingottua
pinkaista
pinnata
pinnistellä
pinnistyä
pinnistää
pinota
pinttaa
pirahdella
pirahtaa
pirauttaa
piristä
pirskahtaa
pirskauttaa
pirskottaa
pirskua
pirstoa
pisara
pisaroida
pisiä
pispa
pispaa
pistellä
pistouvata
pistäykää
pistäyntyivätpä
pistäytyä
pistää
pitentää
pitkittyä
pitkittää
pitkästyä
pittää
pitää
piä
pohja
pohjata
pohjautua
pohjustaa
pohottaa
pohtaa
pohtia
poijallenpa
poika
poiketa
poikia
poikkeuttaa
poimia
poimiskella
poimituttaa
poimuilla
poistaa
poistua
pokata
pokkuroida
poksahtaa
poksauttaa
politikoida
polkaista
polkea
polkeutua
polskahtaa
polskia
polskuttaa
poltattaa
poltella
polttaa
polveilla
polveutua
polvistua
pommitella
pommittaa
pompahdella
pompata
pompottaa
ponnahduttaa
ponnahtaa
ponnistaa
ponnistautua
ponnistella
ponteva
popata
porata
porautua
poreilla
porhalluttaa
porhaltaa
porista
porottaa
porsia
porskutella
porskuttaa
posahtaa
posmittaa
potea
potka
potkahtaa
potkaista
potkia
potkiskella
poukahdella
poukahtaa
poukkoilla
poukuttaa
pouvaa
povata
praakaa
prameilla
profeeta
profeta
protestata
protesteerata
provosoida
prykää
pudistaa
pudistella
pudota
pudotella
pudottaa
pudottautua
pueskella
puettaa
puhahtaa
puhallella
puhaltaa
puhdistaa
puhdistautua
puhdistua
puhdistuttaa
puhella
puhista
puhjeta
puhkaa
puhkaista
puhkeilla
puhkia
puhkoa
puhkua
puhua
puhutella
puhuttaa
puida
puijata
puikahtaa
puikkelehtaa
puikkelehtia
puikkia
puistaa
puistattaa
pujahtaa
pujoa
pujotella
pujottaa
pujottautua
pukata
pukea
pukeutua
pukittaa
puksuttaa
pulahtaa
pulikoida
pulittaa
pullahtaa
pullauttaa
pullikoida
pullistaa
pullistella
pullistua
pullottaa
pulpahtaa
pulppuilla
pulputa
pulputtaa
pumpata
punaltaa
punastella
punastua
punastuttaa
punata
punehtua
punertaa
punertua
punnita
punoa
punoittaa
punoutua
puola
puolata
puollusta
puollustaa
puollustakaa
puoltaa
puoltaja
puolustaa
puolustaida
puolustautua
puolustella
puoskaroida
puputtaa
puraista
purattaa
pureksia
pureskella
pureutua
puristaa
puristautua
puristella
puristua
purjehtia
purkaa
purkaantua
purkautua
purppuroida
purra
purskahtaa
purskua
purskuttaa
pursua
pursuta
pusata
pusertaa
pusertautua
pusertua
puskea
puskeutua
pussata
puszta
putkahtaa
putoilla
putsata
puuduttaa
puuhailla
puuhata
puukottaa
puuskahtaa
puuskua
puuskuttaa
puuttua
puutua
puvustaa
pyhittää
pyhkeilisinpä
pyhä
pykätä
pyllyillä
pyllähtää
pyntätä
pyristellä
pyrkiä
pyrskiä
pyrskähtää
pyryttää
pyrytä
pyrähdellä
pyrähtää
pystypäisnä
pystyttää
pystyynsaattaa
pystyä
pysytellä
pysyttäytyä
pysyttää
pysyä
pysähdellä
pysähtyä
pysähtää
pysäyttää
pyydellä
pyydystellä
pyydystää
pyyhkiä
pyyhkäistä
pyyhäistä
pyyhältää
pyykätä
pyytää
pyöriskellä
pyöristyä
pyöristää
pyöritellä
pyörittää
pyöriä
pyörryttää
pyörtyillä
pyörtyä
pyörtää
pyörähdellä
pyörähtää
pyörähyttää
pyöräillä
pyöräyttää
päihdyttää
päihtyä
päilyä
päivitellä
päivätä
päiwittää
päiwä
pälkähtää
pälpättää
pälyillä
pännä
päntätä
päristä
päristää
pärisyttää
pärjätä
pärmänttää
pärrätä
pärskyttää
pärskyä
pärskähdellä
pärskähtää
pärskää
pärähtää
päteä
pää
päällystää
päältä
päärmätä
päästellä
päästä
päästäwä
päästää
päätellä
päättyä
päättää
päätyä
pöhöttyä
pöhöttää
pökertyä
pölistä
pöllyttää
pöllytä
pöllähtää
pölyttyä
pölytä
pölyyttää
pölähdellä
pölähtää
pöläyttää
pönkittää
pönkkä
pöpistä
pöpöttää
pörhistellä
pörhistyä
pörhistää
pöristä
pörristää
pörrätä
pörröttää
pörähtää
pötkiä
pötkähtää
pötköttää
pöydätä
pöyhistellä
pöyhistyä
pöyhistää
pöyhiä
pöyhkeillä
pöyristyttää
pöyristää
ra
raa
raadella
raahata
raahautua
raahustaa
raakkua
raakua
raapaista
raapata
raapia
raappia
raaputella
raaputtaa
raaskia
raastaa
raataa
raatsia
rahdata
rahista
raikaa
raikastaa
raikua
raiskata
raitistua
raivata
raivauttaa
raivostua
raivostuttaa
raivota
rajoittaa
rajoittua
rajottaa
rakastaa
rakastella
rakastua
rakennella
rakennuttaa
rakentaa
rakentua
raksahdella
raksuttaa
rallaa
rallallaa
rallatella
rallattaa
ramahtaa
rampa
rampsauttaa
rangaista
ranka
rantautua
ranttantaa
raotella
raottaa
raottua
rapinata
rapista
rapistella
rapistua
rapisuttaa
rappeutua
rapsahtaa
rapsauttaa
rapsia
rapsutella
rasahdella
rasahtaa
rasausta
rasittaa
rasittua
raskauttaa
raskia
rastia
rasvata
ratista
ratkaista
ratkeilla
ratketa
ratkiaa
ratkoa
ratsastaa
ratsastella
ratustella
raudoittaa
raueta
rauhatonna
rauhoa
rauhoitella
rauhoittaa
rauhoittua
rauhottaa
raukaista
raukka
rauta
ravata
ravistaa
ravistella
ravistelsinpa
ravistuttaa
ravita
reagoida
rehennellä
rehevä
rehjottaa
rehkiä
rehoittaa
rehottaa
reilata
reipastua
reipastuttaa
reissata
reistailla
reistata
reivata
remahtaa
rempata
rempsahtaa
remuta
renkuttaa
renttuilla
repata
repeytyä
repiä
repostella
repäistä
resuta
retkahdella
retkahtaa
retkeillä
retkottaa
retkua
retostaa
rettelöidä
retustaa
retuuttaa
reuhata
reuhottaa
reuhtoa
reunustaa
reutoa
revetä
revittää
revähtää
reväistä
riehahtaa
riehua
riekkua
riemastaa
riemastua
riemastuttaa
riemuita
rienata
rientää
riepottaa
rigida
riiailla
riiata
riidellä
riipaista
riipiä
riipoa
riippua
riiputtaa
riistäytyä
riistää
riisua
riisuuntua
riisuutua
riita
riitaantua
riittyä
riittää
riivata
rikastua
rikastuttaa
rikkoa
rikkoontua
rikkoutua
rikkua
rikostaa
rimpuilla
rinnastaa
rinta
ripauttaa
ripeksiä
ripittää
ripotella
ripottaa
ripsauttaa
ripsua
ripustaa
ripustautua
risahdella
risahtaa
risteillä
ristiinnaulita
ristiä
ritistä
riuduttaa
riuhtaista
riuhtoa
riutua
rohjeta
rohkaista
rohkaistua
rohkeeta
rohtua
roihahtaa
roihuta
roikka
roikkua
roikotella
roikua
roimia
roiskahdella
roiskahtaa
roiskauttaa
roiskia
roiskua
roiskuttaa
rojahtaa
rojottaa
rokottaa
romahtaa
romauttaa
romista
ronkkia
rookaa
ropista
ropsahtaa
ropsia
rosvoilla
rosvota
roteva
rotta
rouhentaa
rouhia
rouskutella
rouskuttaa
routia
rouva
ruhjoa
ruikata
ruikuttaa
ruiskahtaa
ruiskuta
ruiskuttaa
rukata
rukoilla
rullata
rumentaa
rumentua
rumeta
rumistaa
rummuttaa
runnella
runnoa
runoilla
runtata
ruohottua
ruokailla
ruokkia
ruopia
ruoskia
ruoskittaa
ruostua
ruostuttaa
ruottaa
rupatella
rupattaa
rusahdella
rusahtaa
rusauttaa
rusentaa
rusentua
rusikoida
ruskaa
ruskettua
ruskoittaa
ruskottaa
rusoittaa
rusottaa
rustailla
rustata
rutista
rutistaa
rutistua
ruumiillistua
ruustinna
ruuvata
ruveta
ruweta
ryhmittyä
ryhmittää
ryhtyä
ryiskellä
ryittää
rykiä
rykäistä
ryllää
rymistä
rymistää
rymytä
rymähtää
rynkyttää
rynkäsipä
rynkää
rynnistää
rynnähtää
rynnäköidä
rynnättää
rynnätä
ryntäillä
rypeä
rypistellä
rypistyä
rypistää
ryskiä
ryskyttää
ryskyä
ryskätä
ryskää
rysähtää
rysäyttää
rytistä
rytistää
rytkyttää
rytyyttää
ryvettää
ryvittää
ryyhöttää
ryykkyyrauta
ryypiskellä
ryypätä
ryöhätä
ryömiä
ryöpsähtää
ryöpytä
ryöstelkää
ryöstäytyä
ryöstää
ryövätä
rä
rähistä
rähjä
rähähtää
rähättää
räikyä
räikää
räiskiä
räiskytellä
räiskyttää
räiskyä
räiskähdellä
räiskähtää
räiskäyttää
räiskää
räjähdellä
räjähtää
räjäyttää
räkkää
räkyttää
räkättää
rällätä
rämistellä
rämistä
rämistää
rämisyttää
rämpiä
rämpyttää
rämpättää
rämähtää
rämäyttää
ränttää
räpistellä
räpsäyttää
räpytellä
räpyttää
räpättää
räpätä
räpäyttää
rässirauta
räsähdellä
räsähtää
räsöttää
rätistä
rätkiä
rätkähtää
rätkäyttää
rätsinää
rätäjää
rävähtää
räväyttää
räyhähtää
räyhätä
räyskä
räytyä
rääkkyä
rääkyä
rääkätä
rääppiä
räätälöidä
röhistä
röhkiä
röhähtää
röhöttää
rökittää
römistä
rötköttää
röyhtäyttää
röyhytä
röyhähtää
röykyttää
saada
saalistaa
saapaa
saapastella
saappa
saapua
saarna
saarnata
saartaa
saastata
saastatonna
saastua
saastuttaa
saatana
saatella
saattaa
saavuttaa
sadatella
sadella
saeta
sahata
sairastaa
sairastella
sairastua
saitta
saivarrella
sakeutua
sakoiteta
sakoittaa
sakottaa
saksata
saksia
salamoida
salata
salawihkaa
sallia
salpautua
salva
salvaa
salvata
salvoa
samentaa
samentua
sameta
sammaloitua
sammaltaa
sammaltua
sammota
sammua
sammuttaa
samoilla
samota
sana
sanastaa
sanella
sannoittaa
sanoa
sanoppa
sanosta
saota
sapettaa
sarastaa
sata
sataa
sattua
satuloida
satuttaa
sauhuta
saumata
sauva
sauvoa
saveta
savustaa
savuta
savuttaa
seestyä
seestää
segreta
seikkailla
seilailla
seilata
seinustaa
seisahduttaa
seisahtaa
seisahtua
seisatuta
seisauttaa
seisoa
seisoksia
seisoskella
seisottaa
seisowaa
seistä
seitsennä
seivästää
sekaantua
sekautua
sekava
sekoitella
sekoittaa
sekoittua
sekottaa
selailla
selitellä
selittää
selitä
seljetä
selkä
selostaa
selventyä
selventää
selvetä
selvitellä
selvittää
selvitä
selviytyä
selvätä
seoittaa
seota
sepitellä
sepittää
seppelöidä
setä
seuloa
seurailla
seurata
seurustella
sidottaa
siekailla
siemaista
siementää
siepata
sietä
sietäisippä
sietää
sievistellä
sievistää
sievä
sihahdella
sihahtaa
sihauttaa
sihdata
sihistä
sihtailla
siimestää
siinnellä
siinpä
siintää
siirottaa
siirrellä
siirrähtää
siirrättää
siirtyillä
siirtyä
siirtää
siistiytyä
siistiä
siittää
siitä
siivilöidä
siivilöityä
siivittyä
siivittää
siivota
sija
sijaita
sijata
sijoittaa
sijoittua
sijottaa
sikeltää
sikermä
silata
silitellä
silittää
silitä
silmäillä
silmäistä
silmätä
silpoa
silputa
sinertyä
sinertää
sinetöidä
singahdella
singahtaa
singahuttaa
singoittaa
singota
sinistyä
sinkautella
sinkauttaa
sinkoilla
sinkoutua
sinutella
sinä
sipaista
sipsutella
sipsuttaa
sirahdella
sirahtaa
siristellä
siristä
siristää
sirittää
sirkuttaa
siroittaa
sirotella
sirottaa
sisustaa
sisällyttää
sisältyä
sisältää
sitaista
siteerata
sitkahtaa
sitkistyä
sitoa
sitoutua
sitää
siunailla
siunata
siunautua
sivallella
sivaltaa
sivellä
sivistyä
sivistää
sivuta
sivuuttaa
soeta
sohia
soida
soieta
soimata
soimuaa
soinnahtaa
soinnutella
soinnuttaa
sointua
sointuaa
soipaa
soitella
soittaa
soiwa
sojottaa
sokaa
sokaista
sokaistua
sokea
sokeltaa
sokeutua
solahtaa
solakoitua
solauttaa
solista
soljahtaa
soljua
solkata
solmeaa
solmia
solmita
solua
soluttaa
soluttautua
solvaista
solvata
somentaa
someta
somistaa
somistua
sommitella
sonnustaa
sontia
soperrella
sopertaa
sopeutua
sopia
sopottaa
sorahtaa
sorista
soristaa
soristauta
sorjistua
sorkkia
sormeilla
sortaa
sortua
sota
sotia
sotkea
sotkeentua
sotkeutua
soudattaa
soudella
souketa
soutaa
soutaja
souvattaa
soveltua
sovitella
sovittaa
sovittua
ssata
styyrää
stämmää
sueta
suhahdella
suhahtaa
suhauttaa
suhdittaa
suhista
suhkaa
suhtautua
suihkata
suihkia
suihkuta
suihkuttaa
suikahtaa
suikata
suikerrella
suipeta
suistaa
suistua
suitsea
suitsia
suitsuta
suitsuttaa
sujahdella
sujahtaa
sujauttaa
sujua
sujuaa
sujutella
sujuttaa
suka
sukaista
sukellella
sukeltaa
sukeltautua
sukeutua
sukia
sukka
sula
sulaa
sulatella
sulattaa
sulautua
sulawaa
suljaa
sulkea
sulkeutua
sulkia
sulloa
sulostaa
sulostuttaa
sumentaa
sumentua
sumeta
summata
sumustaa
sumuta
suoda
suoja
suojastaa
suojata
suojella
suolata
suoltaa
suoltua
suomalaistaa
suomentaa
suomettaa
suomia
suopua
suoreta
suoria
suoristaa
suoristautua
suoristua
suoritella
suorittaa
suoriutua
suortua
suosia
suositella
suosittaa
suostua
suostutella
suostuttaa
suotaa
supatella
supattaa
supista
supistaa
supistua
surahdella
surahtaa
sureksia
surettaa
surista
surkastua
surkastuttaa
surkeilla
surkutella
surma
surmata
surmauttaa
surra
surrata
suruisna
survaa
survaista
survoa
sussiunaa
sutia
sutkauttaa
suudella
suudelma
suunnata
suunnistaa
suunnitella
suunnitelma
suunta
suuntautua
suuntia
suurennella
suurennuttaa
suurentaa
suurentua
suureta
suurustaa
suutahtaa
suutaroida
suuttua
suututtaa
suvaita
sydämistyä
sydämystyä
sydäntyä
syhyttää
sykertyä
sykkiselkää
sykkiä
sykkäillä
sykkää
sykyttää
sykähdellä
sykähdyttää
sykähtää
sykähyttää
syleillä
syljeskellä
sylkeä
sylkyttää
sylkäistä
synkentää
synketä
synkistyä
synkistää
synkkä
synnyttää
syntyä
syrjiä
syrjäyttää
syrjäytyä
sysiä
sysätä
syteä
sytkähtää
syttyä
syttää
sytyttää
syventyä
syventää
syvetä
syvä
syyhtää
syyhyttää
syyhytä
syynätä
syytellä
syyttää
syytää
syäntä
syödä
syöksyä
syöksähdellä
syöksähtää
syöntä
syöpyä
syöstä
syöstää
syötellä
syötetyitä
syöttää
syövyttää
sä
sädehtiä
säestää
sähistä
sähköistää
sähköttää
sähähtää
säihkyä
säihkyää
säikytellä
säikyttää
säikähdyttää
säikähtyä
säikähtää
säikähyttää
säikäyttää
säilyttää
säilyä
säkenöidä
sälyttää
sälyyttää
sälähtää
sännätä
säpsähdellä
säpsähdyttää
säpsähtää
säpsäyttää
säristä
särkeä
särkyä
särmätä
särpiä
särpää
särvinnä
särähtää
säteillä
sätkiä
sätkytellä
sätkähtää
sättiä
sättää
säuraa
säveltää
sävähtää
sää
säädellä
säälitellä
säälittää
sääliä
säännellä
säännöstellä
sääntää
säästellä
säästyä
säästää
säätyä
säätää
söpöttää
taajentua
taajeta
taakka
taannuttaa
taantua
taappaa
taata
tahdistaa
tahkota
tahmeta
tahraantua
tahrata
tahrautua
tahria
tahtoa
taidella
taika
taikoa
taimia
taintua
taipua
taistaa
taistella
taitaa
taitella
taittaa
taittua
taivaltaa
taivastella
taivutella
taivuttaa
tajunta
tajuta
takavarikoida
takerrella
takertua
takoa
taksoittaa
tallata
tallautua
tallentaa
tallettaa
talloa
tallustaa
tallustella
talttua
taltuttaa
talutella
taluttaa
talvehtia
talveutua
tanhuta
tankata
tanssata
tanssia
tanssittaa
taottaa
tapa
tapahtua
tapailla
tapattaa
tapella
tapittaa
tappaa
taputella
taputtaa
tarantella
tarha
tarhata
tarinoida
tarita
tarjeta
tarjoilla
tarjota
tarjoutua
tarkastaa
tarkastella
tarkastuttaa
tarkata
tarkistaa
tarkistuttaa
tarkkailla
tarkoittaa
tarkoitusperä
tarkota
tarkotanpa
tarkottaa
tarpoa
tarrata
tarrautua
tarttua
tartuttaa
tarvita
tarwitaanpa
tasaantua
tasata
tasautua
tasoitella
tasoittaa
tasoittua
tasota
tasottaa
tassutella
tauota
tauottaa
tavailla
tavata
tavoitella
tavoittaa
tavota
tavottaa
teeskellä
teeskennellä
teettää
teetättää
tehdä
tehostaa
tehota
teikata
teilata
teititellä
tekaista
tekeytyä
telata
teljetä
telmiä
telmätä
telmää
teloa
teloittaa
temmaa
temmata
temmeltää
tempaista
tempautua
tempoa
tempoilla
temppuilla
tenhota
tenätä
tepastella
tepsiä
tepsuttaa
terhennellä
terhottaa
teroittaa
teroittua
terottaa
tervata
tervehtiä
tervehtyä
tervehtää
terveppä
tervetulettakaa
tervetultuaa
terästyä
terästää
terävä
testamentata
testamenteerata
teuhata
teuhauttaa
teurastaa
teurastettaa
teutaroida
tiedottaa
tiedustaa
tiedustella
tiedämmä
tienata
tietensä
tietkää
tietäjä
tietää
tieä
tihertää
tihetä
tihkua
tihkuta
tihutella
tihuuttaa
tiirailla
tiivistää
tiiä
tikahda
tikata
tikittää
tila
tilata
tilittää
tilkitä
tillittää
tiloittaa
tinata
tingata
tinkiä
tipahdella
tipahduttaa
tipahtaa
tipauttaa
tipottaa
tippa
tippua
tiputella
tiputtaa
tirahtaa
tiristää
tirkistellä
tirkistää
tirskaa
tirskahtaa
tirskua
tirskuttaa
tiukata
tiukentaa
tiuketa
tiukkua
tiuskahdella
tiuskahtaa
tiuskaista
tiuskia
tivata
todentaa
todeta
todistaa
todistella
toga
tohista
tohtia
tohtorinna
tohtoroida
toikkaroida
toilailla
toimeenpanna
toimia
toimitella
toimittaa
toimituttaa
tointua
toipua
toistaa
toistella
toistua
toitottaa
toittaa
toivoa
toivotella
toivotonna
toivottaa
toiwotonna
tojottaa
toka
tokaista
toljottaa
tolkuttaa
tollottaa
tomuta
tomuttaa
tomuttua
tonkia
topata
tora
torailla
torjua
torkahdella
torkahtaa
torkkua
torua
totella
toteuttaa
toteutua
tottua
totutella
totuttaa
touhuilla
touhuta
treenata
tuetkaa
tuhahtaa
tuherrella
tuhertaa
tuhista
tuhkata
tuhlailla
tuhlata
tuhota
tuhoutua
tuhrata
tuhria
tuhutella
tuhuttaa
tuija
tuijotella
tuijottaa
tuikahdella
tuikahtaa
tuikata
tuikentaa
tuikkia
tuikottaa
tuikuttaa
tuima
tuimentua
tuimeta
tuimistua
tuiskaa
tuiskahdella
tuiskahtaa
tuiskia
tuiskuta
tuiskuttaa
tuivertaa
tukahduttaa
tukahtua
tukahuttaa
tukahuttakaa
tukea
tukehduttaa
tukehtaa
tukehtua
tukehuta
tukehuttaa
tuketa
tukeuta
tukeuttaa
tukistaa
tukka
tukkeentua
tukkeutua
tukkia
tuleentua
tulehtua
tuleppa
tulevata
tulewa
tulewaa
tulistaa
tulistua
tulistuttaa
tulkita
tulla
tullata
tulostaa
tulpata
tulputa
tulva
tulvahtaa
tulvehtia
tulvia
tummentaa
tummentua
tummeta
tummua
tungeksia
tungeta
tungetella
tunkea
tunkeilla
tunkeuta
tunkeutua
tunnempa
tunnistaa
tunnustaa
tunnustautua
tunnustella
tuntea
tunteetonna
tunteilla
tuntija
tuntua
tuoda
tuohia
tuohtua
tuokkuraista
tuoksahdella
tuoksahtaa
tuoksua
tuoksuta
tuoksuttaa
tuomita
tuoppa
tuottaa
tupa
tupakoida
tupata
tuppautua
tuprahdella
tuprahtaa
tuprauttaa
tupruta
tuprutella
tupruttaa
tupsahtaa
turista
turistaa
turma
turmella
turmeltua
turpa
turruttaa
turtua
turvata
turvota
turvottua
tuska
tuskaantua
tuskailla
tuskastua
tuskastuttaa
tuskautua
tuskitella
tutia
tutista
tutkailla
tutkata
tutkia
tutkiskella
tutkistella
tutkittaa
tuttava
tutua
tutustaa
tutustua
tutustuttaa
tuuditella
tuudittaa
tuulahdella
tuulahtaa
tuuleentua
tuulettaa
tuuliaispää
tuulla
tuuma
tuumailla
tuumata
tuumia
tuumiskella
tuupata
tuupertua
tuuppia
tuuskahtaa
tuutia
tuutua
tydyttää
tyhjennellä
tyhjentyä
tyhjentää
tyhjetä
tyhjätä
tyhmentää
tyhmetä
tyhmistyä
tykyttää
tykähtää
tykätä
tylsentää
tylsistyttää
tylsistyä
tylstyä
tylsyttää
tylsyä
tympeyttää
tympistyttää
tympäistä
typertyä
typistyä
typistää
tyrehdyttää
tyrehtyä
tyrkkiä
tyrkyttää
tyrkätä
tyrmistyttää
tyrmistyä
tyrmätä
tyrskiä
tyrskähtää
tytistä
tyventyä
tyvetä
tyydyttää
tyylitellä
tyynnytellä
tyynnyttää
tyynnä
tyyntyä
tyytyä
työlästyttää
työlästyä
työnnellä
työntyä
työntäytyä
työntää
työskennellä
työstää
tähdentää
tähdätä
tähkiä
tähtäillä
tähyillä
tähystellä
tähystää
tähytä
täristä
täristää
tärisyttää
tärskyä
tärskähtää
tärvellä
tärvätä
tärvääntyä
tärähdellä
tärähtää
täräyttää
täydellisentää
täydellistyä
täydennellä
täydentyä
täydentää
täytellä
täyttyä
täyttää
täytyä
täytäntöönpanna
tää
töhriä
töksähdellä
töksähtää
tökätä
tököttää
töllistellä
töllistää
töllöttää
töllöää
tömistellä
tömistä
tömistää
tömähtää
töniä
tönäistä
töpähtää
töpöttää
töristä
törmätä
törmäyttää
törröttää
törähtää
töräyttää
töröttää
töydätä
töykkiä
töykätä
töyssähdellä
töyttää
udella
uhata
uhitella
uhkailla
uhkua
uhmata
uhota
uhrata
uhrautua
uida
uikahtaa
uikuttaa
uinahtaa
uinailla
uinua
uiskennella
uistaa
uitella
uittaa
ujeltaa
ujoilla
ujostella
ujostuttaa
ujua
ulahtaa
ulettua
ulista
ulottaa
ulottua
ultraa
ulvahdella
ulvahtaa
ulvoa
ummistaa
uneksia
uneksua
unelma
unelmoida
unettaa
unhoittaa
unhoittua
unhottaa
unhottua
unohtaa
unohteta
unohtua
unohuttaa
uottaa
upota
upottaa
uppoovata
uppoutua
urahtaa
urheilla
urista
urjeta
urkkia
uskaitaa
uskallappa
uskaltaa
uskoa
uskonna
uskotella
usutelkaa
usuttaa
uudistaa
uudistua
uunna
uupua
uurastaa
uurtaa
uusia
uusiutua
uuttaa
uuvahtaa
uuvuttaa
vaa
vaahdota
vaaita
vaakkua
vaaksa
vaalentaa
vaaleta
vaalia
vaania
vaappua
vaaputtaa
vaarinottaa
vaarnata
vaartaa
vaarua
vaata
vaatehtia
vaatettaa
vaatia
vaellella
vaeltaa
vahata
vahdata
vahdottaa
vahingoittaa
vahingoittua
vahtia
vahva
vahveta
vahvistaa
vahvistua
vaientaa
vaieta
vaihdella
vaiheta
vaihettaa
vaihtaa
vaihtelehtaa
vaihtua
vaijentaa
vaijeta
vaikea
vaikeeta
vaikeroida
vaikeroitkaa
vaikerrella
vaikertaa
vaikeuttaa
vaikuttaa
vaimentaa
vaimentua
vaimeta
vainaa
vainaja
vainota
vainuta
vaipua
vaiva
vaivaantua
vaivata
vaivuttaa
vajota
vajottaa
vajua
vakaannuttaa
vakaantua
vakauttaa
vakautua
vakava
vakiintua
vakoaa
vakoilla
vaktartaa
vakuutella
vakuuttaa
vala
valaa
valahtaa
valaista
valaistua
valehdella
valella
valhetella
valikoida
valistaa
valistua
valita
valitella
valittaa
valjastaa
valjastua
valjeta
valkaista
vallata
vallita
valloittaa
valmistaa
valmistautua
valmistella
valmistua
valmistumatonna
valokuvata
valostaa
valostua
valottaa
valpastua
valssata
valta
valtikkata
valtoaa
valtuuttaa
valua
valuttaa
valvoa
valvottaa
vangita
vangituttaa
vanha
vanhentaa
vanhentua
vanheta
vanhurskauttaa
vannehtia
vannoa
vannottaa
vannoutua
vanua
vanuttaa
vapahtaa
vapauttaa
vapautua
vapista
vapisuttaa
vara
varastaa
varastella
varastuttaa
varata
varista
varistaa
varistella
varjella
varjostaa
varjostua
varjota
varmentaa
varmistaa
varmistautua
varmistua
varoa
varoitella
varoittaa
varrota
varsoa
vartioida
vartoa
varttaa
varttua
varustaa
varustautua
varustella
vasaroida
vasikoida
vasta
vastaanottaa
vastailla
vastata
vastoa
vastustaa
vastustella
vatkaantua
vatkata
vatkuttaa
vaurastua
vavahdella
vavahduttaa
vavahtaa
vavahuttaa
vavista
vavistaa
vavisuttaa
vedellä
vedota
vedättää
vehkeillä
vehmastaa
veikeillä
veikistellä
veisata
veistellä
veistää
veivata
velka
velkaantua
velkautua
velkoa
velloa
veltostaa
veltostua
veltostuttaa
velvoittaa
velvottaa
vengertaa
venkoilla
venytellä
venyttäytyä
venyttää
venyä
venähtää
verestää
verevä
verhoilla
verhota
verhoutua
veristyä
veristää
verottaa
verrata
verryttää
versoa
verstaa
vertailla
vertyä
vesoa
vestää
vetelehtiä
vetistellä
vetistyä
veträhtää
vettyä
vetäistä
vetäytyä
vetää
vetääntyä
viatonna
viedä
viehtyä
viehtää
viehättyä
viehättää
viekastella
viekoitella
viekoittaa
viepauttaa
viepää
vieraannuttaa
vieraantua
vierailla
vierastaa
vierautua
vierittäytyä
vierittää
vieriä
vieriää
vieroa
vieroittaa
viertää
vierähtää
viestiä
vietellä
viettää
viha
vihannoida
vihastua
vihastuttaa
vihata
vihavoittaa
vihellellä
viheltää
viheriää
viheriöidä
viheriöittää
vihertyä
vihertää
vihittää
vihityttää
vihjailla
vihjata
vihkaista
vihkiytyä
vihkiä
vihlaista
vihloa
vihmoa
vihoitella
vihoittaa
vihottaa
vihtoa
viihdyttää
viihtyä
viilata
viileskellä
viiletellä
viilettää
viiletä
viileyttää
viillellä
viillyttää
viillytystä
viillä
viiltää
viimeistellä
viina
viipottaa
viipyillä
viipyä
viisastella
viisastua
viistää
viitata
viitoittaa
viitsiä
viitta
viittailla
viittilöidä
viittoa
viittoilla
viivytellä
viivyttää
viivähtää
viivästyä
vika
vikaantua
vikistä
vikkelä
vikuroida
vilahdella
vilahduttaa
vilahtaa
vilauttaa
vilistä
vilistää
viljava
viljavoittaa
viljellä
viljeltyä
vilkahdella
vilkahtaa
vilkaista
vilkasipa
vilkastua
vilkastuttaa
vilkauttaa
vilkkua
vilkuilla
vilkutella
vilkuttaa
villiintyä
villittää
villitä
villivarsa
villiytyä
vilpastuttaa
vilpistellä
vilustaa
vilustua
vilustuttaa
viluttaa
vilvoitella
vilvoittaa
vimmastua
vimmastuttaa
vimmata
vingahdella
vingahtaa
vingunta
vinguttaa
vinhakkaa
vinka
vinkaista
vinkata
vinkua
vinkuaa
vintata
vioittaa
vipajaa
vipata
vipeltää
vipistä
viratonna
vireyttää
viritellä
virittää
viritä
virka
virkahtaa
virkailla
virkata
virkistyttää
virkistyä
virkistäytyä
virkistää
virkkaa
virnistellä
virnistää
virnottaa
virota
virpoa
virrata
virtailla
virtoaa
virua
viruttaa
virvoitella
virvoittaa
viserrellä
visertää
viskata
viskautua
viskellä
viskoa
vislata
vispilöidä
vissempää
vitkailla
vitkastella
vitsoa
viuhahtaa
viuhauttaa
viuhka
viuhkoa
viuhkoittaa
viuhottaa
viuhtoa
viuhua
vivahtaa
vivuta
vjelä
voida
voidella
voihkia
voimaansaattaa
voimistaa
voimistella
voimistua
voimistuttaa
voipua
voitaa
voittaa
voivotella
voivottaa
vollottaa
vongata
vonkua
vouraa
vuodattaa
vuokrata
vuoleskella
vuolla
vuorittaa
vuorotella
vuota
vuotaa
vuoteuttaa
vuottaa
vyyhtiä
vyöryttää
vyöryä
vyöryää
vyörähtää
vyöttää
vähendää
vähentyä
vähentää
vähetä
vähä
vähäksyä
vähätellä
väijyä
väikehtiä
väikkyä
väistellä
väistyä
väistää
väitellä
väittää
väkevä
välittännä
välittää
väljentää
väljetä
välkehtiä
välkkyä
välkyttää
välkähdellä
välkähtää
vältellä
välttyä
välttää
välähdellä
välähtää
värehtiä
väreillä
väristyttää
väristä
väristää
värisyttää
värittää
värjyä
värjättää
värjätä
värjötellä
värjöttää
värvätä
värähdellä
värähdyttää
värähtää
väräjävä
väräjää
väräyttää
väsyttää
väsyä
väsähtää
vävähtää
vääjätä
väännellä
vääntelehtiä
vääntyä
vääntäytyä
vääntää
väärentää
väärinkäsittää
väärinkäyttää
vääristellä
vääristyä
vääristää
wahingoittaa
waihtakaa
waikuttaa
waiwaa
wakuuttaa
walloittaa
warokaa
warustaa
wastaa
wastustaa
welwoittaa
wetää
wiedä
wielä
wieläpä
wiettää
wiinaa
wiittausta
wirka
woida
woita
woittaa
wuonna
wuotaa
wärisewää
wäsytä
yhdistyä
yhdistää
yhdyttää
yhtyä
yhtämittaa
yhyttää
yksilöityä
yksinkertaistua
yksityistää
ylenannattaa
ylenantaa
ylenkatsoa
ylensyödä
ylentyä
ylentää
ylettyä
ylettää
yletä
ylevä
ylevöittää
ylinnä
ylistellä
ylistää
ylitsevoittaa
ylittää
yllyttännä
yllyttää
ylläpitää
yllättyä
yllättää
ylpeillä
ylpistää
yltyä
yltää
ylvästellä
ylöspitää
ylösrakentaa
ymmärtä
ymmärtää
ympäröidä
ympätä
ynistä
ynähtää
yritellä
yrittää
yrjötä
yskiskellä
yskittää
yskiä
yskä
yskähdellä
yskähtää
yskäistä
yökättää
yököttää
yöpyä
äestää
ähistä
ähkiä
ähkyä
ähkäistä
ähkää
äimistyä
äityä
äkseerata
äkäillä
äkämystyä
äkätä
äkäyttää
äkääntyä
äköittää
ällistellä
ällistyttää
ällistyä
ällistää
älytä
älähtää
äläpä
änkyttää
änkätä
ärhennellä
äristä
ärjyä
ärjähtää
ärjäistä
ärmittää
ärsyttää
ärtyä
ärähtää
äyskiä
ää
äänestää
äänetönnä
äännellä
äännähtää
ääntyä
ääntää
ölhöttää
öristä
örähtää
